#
# There is insufficient memory for the Java Runtime Environment to continue.
# Native memory allocation (malloc) failed to allocate 1596496 bytes. Error detail: Chunk::new
# Possible reasons:
#   The system is out of physical RAM or swap space
#   This process is running with CompressedOops enabled, and the Java Heap may be blocking the growth of the native heap
# Possible solutions:
#   Reduce memory load on the system
#   Increase physical memory or swap space
#   Check if swap backing store is full
#   Decrease Java heap size (-Xmx/-Xms)
#   Decrease number of Java threads
#   Decrease Java thread stack sizes (-Xss)
#   Set larger code cache with -XX:ReservedCodeCacheSize=
#   JVM is running with Unscaled Compressed Oops mode in which the Java heap is
#     placed in the first 4GB address space. The Java Heap base address is the
#     maximum limit for the native heap growth. Please use -XX:HeapBaseMinAddress
#     to set the Java Heap base and to place the Java Heap above 4GB virtual address.
# This output file may be truncated or incomplete.
#
#  Out of Memory Error (arena.cpp:168), pid=29868, tid=7136
#
# JRE version: OpenJDK Runtime Environment Temurin-21.0.10+7 (21.0.10+7) (build 21.0.10+7-LTS)
# Java VM: OpenJDK 64-Bit Server VM Temurin-21.0.10+7 (21.0.10+7-LTS, mixed mode, sharing, tiered, compressed oops, compressed class ptrs, parallel gc, windows-amd64)
# No core dump will be written. Minidumps are not enabled by default on client versions of Windows
#

---------------  S U M M A R Y ------------

Command Line: --add-modules=ALL-SYSTEM --add-opens=java.base/java.util=ALL-UNNAMED --add-opens=java.base/java.lang=ALL-UNNAMED --add-opens=java.base/sun.nio.fs=ALL-UNNAMED -Declipse.application=org.eclipse.jdt.ls.core.id1 -Dosgi.bundles.defaultStartLevel=4 -Declipse.product=org.eclipse.jdt.ls.core.product -Djava.import.generatesMetadataFilesAtProjectRoot=false -DDetectVMInstallationsJob.disabled=true -Dfile.encoding=utf8 -XX:+UseParallelGC -XX:GCTimeRatio=4 -XX:AdaptiveSizePolicyWeight=90 -Dsun.zip.disableMemoryMapping=true -Xmx2G -Xms100m -Xlog:disable -javaagent:c:\Users\Admin\.antigravity\extensions\redhat.java-1.54.0-win32-x64\lombok\lombok-1.18.39-4050.jar c:\Users\Admin\.antigravity\extensions\redhat.java-1.54.0-win32-x64\server\plugins\org.eclipse.equinox.launcher_1.7.100.v20251111-0406.jar -configuration c:\Users\Admin\AppData\Roaming\Antigravity\User\globalStorage\redhat.java\1.54.0\config_ss_win -data c:\Users\Admin\AppData\Roaming\Antigravity\User\workspaceStorage\458aae83574d7037a556d7725c321ec6\redhat.java\ss_ws --pipe=\\.\pipe\lsp-3222d9f7099ce351e4048d1f85c873ab-sock

Host: AMD Ryzen 5 5600H with Radeon Graphics         , 12 cores, 15G,  Windows 11 , 64 bit Build 22621 (10.0.22621.5415)
Time: Tue May 26 13:51:09 2026 SE Asia Standard Time elapsed time: 7.553663 seconds (0d 0h 0m 7s)

---------------  T H R E A D  ---------------

Current thread (0x000001da10e65ce0):  JavaThread "C2 CompilerThread2" daemon [_thread_in_native, id=7136, stack(0x0000005a38500000,0x0000005a38600000) (1024K)]


Current CompileTask:
C2:7553 6455       4       org.eclipse.jdt.internal.compiler.parser.Parser::consumeRule (7843 bytes)

Stack: [0x0000005a38500000,0x0000005a38600000]
Native frames: (J=compiled Java code, j=interpreted, Vv=VM code, C=native code)
V  [jvm.dll+0x6d7a39]
V  [jvm.dll+0x8b4b26]
V  [jvm.dll+0x8b70de]
V  [jvm.dll+0x8b77c3]
V  [jvm.dll+0x284346]
V  [jvm.dll+0xc66ed]
V  [jvm.dll+0xc6c31]
V  [jvm.dll+0x3bec01]
V  [jvm.dll+0x38b162]
V  [jvm.dll+0x38a5aa]
V  [jvm.dll+0x24c560]
V  [jvm.dll+0x24bb40]
V  [jvm.dll+0x1cb34e]
V  [jvm.dll+0x25b85d]
V  [jvm.dll+0x259dea]
V  [jvm.dll+0x3f857e]
V  [jvm.dll+0x85f59d]
V  [jvm.dll+0x6d626d]
C  [ucrtbase.dll+0x29333]
C  [KERNEL32.DLL+0x1259d]
C  [ntdll.dll+0x5af78]


---------------  P R O C E S S  ---------------

Threads class SMR info:
_java_thread_list=0x000001da124cfbf0, length=42, elements={
0x000001d9afbecf60, 0x000001d9afc923c0, 0x000001d9c85ae150, 0x000001d9afc95490,
0x000001d9afc96890, 0x000001da0aaf2720, 0x000001d9afc9ec40, 0x000001d9afca4160,
0x000001d9afca4de0, 0x000001da0ace4240, 0x000001da0ad5c0c0, 0x000001da103853f0,
0x000001da10555890, 0x000001da10556720, 0x000001da10703fc0, 0x000001da106f0a70,
0x000001da106f03c0, 0x000001da10b818c0, 0x000001da10eba860, 0x000001da10ebb580,
0x000001da10eba1d0, 0x000001da10ebaef0, 0x000001da10ebc2a0, 0x000001da10ebbc10,
0x000001da10ebc930, 0x000001da10eb94b0, 0x000001da10eb9b40, 0x000001da1210cdb0,
0x000001da1210fba0, 0x000001da1210d440, 0x000001da1210c720, 0x000001da1210f510,
0x000001da1210dad0, 0x000001da1210e7f0, 0x000001da1210e160, 0x000001da1210ee80,
0x000001da1150ffd0, 0x000001da12124d90, 0x000001da121295c0, 0x000001da1212b690,
0x000001da12125ab0, 0x000001da10e65ce0
}

Java Threads: ( => current thread )
  0x000001d9afbecf60 JavaThread "main"                              [_thread_blocked, id=25732, stack(0x0000005a35000000,0x0000005a35100000) (1024K)]
  0x000001d9afc923c0 JavaThread "Reference Handler"          daemon [_thread_blocked, id=15544, stack(0x0000005a35400000,0x0000005a35500000) (1024K)]
  0x000001d9c85ae150 JavaThread "Finalizer"                  daemon [_thread_blocked, id=29688, stack(0x0000005a35500000,0x0000005a35600000) (1024K)]
  0x000001d9afc95490 JavaThread "Signal Dispatcher"          daemon [_thread_blocked, id=15484, stack(0x0000005a35600000,0x0000005a35700000) (1024K)]
  0x000001d9afc96890 JavaThread "Attach Listener"            daemon [_thread_blocked, id=29176, stack(0x0000005a35700000,0x0000005a35800000) (1024K)]
  0x000001da0aaf2720 JavaThread "Service Thread"             daemon [_thread_blocked, id=30628, stack(0x0000005a35800000,0x0000005a35900000) (1024K)]
  0x000001d9afc9ec40 JavaThread "Monitor Deflation Thread"   daemon [_thread_blocked, id=28820, stack(0x0000005a35900000,0x0000005a35a00000) (1024K)]
  0x000001d9afca4160 JavaThread "C2 CompilerThread0"         daemon [_thread_blocked, id=29208, stack(0x0000005a35a00000,0x0000005a35b00000) (1024K)]
  0x000001d9afca4de0 JavaThread "C1 CompilerThread0"         daemon [_thread_blocked, id=15764, stack(0x0000005a35b00000,0x0000005a35c00000) (1024K)]
  0x000001da0ace4240 JavaThread "Common-Cleaner"             daemon [_thread_blocked, id=3032, stack(0x0000005a35c00000,0x0000005a35d00000) (1024K)]
  0x000001da0ad5c0c0 JavaThread "Notification Thread"        daemon [_thread_blocked, id=21564, stack(0x0000005a35e00000,0x0000005a35f00000) (1024K)]
  0x000001da103853f0 JavaThread "Active Thread: Equinox Container: 91b0f847-4826-4192-a9bf-dfa2c6bcbbfd"        [_thread_blocked, id=18392, stack(0x0000005a36600000,0x0000005a36700000) (1024K)]
  0x000001da10555890 JavaThread "Framework Event Dispatcher: Equinox Container: 91b0f847-4826-4192-a9bf-dfa2c6bcbbfd" daemon [_thread_blocked, id=16636, stack(0x0000005a36700000,0x0000005a36800000) (1024K)]
  0x000001da10556720 JavaThread "Start Level: Equinox Container: 91b0f847-4826-4192-a9bf-dfa2c6bcbbfd" daemon [_thread_blocked, id=28204, stack(0x0000005a36800000,0x0000005a36900000) (1024K)]
  0x000001da10703fc0 JavaThread "SCR Component Actor"        daemon [_thread_blocked, id=28388, stack(0x0000005a35d00000,0x0000005a35e00000) (1024K)]
  0x000001da106f0a70 JavaThread "Worker-JM"                         [_thread_blocked, id=29992, stack(0x0000005a36a00000,0x0000005a36b00000) (1024K)]
  0x000001da106f03c0 JavaThread "JNA Cleaner"                daemon [_thread_blocked, id=4688, stack(0x0000005a35f00000,0x0000005a36000000) (1024K)]
  0x000001da10b818c0 JavaThread "Worker-0"                          [_thread_blocked, id=28064, stack(0x0000005a36d00000,0x0000005a36e00000) (1024K)]
  0x000001da10eba860 JavaThread "Worker-1"                          [_thread_blocked, id=29980, stack(0x0000005a36e00000,0x0000005a36f00000) (1024K)]
  0x000001da10ebb580 JavaThread "Thread-1"                   daemon [_thread_in_native, id=28124, stack(0x0000005a37000000,0x0000005a37100000) (1024K)]
  0x000001da10eba1d0 JavaThread "Thread-2"                   daemon [_thread_in_native, id=20524, stack(0x0000005a37200000,0x0000005a37300000) (1024K)]
  0x000001da10ebaef0 JavaThread "Thread-3"                   daemon [_thread_in_native, id=24860, stack(0x0000005a37300000,0x0000005a37400000) (1024K)]
  0x000001da10ebc2a0 JavaThread "Thread-4"                   daemon [_thread_in_native, id=30148, stack(0x0000005a37400000,0x0000005a37500000) (1024K)]
  0x000001da10ebbc10 JavaThread "Thread-5"                   daemon [_thread_in_native, id=30104, stack(0x0000005a37500000,0x0000005a37600000) (1024K)]
  0x000001da10ebc930 JavaThread "Thread-6"                   daemon [_thread_in_native, id=24332, stack(0x0000005a37600000,0x0000005a37700000) (1024K)]
  0x000001da10eb94b0 JavaThread "Thread-7"                   daemon [_thread_in_native, id=28120, stack(0x0000005a37700000,0x0000005a37800000) (1024K)]
  0x000001da10eb9b40 JavaThread "Thread-8"                   daemon [_thread_in_native, id=30536, stack(0x0000005a37800000,0x0000005a37900000) (1024K)]
  0x000001da1210cdb0 JavaThread "Thread-9"                   daemon [_thread_in_native, id=24488, stack(0x0000005a37900000,0x0000005a37a00000) (1024K)]
  0x000001da1210fba0 JavaThread "Thread-10"                  daemon [_thread_in_native, id=27964, stack(0x0000005a37a00000,0x0000005a37b00000) (1024K)]
  0x000001da1210d440 JavaThread "Thread-11"                  daemon [_thread_in_native, id=23548, stack(0x0000005a37b00000,0x0000005a37c00000) (1024K)]
  0x000001da1210c720 JavaThread "Thread-12"                  daemon [_thread_in_native, id=28984, stack(0x0000005a37c00000,0x0000005a37d00000) (1024K)]
  0x000001da1210f510 JavaThread "Thread-13"                  daemon [_thread_in_native, id=2668, stack(0x0000005a37d00000,0x0000005a37e00000) (1024K)]
  0x000001da1210dad0 JavaThread "pool-2-thread-1"                   [_thread_blocked, id=9592, stack(0x0000005a37e00000,0x0000005a37f00000) (1024K)]
  0x000001da1210e7f0 JavaThread "Worker-2"                          [_thread_blocked, id=28244, stack(0x0000005a37f00000,0x0000005a38000000) (1024K)]
  0x000001da1210e160 JavaThread "WorkspaceEventsHandler"            [_thread_blocked, id=8064, stack(0x0000005a38000000,0x0000005a38100000) (1024K)]
  0x000001da1210ee80 JavaThread "pool-1-thread-1"                   [_thread_blocked, id=28268, stack(0x0000005a38100000,0x0000005a38200000) (1024K)]
  0x000001da1150ffd0 JavaThread "C2 CompilerThread1"         daemon [_thread_in_native, id=24536, stack(0x0000005a36f00000,0x0000005a37000000) (1024K)]
  0x000001da12124d90 JavaThread "ForkJoinPool.commonPool-worker-1" daemon [_thread_blocked, id=22568, stack(0x0000005a37100000,0x0000005a37200000) (1024K)]
  0x000001da121295c0 JavaThread "ForkJoinPool.commonPool-worker-2" daemon [_thread_in_Java, id=29140, stack(0x0000005a38200000,0x0000005a38300000) (1024K)]
  0x000001da1212b690 JavaThread "ForkJoinPool.commonPool-worker-3" daemon [_thread_blocked, id=26196, stack(0x0000005a38300000,0x0000005a38400000) (1024K)]
  0x000001da12125ab0 JavaThread "ForkJoinPool.commonPool-worker-4" daemon [_thread_blocked, id=29660, stack(0x0000005a38400000,0x0000005a38500000) (1024K)]
=>0x000001da10e65ce0 JavaThread "C2 CompilerThread2"         daemon [_thread_in_native, id=7136, stack(0x0000005a38500000,0x0000005a38600000) (1024K)]
Total: 42

Other Threads:
  0x000001d9c85970e0 VMThread "VM Thread"                           [id=15488, stack(0x0000005a35300000,0x0000005a35400000) (1024K)]
  0x000001d9c848ca00 WatcherThread "VM Periodic Task Thread"        [id=30532, stack(0x0000005a35200000,0x0000005a35300000) (1024K)]
  0x000001d9afc0e160 WorkerThread "GC Thread#0"                     [id=30512, stack(0x0000005a35100000,0x0000005a35200000) (1024K)]
  0x000001da107f19c0 WorkerThread "GC Thread#1"                     [id=28372, stack(0x0000005a36000000,0x0000005a36100000) (1024K)]
  0x000001da107f03a0 WorkerThread "GC Thread#2"                     [id=24228, stack(0x0000005a36100000,0x0000005a36200000) (1024K)]
  0x000001da107f0750 WorkerThread "GC Thread#3"                     [id=12976, stack(0x0000005a36200000,0x0000005a36300000) (1024K)]
  0x000001da107efff0 WorkerThread "GC Thread#4"                     [id=28100, stack(0x0000005a36300000,0x0000005a36400000) (1024K)]
  0x000001da107f1260 WorkerThread "GC Thread#5"                     [id=23372, stack(0x0000005a36400000,0x0000005a36500000) (1024K)]
  0x000001da107f1610 WorkerThread "GC Thread#6"                     [id=21036, stack(0x0000005a36500000,0x0000005a36600000) (1024K)]
  0x000001da107f0eb0 WorkerThread "GC Thread#7"                     [id=15412, stack(0x0000005a36900000,0x0000005a36a00000) (1024K)]
  0x000001da10ab8710 WorkerThread "GC Thread#8"                     [id=28472, stack(0x0000005a36b00000,0x0000005a36c00000) (1024K)]
  0x000001da10ab6d40 WorkerThread "GC Thread#9"                     [id=10852, stack(0x0000005a36c00000,0x0000005a36d00000) (1024K)]
Total: 12

Threads with active compile tasks:
C2 CompilerThread1  7577 6529       4       jdk.internal.org.objectweb.asm.Frame::getAbstractTypeFromDescriptor (415 bytes)
C2 CompilerThread2  7577 6455       4       org.eclipse.jdt.internal.compiler.parser.Parser::consumeRule (7843 bytes)
Total: 2

VM state: not at safepoint (normal execution)

VM Mutex/Monitor currently owned by a thread: None

Heap address: 0x0000000080000000, size: 2048 MB, Compressed Oops mode: 32-bit

CDS archive(s) mapped at: [0x000001d9c9000000-0x000001d9c9ba0000-0x000001d9c9ba0000), size 12189696, SharedBaseAddress: 0x000001d9c9000000, ArchiveRelocationMode: 1.
Compressed class space mapped at: 0x000001d9ca000000-0x000001da0a000000, reserved size: 1073741824
Narrow klass base: 0x000001d9c9000000, Narrow klass shift: 0, Narrow klass range: 0x100000000

GC Precious Log:
 CardTable entry size: 512
 CPUs: 12 total, 12 available
 Memory: 15720M
 Large Page Support: Disabled
 NUMA Support: Disabled
 Compressed Oops: Enabled (32-bit)
 Alignments: Space 512K, Generation 512K, Heap 2M
 Heap Min Capacity: 100M
 Heap Initial Capacity: 100M
 Heap Max Capacity: 2G
 Pre-touch: Disabled
 Parallel Workers: 10

Heap:
 PSYoungGen      total 20992K, used 17593K [0x00000000d5580000, 0x00000000d6d00000, 0x0000000100000000)
  eden space 20480K, 83% used [0x00000000d5580000,0x00000000d6636208,0x00000000d6980000)
  from space 512K, 93% used [0x00000000d6c80000,0x00000000d6cf8300,0x00000000d6d00000)
  to   space 1024K, 0% used [0x00000000d6b00000,0x00000000d6b00000,0x00000000d6c00000)
 ParOldGen       total 68608K, used 33216K [0x0000000080000000, 0x0000000084300000, 0x00000000d5580000)
  object space 68608K, 48% used [0x0000000080000000,0x0000000082070040,0x0000000084300000)
 Metaspace       used 42200K, committed 43200K, reserved 1114112K
  class space    used 4260K, committed 4736K, reserved 1048576K

Card table byte_map: [0x000001d9c38c0000,0x000001d9c3cd0000] _byte_map_base: 0x000001d9c34c0000

Marking Bits: (ParMarkBitMap*) 0x00007ff8ede33450
 Begin Bits: [0x000001d9c3f80000, 0x000001d9c5f80000)
 End Bits:   [0x000001d9c5f80000, 0x000001d9c7f80000)

Polling page: 0x000001d9b46b0000

Metaspace:

Usage:
  Non-class:     37.05 MB used.
      Class:      4.16 MB used.
       Both:     41.21 MB used.

Virtual space:
  Non-class space:       64.00 MB reserved,      37.56 MB ( 59%) committed,  1 nodes.
      Class space:        1.00 GB reserved,       4.62 MB ( <1%) committed,  1 nodes.
             Both:        1.06 GB reserved,      42.19 MB (  4%) committed. 

Chunk freelists:
   Non-Class:  9.58 MB
       Class:  11.36 MB
        Both:  20.94 MB

MaxMetaspaceSize: unlimited
CompressedClassSpaceSize: 1.00 GB
Initial GC threshold: 21.00 MB
Current GC threshold: 58.38 MB
CDS: on
 - commit_granule_bytes: 65536.
 - commit_granule_words: 8192.
 - virtual_space_node_default_size: 8388608.
 - enlarge_chunks_in_place: 1.
 - use_allocation_guard: 0.


Internal statistics:

num_allocs_failed_limit: 8.
num_arena_births: 1104.
num_arena_deaths: 206.
num_vsnodes_births: 2.
num_vsnodes_deaths: 0.
num_space_committed: 675.
num_space_uncommitted: 0.
num_chunks_returned_to_freelist: 297.
num_chunks_taken_from_freelist: 3190.
num_chunk_merges: 118.
num_chunk_splits: 1862.
num_chunks_enlarged: 996.
num_inconsistent_stats: 0.

CodeHeap 'non-profiled nmethods': size=120000Kb used=3787Kb max_used=3787Kb free=116212Kb
 bounds [0x000001d9bc1a0000, 0x000001d9bc560000, 0x000001d9c36d0000]
CodeHeap 'profiled nmethods': size=120000Kb used=13603Kb max_used=13603Kb free=106397Kb
 bounds [0x000001d9b46d0000, 0x000001d9b5420000, 0x000001d9bbc00000]
CodeHeap 'non-nmethods': size=5760Kb used=1400Kb max_used=1491Kb free=4359Kb
 bounds [0x000001d9bbc00000, 0x000001d9bbe70000, 0x000001d9bc1a0000]
CodeCache: size=245760Kb, used=18790Kb, max_used=18881Kb, free=226968Kb
 total_blobs=6826, nmethods=6119, adapters=613, full_count=0
Compilation: enabled, stopped_count=0, restarted_count=0

Compilation events (20 events):
Event: 7.534 Thread 0x000001d9afca4de0 6514       3       java.lang.invoke.MethodHandles::argumentsWithCombiner (130 bytes)
Event: 7.534 Thread 0x000001d9afca4de0 nmethod 6514 0x000001d9b5411690 code [0x000001d9b5411940, 0x000001d9b5412768]
Event: 7.534 Thread 0x000001d9afca4de0 6516       3       java.nio.channels.spi.AbstractInterruptibleChannel::end (53 bytes)
Event: 7.535 Thread 0x000001d9afca4de0 nmethod 6516 0x000001d9b5412e10 code [0x000001d9b5413020, 0x000001d9b54135b0]
Event: 7.539 Thread 0x000001da1150ffd0 nmethod 6461 0x000001d9bc54b010 code [0x000001d9bc54b460, 0x000001d9bc54d9a0]
Event: 7.542 Thread 0x000001d9afca4de0 6517       3       org.eclipse.jdt.internal.compiler.util.CharDeduplication::intern (11 bytes)
Event: 7.542 Thread 0x000001d9afca4de0 nmethod 6517 0x000001d9b5413810 code [0x000001d9b54139c0, 0x000001d9b5413b40]
Event: 7.542 Thread 0x000001d9afca4de0 6518       3       java.lang.ThreadLocal::remove (8 bytes)
Event: 7.542 Thread 0x000001d9afca4de0 nmethod 6518 0x000001d9b5413c90 code [0x000001d9b5413e60, 0x000001d9b5414138]
Event: 7.543 Thread 0x000001da1150ffd0 6519       4       org.eclipse.core.internal.preferences.EclipsePreferences::absolutePath (79 bytes)
Event: 7.544 Thread 0x000001d9afca4160 6520 %     4       org.eclipse.jdt.internal.compiler.classfmt.ClassFileStruct::utf8At @ 21 (171 bytes)
Event: 7.546 Thread 0x000001d9afca4160 nmethod 6520% 0x000001d9bc54f290 code [0x000001d9bc54f440, 0x000001d9bc54f6d0]
Event: 7.548 Thread 0x000001d9afca4de0 6521       3       java.lang.invoke.InnerClassLambdaMetafactory::generateConstructor (154 bytes)
Event: 7.549 Thread 0x000001d9afca4de0 nmethod 6521 0x000001d9b5414290 code [0x000001d9b5414580, 0x000001d9b54154b0]
Event: 7.549 Thread 0x000001d9afca4de0 6522       3       java.lang.invoke.InnerClassLambdaMetafactory$ForwardingMethodGenerator::invocationOpcode (104 bytes)
Event: 7.550 Thread 0x000001d9afca4de0 nmethod 6522 0x000001d9b5415a10 code [0x000001d9b5415c60, 0x000001d9b54163c8]
Event: 7.551 Thread 0x000001d9afca4160 6523       4       org.eclipse.jdt.internal.compiler.classfmt.ClassFileStruct::utf8At (171 bytes)
Event: 7.552 Thread 0x000001d9afca4de0 6525       3       java.util.Arrays::equals (43 bytes)
Event: 7.552 Thread 0x000001d9afca4de0 nmethod 6525 0x000001d9b5416690 code [0x000001d9b5416860, 0x000001d9b5416b28]
Event: 7.552 Thread 0x000001d9afca4de0 6524       3       org.eclipse.jdt.internal.compiler.util.CharArrayMap::get (38 bytes)

GC Heap History (20 events):
Event: 4.826 GC heap before
{Heap before GC invocations=17 (full 1):
 PSYoungGen      total 23040K, used 23008K [0x00000000d5580000, 0x00000000d7480000, 0x0000000100000000)
  eden space 20480K, 100% used [0x00000000d5580000,0x00000000d6980000,0x00000000d6980000)
  from space 2560K, 98% used [0x00000000d6980000,0x00000000d6bf8010,0x00000000d6c00000)
  to   space 5632K, 0% used [0x00000000d6f00000,0x00000000d6f00000,0x00000000d7480000)
 ParOldGen       total 68608K, used 26065K [0x0000000080000000, 0x0000000084300000, 0x00000000d5580000)
  object space 68608K, 37% used [0x0000000080000000,0x00000000819747b8,0x0000000084300000)
 Metaspace       used 32814K, committed 33856K, reserved 1114112K
  class space    used 3337K, committed 3776K, reserved 1048576K
}
Event: 4.830 GC heap after
{Heap after GC invocations=17 (full 1):
 PSYoungGen      total 23040K, used 2232K [0x00000000d5580000, 0x00000000d7180000, 0x0000000100000000)
  eden space 20480K, 0% used [0x00000000d5580000,0x00000000d5580000,0x00000000d6980000)
  from space 2560K, 87% used [0x00000000d6f00000,0x00000000d712e200,0x00000000d7180000)
  to   space 3584K, 0% used [0x00000000d6a80000,0x00000000d6a80000,0x00000000d6e00000)
 ParOldGen       total 68608K, used 28425K [0x0000000080000000, 0x0000000084300000, 0x00000000d5580000)
  object space 68608K, 41% used [0x0000000080000000,0x0000000081bc27c8,0x0000000084300000)
 Metaspace       used 32814K, committed 33856K, reserved 1114112K
  class space    used 3337K, committed 3776K, reserved 1048576K
}
Event: 5.184 GC heap before
{Heap before GC invocations=18 (full 1):
 PSYoungGen      total 23040K, used 20113K [0x00000000d5580000, 0x00000000d7180000, 0x0000000100000000)
  eden space 20480K, 87% used [0x00000000d5580000,0x00000000d66f6530,0x00000000d6980000)
  from space 2560K, 87% used [0x00000000d6f00000,0x00000000d712e200,0x00000000d7180000)
  to   space 3584K, 0% used [0x00000000d6a80000,0x00000000d6a80000,0x00000000d6e00000)
 ParOldGen       total 68608K, used 28425K [0x0000000080000000, 0x0000000084300000, 0x00000000d5580000)
  object space 68608K, 41% used [0x0000000080000000,0x0000000081bc27c8,0x0000000084300000)
 Metaspace       used 34833K, committed 35840K, reserved 1114112K
  class space    used 3569K, committed 4032K, reserved 1048576K
}
Event: 5.186 GC heap after
{Heap after GC invocations=18 (full 1):
 PSYoungGen      total 22016K, used 1268K [0x00000000d5580000, 0x00000000d6f80000, 0x0000000100000000)
  eden space 20480K, 0% used [0x00000000d5580000,0x00000000d5580000,0x00000000d6980000)
  from space 1536K, 82% used [0x00000000d6a80000,0x00000000d6bbd150,0x00000000d6c00000)
  to   space 2048K, 0% used [0x00000000d6d80000,0x00000000d6d80000,0x00000000d6f80000)
 ParOldGen       total 68608K, used 30466K [0x0000000080000000, 0x0000000084300000, 0x00000000d5580000)
  object space 68608K, 44% used [0x0000000080000000,0x0000000081dc09c8,0x0000000084300000)
 Metaspace       used 34833K, committed 35840K, reserved 1114112K
  class space    used 3569K, committed 4032K, reserved 1048576K
}
Event: 5.186 GC heap before
{Heap before GC invocations=19 (full 2):
 PSYoungGen      total 22016K, used 1268K [0x00000000d5580000, 0x00000000d6f80000, 0x0000000100000000)
  eden space 20480K, 0% used [0x00000000d5580000,0x00000000d5580000,0x00000000d6980000)
  from space 1536K, 82% used [0x00000000d6a80000,0x00000000d6bbd150,0x00000000d6c00000)
  to   space 2048K, 0% used [0x00000000d6d80000,0x00000000d6d80000,0x00000000d6f80000)
 ParOldGen       total 68608K, used 30466K [0x0000000080000000, 0x0000000084300000, 0x00000000d5580000)
  object space 68608K, 44% used [0x0000000080000000,0x0000000081dc09c8,0x0000000084300000)
 Metaspace       used 34833K, committed 35840K, reserved 1114112K
  class space    used 3569K, committed 4032K, reserved 1048576K
}
Event: 5.232 GC heap after
{Heap after GC invocations=19 (full 2):
 PSYoungGen      total 22016K, used 0K [0x00000000d5580000, 0x00000000d6f80000, 0x0000000100000000)
  eden space 20480K, 0% used [0x00000000d5580000,0x00000000d5580000,0x00000000d6980000)
  from space 1536K, 0% used [0x00000000d6a80000,0x00000000d6a80000,0x00000000d6c00000)
  to   space 2048K, 0% used [0x00000000d6d80000,0x00000000d6d80000,0x00000000d6f80000)
 ParOldGen       total 68608K, used 29634K [0x0000000080000000, 0x0000000084300000, 0x00000000d5580000)
  object space 68608K, 43% used [0x0000000080000000,0x0000000081cf0958,0x0000000084300000)
 Metaspace       used 34664K, committed 35840K, reserved 1114112K
  class space    used 3520K, committed 4032K, reserved 1048576K
}
Event: 5.548 GC heap before
{Heap before GC invocations=20 (full 2):
 PSYoungGen      total 22016K, used 20455K [0x00000000d5580000, 0x00000000d6f80000, 0x0000000100000000)
  eden space 20480K, 99% used [0x00000000d5580000,0x00000000d6979da8,0x00000000d6980000)
  from space 1536K, 0% used [0x00000000d6a80000,0x00000000d6a80000,0x00000000d6c00000)
  to   space 2048K, 0% used [0x00000000d6d80000,0x00000000d6d80000,0x00000000d6f80000)
 ParOldGen       total 68608K, used 29634K [0x0000000080000000, 0x0000000084300000, 0x00000000d5580000)
  object space 68608K, 43% used [0x0000000080000000,0x0000000081cf0958,0x0000000084300000)
 Metaspace       used 35798K, committed 36672K, reserved 1114112K
  class space    used 3654K, committed 4032K, reserved 1048576K
}
Event: 5.550 GC heap after
{Heap after GC invocations=20 (full 2):
 PSYoungGen      total 20992K, used 448K [0x00000000d5580000, 0x00000000d6e00000, 0x0000000100000000)
  eden space 20480K, 0% used [0x00000000d5580000,0x00000000d5580000,0x00000000d6980000)
  from space 512K, 87% used [0x00000000d6d80000,0x00000000d6df0000,0x00000000d6e00000)
  to   space 1024K, 0% used [0x00000000d6c00000,0x00000000d6c00000,0x00000000d6d00000)
 ParOldGen       total 68608K, used 29642K [0x0000000080000000, 0x0000000084300000, 0x00000000d5580000)
  object space 68608K, 43% used [0x0000000080000000,0x0000000081cf2958,0x0000000084300000)
 Metaspace       used 35798K, committed 36672K, reserved 1114112K
  class space    used 3654K, committed 4032K, reserved 1048576K
}
Event: 5.813 GC heap before
{Heap before GC invocations=21 (full 2):
 PSYoungGen      total 20992K, used 20835K [0x00000000d5580000, 0x00000000d6e00000, 0x0000000100000000)
  eden space 20480K, 99% used [0x00000000d5580000,0x00000000d6968c58,0x00000000d6980000)
  from space 512K, 87% used [0x00000000d6d80000,0x00000000d6df0000,0x00000000d6e00000)
  to   space 1024K, 0% used [0x00000000d6c00000,0x00000000d6c00000,0x00000000d6d00000)
 ParOldGen       total 68608K, used 29642K [0x0000000080000000, 0x0000000084300000, 0x00000000d5580000)
  object space 68608K, 43% used [0x0000000080000000,0x0000000081cf2958,0x0000000084300000)
 Metaspace       used 37250K, committed 38208K, reserved 1114112K
  class space    used 3798K, committed 4224K, reserved 1048576K
}
Event: 5.815 GC heap after
{Heap after GC invocations=21 (full 2):
 PSYoungGen      total 21504K, used 1015K [0x00000000d5580000, 0x00000000d6e80000, 0x0000000100000000)
  eden space 20480K, 0% used [0x00000000d5580000,0x00000000d5580000,0x00000000d6980000)
  from space 1024K, 99% used [0x00000000d6c00000,0x00000000d6cfde08,0x00000000d6d00000)
  to   space 1536K, 0% used [0x00000000d6d00000,0x00000000d6d00000,0x00000000d6e80000)
 ParOldGen       total 68608K, used 30673K [0x0000000080000000, 0x0000000084300000, 0x00000000d5580000)
  object space 68608K, 44% used [0x0000000080000000,0x0000000081df4510,0x0000000084300000)
 Metaspace       used 37250K, committed 38208K, reserved 1114112K
  class space    used 3798K, committed 4224K, reserved 1048576K
}
Event: 5.880 GC heap before
{Heap before GC invocations=22 (full 2):
 PSYoungGen      total 21504K, used 21495K [0x00000000d5580000, 0x00000000d6e80000, 0x0000000100000000)
  eden space 20480K, 100% used [0x00000000d5580000,0x00000000d6980000,0x00000000d6980000)
  from space 1024K, 99% used [0x00000000d6c00000,0x00000000d6cfde08,0x00000000d6d00000)
  to   space 1536K, 0% used [0x00000000d6d00000,0x00000000d6d00000,0x00000000d6e80000)
 ParOldGen       total 68608K, used 30673K [0x0000000080000000, 0x0000000084300000, 0x00000000d5580000)
  object space 68608K, 44% used [0x0000000080000000,0x0000000081df4510,0x0000000084300000)
 Metaspace       used 37273K, committed 38208K, reserved 1114112K
  class space    used 3798K, committed 4224K, reserved 1048576K
}
Event: 5.881 GC heap after
{Heap after GC invocations=22 (full 2):
 PSYoungGen      total 20992K, used 470K [0x00000000d5580000, 0x00000000d6d80000, 0x0000000100000000)
  eden space 20480K, 0% used [0x00000000d5580000,0x00000000d5580000,0x00000000d6980000)
  from space 512K, 91% used [0x00000000d6d00000,0x00000000d6d759e0,0x00000000d6d80000)
  to   space 1536K, 0% used [0x00000000d6a80000,0x00000000d6a80000,0x00000000d6c00000)
 ParOldGen       total 68608K, used 31898K [0x0000000080000000, 0x0000000084300000, 0x00000000d5580000)
  object space 68608K, 46% used [0x0000000080000000,0x0000000081f26a38,0x0000000084300000)
 Metaspace       used 37273K, committed 38208K, reserved 1114112K
  class space    used 3798K, committed 4224K, reserved 1048576K
}
Event: 6.018 GC heap before
{Heap before GC invocations=23 (full 2):
 PSYoungGen      total 20992K, used 20950K [0x00000000d5580000, 0x00000000d6d80000, 0x0000000100000000)
  eden space 20480K, 100% used [0x00000000d5580000,0x00000000d6980000,0x00000000d6980000)
  from space 512K, 91% used [0x00000000d6d00000,0x00000000d6d759e0,0x00000000d6d80000)
  to   space 1536K, 0% used [0x00000000d6a80000,0x00000000d6a80000,0x00000000d6c00000)
 ParOldGen       total 68608K, used 31898K [0x0000000080000000, 0x0000000084300000, 0x00000000d5580000)
  object space 68608K, 46% used [0x0000000080000000,0x0000000081f26a38,0x0000000084300000)
 Metaspace       used 38579K, committed 39488K, reserved 1114112K
  class space    used 3928K, committed 4352K, reserved 1048576K
}
Event: 6.020 GC heap after
{Heap after GC invocations=23 (full 2):
 PSYoungGen      total 22016K, used 768K [0x00000000d5580000, 0x00000000d6d80000, 0x0000000100000000)
  eden space 20480K, 0% used [0x00000000d5580000,0x00000000d5580000,0x00000000d6980000)
  from space 1536K, 50% used [0x00000000d6a80000,0x00000000d6b40000,0x00000000d6c00000)
  to   space 1024K, 0% used [0x00000000d6c80000,0x00000000d6c80000,0x00000000d6d80000)
 ParOldGen       total 68608K, used 31922K [0x0000000080000000, 0x0000000084300000, 0x00000000d5580000)
  object space 68608K, 46% used [0x0000000080000000,0x0000000081f2ca38,0x0000000084300000)
 Metaspace       used 38579K, committed 39488K, reserved 1114112K
  class space    used 3928K, committed 4352K, reserved 1048576K
}
Event: 6.247 GC heap before
{Heap before GC invocations=24 (full 2):
 PSYoungGen      total 22016K, used 21248K [0x00000000d5580000, 0x00000000d6d80000, 0x0000000100000000)
  eden space 20480K, 100% used [0x00000000d5580000,0x00000000d6980000,0x00000000d6980000)
  from space 1536K, 50% used [0x00000000d6a80000,0x00000000d6b40000,0x00000000d6c00000)
  to   space 1024K, 0% used [0x00000000d6c80000,0x00000000d6c80000,0x00000000d6d80000)
 ParOldGen       total 68608K, used 31922K [0x0000000080000000, 0x0000000084300000, 0x00000000d5580000)
  object space 68608K, 46% used [0x0000000080000000,0x0000000081f2ca38,0x0000000084300000)
 Metaspace       used 39636K, committed 40576K, reserved 1114112K
  class space    used 4035K, committed 4480K, reserved 1048576K
}
Event: 6.249 GC heap after
{Heap after GC invocations=24 (full 2):
 PSYoungGen      total 21504K, used 544K [0x00000000d5580000, 0x00000000d6d80000, 0x0000000100000000)
  eden space 20480K, 0% used [0x00000000d5580000,0x00000000d5580000,0x00000000d6980000)
  from space 1024K, 53% used [0x00000000d6c80000,0x00000000d6d08000,0x00000000d6d80000)
  to   space 1024K, 0% used [0x00000000d6b80000,0x00000000d6b80000,0x00000000d6c80000)
 ParOldGen       total 68608K, used 32570K [0x0000000080000000, 0x0000000084300000, 0x00000000d5580000)
  object space 68608K, 47% used [0x0000000080000000,0x0000000081fcead8,0x0000000084300000)
 Metaspace       used 39636K, committed 40576K, reserved 1114112K
  class space    used 4035K, committed 4480K, reserved 1048576K
}
Event: 6.494 GC heap before
{Heap before GC invocations=25 (full 2):
 PSYoungGen      total 21504K, used 21024K [0x00000000d5580000, 0x00000000d6d80000, 0x0000000100000000)
  eden space 20480K, 100% used [0x00000000d5580000,0x00000000d6980000,0x00000000d6980000)
  from space 1024K, 53% used [0x00000000d6c80000,0x00000000d6d08000,0x00000000d6d80000)
  to   space 1024K, 0% used [0x00000000d6b80000,0x00000000d6b80000,0x00000000d6c80000)
 ParOldGen       total 68608K, used 32570K [0x0000000080000000, 0x0000000084300000, 0x00000000d5580000)
  object space 68608K, 47% used [0x0000000080000000,0x0000000081fcead8,0x0000000084300000)
 Metaspace       used 39978K, committed 41024K, reserved 1114112K
  class space    used 4064K, committed 4544K, reserved 1048576K
}
Event: 6.495 GC heap after
{Heap after GC invocations=25 (full 2):
 PSYoungGen      total 21504K, used 544K [0x00000000d5580000, 0x00000000d6d00000, 0x0000000100000000)
  eden space 20480K, 0% used [0x00000000d5580000,0x00000000d5580000,0x00000000d6980000)
  from space 1024K, 53% used [0x00000000d6b80000,0x00000000d6c08000,0x00000000d6c80000)
  to   space 512K, 0% used [0x00000000d6c80000,0x00000000d6c80000,0x00000000d6d00000)
 ParOldGen       total 68608K, used 32848K [0x0000000080000000, 0x0000000084300000, 0x00000000d5580000)
  object space 68608K, 47% used [0x0000000080000000,0x0000000082014030,0x0000000084300000)
 Metaspace       used 39978K, committed 41024K, reserved 1114112K
  class space    used 4064K, committed 4544K, reserved 1048576K
}
Event: 6.860 GC heap before
{Heap before GC invocations=26 (full 2):
 PSYoungGen      total 21504K, used 21024K [0x00000000d5580000, 0x00000000d6d00000, 0x0000000100000000)
  eden space 20480K, 100% used [0x00000000d5580000,0x00000000d6980000,0x00000000d6980000)
  from space 1024K, 53% used [0x00000000d6b80000,0x00000000d6c08000,0x00000000d6c80000)
  to   space 512K, 0% used [0x00000000d6c80000,0x00000000d6c80000,0x00000000d6d00000)
 ParOldGen       total 68608K, used 32848K [0x0000000080000000, 0x0000000084300000, 0x00000000d5580000)
  object space 68608K, 47% used [0x0000000080000000,0x0000000082014030,0x0000000084300000)
 Metaspace       used 40401K, committed 41472K, reserved 1114112K
  class space    used 4086K, committed 4608K, reserved 1048576K
}
Event: 6.861 GC heap after
{Heap after GC invocations=26 (full 2):
 PSYoungGen      total 20992K, used 480K [0x00000000d5580000, 0x00000000d6d00000, 0x0000000100000000)
  eden space 20480K, 0% used [0x00000000d5580000,0x00000000d5580000,0x00000000d6980000)
  from space 512K, 93% used [0x00000000d6c80000,0x00000000d6cf8300,0x00000000d6d00000)
  to   space 1024K, 0% used [0x00000000d6b00000,0x00000000d6b00000,0x00000000d6c00000)
 ParOldGen       total 68608K, used 33216K [0x0000000080000000, 0x0000000084300000, 0x00000000d5580000)
  object space 68608K, 48% used [0x0000000080000000,0x0000000082070040,0x0000000084300000)
 Metaspace       used 40401K, committed 41472K, reserved 1114112K
  class space    used 4086K, committed 4608K, reserved 1048576K
}

Dll operation events (10 events):
Event: 0.012 Loaded shared library c:\Users\Admin\.antigravity\extensions\redhat.java-1.54.0-win32-x64\jre\21.0.10-win32-x86_64\bin\java.dll
Event: 0.060 Loaded shared library c:\Users\Admin\.antigravity\extensions\redhat.java-1.54.0-win32-x64\jre\21.0.10-win32-x86_64\bin\zip.dll
Event: 0.076 Loaded shared library C:\Users\Admin\.antigravity\extensions\redhat.java-1.54.0-win32-x64\jre\21.0.10-win32-x86_64\bin\instrument.dll
Event: 0.081 Loaded shared library C:\Users\Admin\.antigravity\extensions\redhat.java-1.54.0-win32-x64\jre\21.0.10-win32-x86_64\bin\net.dll
Event: 0.084 Loaded shared library C:\Users\Admin\.antigravity\extensions\redhat.java-1.54.0-win32-x64\jre\21.0.10-win32-x86_64\bin\nio.dll
Event: 0.087 Loaded shared library C:\Users\Admin\.antigravity\extensions\redhat.java-1.54.0-win32-x64\jre\21.0.10-win32-x86_64\bin\zip.dll
Event: 0.110 Loaded shared library C:\Users\Admin\.antigravity\extensions\redhat.java-1.54.0-win32-x64\jre\21.0.10-win32-x86_64\bin\jimage.dll
Event: 0.208 Loaded shared library c:\Users\Admin\.antigravity\extensions\redhat.java-1.54.0-win32-x64\jre\21.0.10-win32-x86_64\bin\verify.dll
Event: 1.254 Loaded shared library C:\Users\Admin\AppData\Roaming\Antigravity\User\globalStorage\redhat.java\1.54.0\config_ss_win\org.eclipse.equinox.launcher\org.eclipse.equinox.launcher.win32.win32.x86_64_1.3.0.v20260203-2149\eclipse_11919.dll
Event: 2.228 Loaded shared library C:\Users\Admin\AppData\Local\Temp\jna-63116079\jna7254955810451302525.dll

Deoptimization events (20 events):
Event: 7.461 Thread 0x000001da121295c0 Uncommon trap: trap_request=0xffffffde fr.pc=0x000001d9bc4deb80 relative=0x0000000000000620
Event: 7.461 Thread 0x000001da121295c0 Uncommon trap: reason=class_check action=maybe_recompile pc=0x000001d9bc4deb80 method=org.eclipse.jdt.internal.compiler.parser.Parser.consumeRule(I)V @ 4137 c2
Event: 7.461 Thread 0x000001da121295c0 DEOPT PACKING pc=0x000001d9bc4deb80 sp=0x0000005a382fdd50
Event: 7.461 Thread 0x000001da121295c0 DEOPT UNPACKING pc=0x000001d9bbc53aa2 sp=0x0000005a382fdd10 mode 2
Event: 7.523 Thread 0x000001da121295c0 Uncommon trap: trap_request=0xffffff6e fr.pc=0x000001d9bc54a28c relative=0x00000000000003ac
Event: 7.523 Thread 0x000001da121295c0 Uncommon trap: reason=loop_limit_check action=maybe_recompile pc=0x000001d9bc54a28c method=org.eclipse.jdt.core.compiler.CharOperation.concatWith([[CC)[C @ 121 c2
Event: 7.523 Thread 0x000001da121295c0 DEOPT PACKING pc=0x000001d9bc54a28c sp=0x0000005a382fda80
Event: 7.523 Thread 0x000001da121295c0 DEOPT UNPACKING pc=0x000001d9bbc53aa2 sp=0x0000005a382fda40 mode 2
Event: 7.530 Thread 0x000001da121295c0 Uncommon trap: trap_request=0xfffffff4 fr.pc=0x000001d9bc541520 relative=0x0000000000002a00
Event: 7.530 Thread 0x000001da121295c0 Uncommon trap: reason=null_check action=make_not_entrant pc=0x000001d9bc541520 method=org.eclipse.jdt.internal.core.JavaModelCache.getInfo(Lorg/eclipse/jdt/core/IJavaElement;)Lorg/eclipse/jdt/internal/compiler/env/IElementInfo; @ 138 c2
Event: 7.530 Thread 0x000001da121295c0 DEOPT PACKING pc=0x000001d9bc541520 sp=0x0000005a382fd240
Event: 7.530 Thread 0x000001da121295c0 DEOPT UNPACKING pc=0x000001d9bbc53aa2 sp=0x0000005a382fd1c0 mode 2
Event: 7.542 Thread 0x000001da121295c0 Uncommon trap: trap_request=0xffffff6e fr.pc=0x000001d9bc3cd51c relative=0x00000000000003dc
Event: 7.542 Thread 0x000001da121295c0 Uncommon trap: reason=loop_limit_check action=maybe_recompile pc=0x000001d9bc3cd51c method=org.eclipse.jdt.internal.compiler.classfmt.ClassFileStruct.utf8At(II)[C @ 143 c2
Event: 7.542 Thread 0x000001da121295c0 DEOPT PACKING pc=0x000001d9bc3cd51c sp=0x0000005a382fcb80
Event: 7.542 Thread 0x000001da121295c0 DEOPT UNPACKING pc=0x000001d9bbc53aa2 sp=0x0000005a382fcb18 mode 2
Event: 7.544 Thread 0x000001da121295c0 Uncommon trap: trap_request=0xffffff45 fr.pc=0x000001d9bc537f48 relative=0x00000000000001a8
Event: 7.544 Thread 0x000001da121295c0 Uncommon trap: reason=unstable_if action=reinterpret pc=0x000001d9bc537f48 method=java.util.Arrays.equals([C[C)Z @ 8 c2
Event: 7.544 Thread 0x000001da121295c0 DEOPT PACKING pc=0x000001d9bc537f48 sp=0x0000005a382fd6f0
Event: 7.544 Thread 0x000001da121295c0 DEOPT UNPACKING pc=0x000001d9bbc53aa2 sp=0x0000005a382fd6a8 mode 2

Classes loaded (20 events):
Event: 6.953 Loading class sun/util/logging/resources/logging_en
Event: 6.953 Loading class sun/util/logging/resources/logging_en done
Event: 6.953 Loading class sun/util/logging/resources/logging_en
Event: 6.953 Loading class sun/util/logging/resources/logging_en done
Event: 6.953 Loading class sun/util/logging/resources/logging_en_US
Event: 6.953 Loading class sun/util/logging/resources/logging_en_US done
Event: 6.953 Loading class sun/util/logging/resources/logging_en_US
Event: 6.953 Loading class sun/util/logging/resources/logging_en_US done
Event: 6.953 Loading class java/util/Formatter$DateTime
Event: 6.953 Loading class java/util/Formatter$DateTime done
Event: 6.954 Loading class java/time/ZonedDateTime$1
Event: 6.954 Loading class java/time/ZonedDateTime$1 done
Event: 7.365 Loading class java/io/FileReader
Event: 7.365 Loading class java/io/FileReader done
Event: 7.365 Loading class java/lang/UnsupportedClassVersionError
Event: 7.365 Loading class java/lang/UnsupportedClassVersionError done
Event: 7.519 Loading class java/util/stream/ReduceOps$4
Event: 7.519 Loading class java/util/stream/ReduceOps$4 done
Event: 7.519 Loading class java/util/stream/ReduceOps$4ReducingSink
Event: 7.519 Loading class java/util/stream/ReduceOps$4ReducingSink done

Classes unloaded (20 events):
Event: 5.192 Thread 0x000001d9c85970e0 Unloading class 0x000001d9ca391c00 'java/lang/invoke/LambdaForm$MH+0x000001d9ca391c00'
Event: 5.192 Thread 0x000001d9c85970e0 Unloading class 0x000001d9ca391800 'java/lang/invoke/LambdaForm$MH+0x000001d9ca391800'
Event: 5.192 Thread 0x000001d9c85970e0 Unloading class 0x000001d9ca391400 'java/lang/invoke/LambdaForm$MH+0x000001d9ca391400'
Event: 5.192 Thread 0x000001d9c85970e0 Unloading class 0x000001d9ca391000 'java/lang/invoke/LambdaForm$MH+0x000001d9ca391000'
Event: 5.192 Thread 0x000001d9c85970e0 Unloading class 0x000001d9ca390800 'java/lang/invoke/LambdaForm$MH+0x000001d9ca390800'
Event: 5.192 Thread 0x000001d9c85970e0 Unloading class 0x000001d9ca390400 'java/lang/invoke/LambdaForm$MH+0x000001d9ca390400'
Event: 5.192 Thread 0x000001d9c85970e0 Unloading class 0x000001d9ca390000 'java/lang/invoke/LambdaForm$MH+0x000001d9ca390000'
Event: 5.192 Thread 0x000001d9c85970e0 Unloading class 0x000001d9ca38fc00 'java/lang/invoke/LambdaForm$MH+0x000001d9ca38fc00'
Event: 5.192 Thread 0x000001d9c85970e0 Unloading class 0x000001d9ca38f800 'java/lang/invoke/LambdaForm$MH+0x000001d9ca38f800'
Event: 5.192 Thread 0x000001d9c85970e0 Unloading class 0x000001d9ca38f400 'java/lang/invoke/LambdaForm$MH+0x000001d9ca38f400'
Event: 5.192 Thread 0x000001d9c85970e0 Unloading class 0x000001d9ca38ec00 'java/lang/invoke/LambdaForm$MH+0x000001d9ca38ec00'
Event: 5.192 Thread 0x000001d9c85970e0 Unloading class 0x000001d9ca38f000 'java/lang/invoke/LambdaForm$MH+0x000001d9ca38f000'
Event: 5.192 Thread 0x000001d9c85970e0 Unloading class 0x000001d9ca38e400 'java/lang/invoke/LambdaForm$MH+0x000001d9ca38e400'
Event: 5.192 Thread 0x000001d9c85970e0 Unloading class 0x000001d9ca38e000 'java/lang/invoke/LambdaForm$MH+0x000001d9ca38e000'
Event: 5.192 Thread 0x000001d9c85970e0 Unloading class 0x000001d9ca38dc00 'java/lang/invoke/LambdaForm$MH+0x000001d9ca38dc00'
Event: 5.192 Thread 0x000001d9c85970e0 Unloading class 0x000001d9ca38d800 'java/lang/invoke/LambdaForm$MH+0x000001d9ca38d800'
Event: 5.192 Thread 0x000001d9c85970e0 Unloading class 0x000001d9ca38d000 'java/lang/invoke/LambdaForm$DMH+0x000001d9ca38d000'
Event: 5.192 Thread 0x000001d9c85970e0 Unloading class 0x000001d9ca38c800 'java/lang/invoke/LambdaForm$DMH+0x000001d9ca38c800'
Event: 5.192 Thread 0x000001d9c85970e0 Unloading class 0x000001d9ca38cc00 'java/lang/invoke/LambdaForm$DMH+0x000001d9ca38cc00'
Event: 5.192 Thread 0x000001d9c85970e0 Unloading class 0x000001d9ca38c400 'java/lang/invoke/LambdaForm$DMH+0x000001d9ca38c400'

Classes redefined (0 events):
No events

Internal exceptions (20 events):
Event: 6.005 Thread 0x000001da1210ee80 Exception <a 'java/lang/LinkageError'{0x00000000d689f368}: loader lombok.launch.ShadowClassLoader @1c4f53e4 attempted duplicate class definition for lombok.launch.PatchFixesHider$FieldInitializer. (lombok.launch.PatchFixesHider$FieldInitializer is in unnamed module of loader lombok.launch.ShadowClassLoader @1c4f53e4, parent loader org.eclipse.osgi.internal.loader.EquinoxClassLoader @4401f7e)> (0x00000000d689f368) 
thrown [s\src\hotspot\share\classfile\systemDictionary.cpp, line 1672]
Event: 6.006 Thread 0x000001da12125ab0 Exception <a 'java/lang/LinkageError'{0x00000000d6949590}: loader lombok.launch.ShadowClassLoader @1c4f53e4 attempted duplicate class definition for lombok.launch.PatchFixesHider$FieldInitializer. (lombok.launch.PatchFixesHider$FieldInitializer is in unnamed module of loader lombok.launch.ShadowClassLoader @1c4f53e4, parent loader org.eclipse.osgi.internal.loader.EquinoxClassLoader @4401f7e)> (0x00000000d6949590) 
thrown [s\src\hotspot\share\classfile\systemDictionary.cpp, line 1672]
Event: 6.006 Thread 0x000001da1212b690 Exception <a 'java/lang/LinkageError'{0x00000000d69576f8}: loader lombok.launch.ShadowClassLoader @1c4f53e4 attempted duplicate class definition for lombok.launch.PatchFixesHider$FieldInitializer. (lombok.launch.PatchFixesHider$FieldInitializer is in unnamed module of loader lombok.launch.ShadowClassLoader @1c4f53e4, parent loader org.eclipse.osgi.internal.loader.EquinoxClassLoader @4401f7e)> (0x00000000d69576f8) 
thrown [s\src\hotspot\share\classfile\systemDictionary.cpp, line 1672]
Event: 6.041 Thread 0x000001da12124d90 Exception <a 'java/lang/NoSuchMethodError'{0x00000000d573a430}: 'java.lang.Object java.lang.invoke.DirectMethodHandle$Holder.invokeSpecial(java.lang.Object, java.lang.Object, java.lang.Object, java.lang.Object, int, java.lang.Object, java.lang.Object)'> (0x00000000d573a430) 
thrown [s\src\hotspot\share\interpreter\linkResolver.cpp, line 773]
Event: 6.041 Thread 0x000001da12125ab0 Exception <a 'java/lang/NoSuchMethodError'{0x00000000d574b938}: 'java.lang.Object java.lang.invoke.DirectMethodHandle$Holder.invokeSpecial(java.lang.Object, java.lang.Object, java.lang.Object, java.lang.Object, int, java.lang.Object, java.lang.Object)'> (0x00000000d574b938) 
thrown [s\src\hotspot\share\interpreter\linkResolver.cpp, line 773]
Event: 6.041 Thread 0x000001da1212b690 Exception <a 'java/lang/NoSuchMethodError'{0x00000000d5742a50}: 'java.lang.Object java.lang.invoke.DirectMethodHandle$Holder.invokeSpecial(java.lang.Object, java.lang.Object, java.lang.Object, java.lang.Object, int, java.lang.Object, java.lang.Object)'> (0x00000000d5742a50) 
thrown [s\src\hotspot\share\interpreter\linkResolver.cpp, line 773]
Event: 6.041 Thread 0x000001da121295c0 Exception <a 'java/lang/NoSuchMethodError'{0x00000000d56186d8}: 'java.lang.Object java.lang.invoke.DirectMethodHandle$Holder.invokeSpecial(java.lang.Object, java.lang.Object, java.lang.Object, java.lang.Object, int, java.lang.Object, java.lang.Object)'> (0x00000000d56186d8) 
thrown [s\src\hotspot\share\interpreter\linkResolver.cpp, line 773]
Event: 6.295 Thread 0x000001da1210ee80 Exception <a 'java/lang/NoSuchMethodError'{0x00000000d579e4d8}: 'java.lang.Object java.lang.invoke.DirectMethodHandle$Holder.invokeStatic(java.lang.Object, java.lang.Object, int, int)'> (0x00000000d579e4d8) 
thrown [s\src\hotspot\share\interpreter\linkResolver.cpp, line 773]
Event: 6.295 Thread 0x000001da1210ee80 Exception <a 'java/lang/NoSuchMethodError'{0x00000000d57a28d8}: 'java.lang.Object java.lang.invoke.DirectMethodHandle$Holder.invokeSpecial(java.lang.Object, java.lang.Object, java.lang.Object, int, int)'> (0x00000000d57a28d8) 
thrown [s\src\hotspot\share\interpreter\linkResolver.cpp, line 773]
Event: 6.952 Thread 0x000001da1210ee80 Exception <a 'java/lang/ClassNotFoundException'{0x00000000d5991110}: sun/util/logging/resources/spi/loggingProvider> (0x00000000d5991110) 
thrown [s\src\hotspot\share\classfile\systemDictionary.cpp, line 312]
Event: 6.957 Thread 0x000001da1210ee80 Exception <a 'java/lang/IncompatibleClassChangeError'{0x00000000d59d4720}: Found class java.lang.Object, but interface was expected> (0x00000000d59d4720) 
thrown [s\src\hotspot\share\interpreter\linkResolver.cpp, line 840]
Event: 6.967 Thread 0x000001da1210ee80 Exception <a 'java/lang/IncompatibleClassChangeError'{0x00000000d5a05b08}: Found class java.lang.Object, but interface was expected> (0x00000000d5a05b08) 
thrown [s\src\hotspot\share\interpreter\linkResolver.cpp, line 840]
Event: 7.338 Thread 0x000001da10eba860 Exception <a 'java/lang/NoSuchMethodError'{0x00000000d5aaf620}: 'java.lang.Object java.lang.invoke.DirectMethodHandle$Holder.invokeSpecial(java.lang.Object, java.lang.Object, int, long)'> (0x00000000d5aaf620) 
thrown [s\src\hotspot\share\interpreter\linkResolver.cpp, line 773]
Event: 7.354 Thread 0x000001da1212b690 Exception <a 'java/lang/ArrayIndexOutOfBoundsException'{0x00000000d5e0a620}> (0x00000000d5e0a620) 
thrown [s\src\hotspot\share\runtime\sharedRuntime.cpp, line 625]
Event: 7.373 Thread 0x000001da121295c0 Exception <a 'java/lang/NoSuchMethodError'{0x00000000d5f0b628}: 'int java.lang.invoke.Invokers$Holder.invokeExact_MT(java.lang.Object, java.lang.Object)'> (0x00000000d5f0b628) 
thrown [s\src\hotspot\share\interpreter\linkResolver.cpp, line 773]
Event: 7.433 Thread 0x000001da121295c0 Exception <a 'java/lang/NoSuchMethodError'{0x00000000d60afa58}: 'int java.lang.invoke.DirectMethodHandle$Holder.invokeInterface(java.lang.Object, java.lang.Object)'> (0x00000000d60afa58) 
thrown [s\src\hotspot\share\interpreter\linkResolver.cpp, line 773]
Event: 7.433 Thread 0x000001da121295c0 Exception <a 'java/lang/IncompatibleClassChangeError'{0x00000000d60b2d18}: Found class java.lang.Object, but interface was expected> (0x00000000d60b2d18) 
thrown [s\src\hotspot\share\interpreter\linkResolver.cpp, line 840]
Event: 7.524 Thread 0x000001da121295c0 Exception <a 'java/lang/NoSuchMethodError'{0x00000000d63cc058}: 'int java.lang.invoke.DirectMethodHandle$Holder.invokeSpecialIFC(java.lang.Object, java.lang.Object, java.lang.Object)'> (0x00000000d63cc058) 
thrown [s\src\hotspot\share\interpreter\linkResolver.cpp, line 773]
Event: 7.530 Thread 0x000001da121295c0 Implicit null exception at 0x000001d9bc53fdf4 to 0x000001d9bc541510
Event: 7.544 Thread 0x000001da121295c0 Implicit null exception at 0x000001d9bc537dcb to 0x000001d9bc537f38

ZGC Phase Switch (0 events):
No events

VM Operations (20 events):
Event: 5.880 Executing safepoint VM operation: ParallelGCFailedAllocation (Allocation Failure)
Event: 5.881 Executing safepoint VM operation: ParallelGCFailedAllocation (Allocation Failure) done
Event: 5.961 Executing non-safepoint VM operation: HandshakeAllThreads (Deoptimize)
Event: 5.961 Executing non-safepoint VM operation: HandshakeAllThreads (Deoptimize) done
Event: 6.018 Executing safepoint VM operation: ParallelGCFailedAllocation (Allocation Failure)
Event: 6.020 Executing safepoint VM operation: ParallelGCFailedAllocation (Allocation Failure) done
Event: 6.247 Executing safepoint VM operation: ParallelGCFailedAllocation (Allocation Failure)
Event: 6.249 Executing safepoint VM operation: ParallelGCFailedAllocation (Allocation Failure) done
Event: 6.493 Executing safepoint VM operation: ParallelGCFailedAllocation (Allocation Failure)
Event: 6.495 Executing safepoint VM operation: ParallelGCFailedAllocation (Allocation Failure) done
Event: 6.756 Executing safepoint VM operation: ICBufferFull
Event: 6.756 Executing safepoint VM operation: ICBufferFull done
Event: 6.859 Executing safepoint VM operation: ParallelGCFailedAllocation (Allocation Failure)
Event: 6.861 Executing safepoint VM operation: ParallelGCFailedAllocation (Allocation Failure) done
Event: 7.359 Executing non-safepoint VM operation: HandshakeAllThreads (Deoptimize)
Event: 7.359 Executing non-safepoint VM operation: HandshakeAllThreads (Deoptimize) done
Event: 7.370 Executing non-safepoint VM operation: HandshakeAllThreads (Deoptimize)
Event: 7.370 Executing non-safepoint VM operation: HandshakeAllThreads (Deoptimize) done
Event: 7.527 Executing non-safepoint VM operation: HandshakeAllThreads (Deoptimize)
Event: 7.528 Executing non-safepoint VM operation: HandshakeAllThreads (Deoptimize) done

Memory protections (0 events):
No events

Nmethod flushes (20 events):
Event: 5.203 Thread 0x000001d9c85970e0 flushing  nmethod 0x000001d9b4afe890
Event: 5.203 Thread 0x000001d9c85970e0 flushing  nmethod 0x000001d9b4b1ef90
Event: 5.203 Thread 0x000001d9c85970e0 flushing  nmethod 0x000001d9b4b1f990
Event: 5.203 Thread 0x000001d9c85970e0 flushing  nmethod 0x000001d9b4b25a10
Event: 5.203 Thread 0x000001d9c85970e0 flushing  nmethod 0x000001d9b4b42b10
Event: 5.203 Thread 0x000001d9c85970e0 flushing  nmethod 0x000001d9b4b42e90
Event: 5.203 Thread 0x000001d9c85970e0 flushing  nmethod 0x000001d9b4b44490
Event: 5.203 Thread 0x000001d9c85970e0 flushing  nmethod 0x000001d9b4b45010
Event: 5.203 Thread 0x000001d9c85970e0 flushing  nmethod 0x000001d9b4b45990
Event: 5.203 Thread 0x000001d9c85970e0 flushing  nmethod 0x000001d9b4b4a710
Event: 5.203 Thread 0x000001d9c85970e0 flushing  nmethod 0x000001d9b4b4aa90
Event: 5.203 Thread 0x000001d9c85970e0 flushing  nmethod 0x000001d9b4b4d390
Event: 5.203 Thread 0x000001d9c85970e0 flushing  nmethod 0x000001d9b4b51c90
Event: 5.203 Thread 0x000001d9c85970e0 flushing  nmethod 0x000001d9b4b63c10
Event: 5.203 Thread 0x000001d9c85970e0 flushing  nmethod 0x000001d9b4b73210
Event: 5.203 Thread 0x000001d9c85970e0 flushing  nmethod 0x000001d9b4b76d90
Event: 5.203 Thread 0x000001d9c85970e0 flushing  nmethod 0x000001d9b4b77a90
Event: 5.203 Thread 0x000001d9c85970e0 flushing  nmethod 0x000001d9b4ba8090
Event: 5.203 Thread 0x000001d9c85970e0 flushing  nmethod 0x000001d9b4ba8b10
Event: 5.203 Thread 0x000001d9c85970e0 flushing  nmethod 0x000001d9b4bbe410

Events (20 events):
Event: 3.348 Thread 0x000001d9afbecf60 Thread added: 0x000001da10ebc930
Event: 3.348 Thread 0x000001d9afbecf60 Thread added: 0x000001da10eb94b0
Event: 3.348 Thread 0x000001d9afbecf60 Thread added: 0x000001da10eb9b40
Event: 3.348 Thread 0x000001d9afbecf60 Thread added: 0x000001da1210cdb0
Event: 3.348 Thread 0x000001d9afbecf60 Thread added: 0x000001da1210fba0
Event: 3.348 Thread 0x000001d9afbecf60 Thread added: 0x000001da1210d440
Event: 3.348 Thread 0x000001d9afbecf60 Thread added: 0x000001da1210c720
Event: 3.348 Thread 0x000001d9afbecf60 Thread added: 0x000001da1210f510
Event: 3.403 Thread 0x000001d9afbecf60 Thread added: 0x000001da1210dad0
Event: 3.510 Thread 0x000001da10b818c0 Thread added: 0x000001da1210e7f0
Event: 3.637 Thread 0x000001d9afbecf60 Thread added: 0x000001da1210e160
Event: 3.637 Thread 0x000001d9afbecf60 Thread added: 0x000001da1210ee80
Event: 4.092 Thread 0x000001da1150ffd0 Thread exited: 0x000001da1150ffd0
Event: 4.092 Thread 0x000001da10bdcd20 Thread exited: 0x000001da10bdcd20
Event: 4.095 Thread 0x000001d9afca4de0 Thread added: 0x000001da1150ffd0
Event: 4.127 Thread 0x000001da1210ee80 Thread added: 0x000001da12124d90
Event: 4.132 Thread 0x000001da1210ee80 Thread added: 0x000001da121295c0
Event: 4.134 Thread 0x000001da1210ee80 Thread added: 0x000001da1212b690
Event: 4.136 Thread 0x000001da1210ee80 Thread added: 0x000001da12125ab0
Event: 4.252 Thread 0x000001d9afca4de0 Thread added: 0x000001da10e65ce0


Dynamic libraries:
0x00007ff60f4a0000 - 0x00007ff60f4ae000 	c:\Users\Admin\.antigravity\extensions\redhat.java-1.54.0-win32-x64\jre\21.0.10-win32-x86_64\bin\java.exe
0x00007ff93b910000 - 0x00007ff93bb28000 	C:\Windows\SYSTEM32\ntdll.dll
0x00007ff93a6d0000 - 0x00007ff93a794000 	C:\Windows\System32\KERNEL32.DLL
0x00007ff938a20000 - 0x00007ff938df3000 	C:\Windows\System32\KERNELBASE.dll
0x00007ff939490000 - 0x00007ff9395a1000 	C:\Windows\System32\ucrtbase.dll
0x00007ff91e320000 - 0x00007ff91e338000 	c:\Users\Admin\.antigravity\extensions\redhat.java-1.54.0-win32-x64\jre\21.0.10-win32-x86_64\bin\jli.dll
0x00007ff93afd0000 - 0x00007ff93b182000 	C:\Windows\System32\USER32.dll
0x00007ff9391d0000 - 0x00007ff9391f6000 	C:\Windows\System32\win32u.dll
0x00007ff939690000 - 0x00007ff9396b9000 	C:\Windows\System32\GDI32.dll
0x00007ff938f70000 - 0x00007ff93908b000 	C:\Windows\System32\gdi32full.dll
0x00007ff91b920000 - 0x00007ff91b93e000 	c:\Users\Admin\.antigravity\extensions\redhat.java-1.54.0-win32-x64\jre\21.0.10-win32-x86_64\bin\VCRUNTIME140.dll
0x00007ff9392b0000 - 0x00007ff93934a000 	C:\Windows\System32\msvcp_win.dll
0x00007ff925e80000 - 0x00007ff92611c000 	C:\Windows\WinSxS\amd64_microsoft.windows.common-controls_6595b64144ccf1df_6.0.22621.6060_none_2712eda17382d24b\COMCTL32.dll
0x00007ff9396c0000 - 0x00007ff939767000 	C:\Windows\System32\msvcrt.dll
0x00007ff93a7a0000 - 0x00007ff93a7d1000 	C:\Windows\System32\IMM32.DLL
0x00007ff932cd0000 - 0x00007ff932cdc000 	c:\Users\Admin\.antigravity\extensions\redhat.java-1.54.0-win32-x64\jre\21.0.10-win32-x86_64\bin\vcruntime140_1.dll
0x00007ff904c10000 - 0x00007ff904c9d000 	c:\Users\Admin\.antigravity\extensions\redhat.java-1.54.0-win32-x64\jre\21.0.10-win32-x86_64\bin\msvcp140.dll
0x00007ff8ed170000 - 0x00007ff8edf11000 	c:\Users\Admin\.antigravity\extensions\redhat.java-1.54.0-win32-x64\jre\21.0.10-win32-x86_64\bin\server\jvm.dll
0x00007ff93b810000 - 0x00007ff93b8c1000 	C:\Windows\System32\ADVAPI32.dll
0x00007ff93a810000 - 0x00007ff93a8b8000 	C:\Windows\System32\sechost.dll
0x00007ff939280000 - 0x00007ff9392a8000 	C:\Windows\System32\bcrypt.dll
0x00007ff93adb0000 - 0x00007ff93aec8000 	C:\Windows\System32\RPCRT4.dll
0x00007ff93b630000 - 0x00007ff93b6a1000 	C:\Windows\System32\WS2_32.dll
0x00007ff9388f0000 - 0x00007ff93893d000 	C:\Windows\SYSTEM32\POWRPROF.dll
0x00007ff9332f0000 - 0x00007ff933324000 	C:\Windows\SYSTEM32\WINMM.dll
0x00007ff930730000 - 0x00007ff93073a000 	C:\Windows\SYSTEM32\VERSION.dll
0x00007ff9388d0000 - 0x00007ff9388e3000 	C:\Windows\SYSTEM32\UMPDC.dll
0x00007ff9379d0000 - 0x00007ff9379e8000 	C:\Windows\SYSTEM32\kernel.appcore.dll
0x00007ff930db0000 - 0x00007ff930dba000 	c:\Users\Admin\.antigravity\extensions\redhat.java-1.54.0-win32-x64\jre\21.0.10-win32-x86_64\bin\jimage.dll
0x00007ff92c470000 - 0x00007ff92c6a3000 	C:\Windows\SYSTEM32\DBGHELP.DLL
0x00007ff939920000 - 0x00007ff939cb1000 	C:\Windows\System32\combase.dll
0x00007ff93acd0000 - 0x00007ff93ada8000 	C:\Windows\System32\OLEAUT32.dll
0x00007ff92bd70000 - 0x00007ff92bda2000 	C:\Windows\SYSTEM32\dbgcore.DLL
0x00007ff939350000 - 0x00007ff9393cb000 	C:\Windows\System32\bcryptPrimitives.dll
0x00007ff928e20000 - 0x00007ff928e2f000 	c:\Users\Admin\.antigravity\extensions\redhat.java-1.54.0-win32-x64\jre\21.0.10-win32-x86_64\bin\instrument.dll
0x00007ff90e4a0000 - 0x00007ff90e4c0000 	c:\Users\Admin\.antigravity\extensions\redhat.java-1.54.0-win32-x64\jre\21.0.10-win32-x86_64\bin\java.dll
0x00007ff939cc0000 - 0x00007ff93a55c000 	C:\Windows\System32\SHELL32.dll
0x00007ff939090000 - 0x00007ff9391cf000 	C:\Windows\System32\wintypes.dll
0x00007ff9368d0000 - 0x00007ff9371ea000 	C:\Windows\SYSTEM32\windows.storage.dll
0x00007ff93abc0000 - 0x00007ff93acc4000 	C:\Windows\System32\SHCORE.dll
0x00007ff93aed0000 - 0x00007ff93af39000 	C:\Windows\System32\shlwapi.dll
0x00007ff938950000 - 0x00007ff938975000 	C:\Windows\SYSTEM32\profapi.dll
0x00007ff90d5e0000 - 0x00007ff90d5f8000 	c:\Users\Admin\.antigravity\extensions\redhat.java-1.54.0-win32-x64\jre\21.0.10-win32-x86_64\bin\zip.dll
0x00007ff9263d0000 - 0x00007ff9263e0000 	C:\Users\Admin\.antigravity\extensions\redhat.java-1.54.0-win32-x64\jre\21.0.10-win32-x86_64\bin\net.dll
0x00007ff934cd0000 - 0x00007ff934dfc000 	C:\Windows\SYSTEM32\WINHTTP.dll
0x00007ff937ee0000 - 0x00007ff937f49000 	C:\Windows\system32\mswsock.dll
0x00007ff90cb20000 - 0x00007ff90cb36000 	C:\Users\Admin\.antigravity\extensions\redhat.java-1.54.0-win32-x64\jre\21.0.10-win32-x86_64\bin\nio.dll
0x00007ff91e4d0000 - 0x00007ff91e4e0000 	c:\Users\Admin\.antigravity\extensions\redhat.java-1.54.0-win32-x64\jre\21.0.10-win32-x86_64\bin\verify.dll
0x00007ff906770000 - 0x00007ff9067b5000 	C:\Users\Admin\AppData\Roaming\Antigravity\User\globalStorage\redhat.java\1.54.0\config_ss_win\org.eclipse.equinox.launcher\org.eclipse.equinox.launcher.win32.win32.x86_64_1.3.0.v20260203-2149\eclipse_11919.dll
0x00007ff939770000 - 0x00007ff939911000 	C:\Windows\System32\ole32.dll
0x00007ff938140000 - 0x00007ff93815b000 	C:\Windows\SYSTEM32\CRYPTSP.dll
0x00007ff937930000 - 0x00007ff937967000 	C:\Windows\system32\rsaenh.dll
0x00007ff937fd0000 - 0x00007ff937ff8000 	C:\Windows\SYSTEM32\USERENV.dll
0x00007ff938130000 - 0x00007ff93813c000 	C:\Windows\SYSTEM32\CRYPTBASE.dll
0x00007ff937440000 - 0x00007ff93746d000 	C:\Windows\SYSTEM32\IPHLPAPI.DLL
0x00007ff93a800000 - 0x00007ff93a809000 	C:\Windows\System32\NSI.dll
0x00007ff904d70000 - 0x00007ff904db9000 	C:\Users\Admin\AppData\Local\Temp\jna-63116079\jna7254955810451302525.dll
0x00007ff93a9e0000 - 0x00007ff93a9e8000 	C:\Windows\System32\PSAPI.DLL
0x00007ff933570000 - 0x00007ff933589000 	C:\Windows\SYSTEM32\dhcpcsvc6.DLL
0x00007ff933520000 - 0x00007ff93353f000 	C:\Windows\SYSTEM32\dhcpcsvc.DLL

JVMTI agents:
c:\Users\Admin\.antigravity\extensions\redhat.java-1.54.0-win32-x64\lombok\lombok-1.18.39-4050.jar path:c:\Users\Admin\.antigravity\extensions\redhat.java-1.54.0-win32-x64\jre\21.0.10-win32-x86_64\bin\instrument.dll, loaded, initialized, instrumentlib options:none

dbghelp: loaded successfully - version: 4.0.5 - missing functions: none
symbol engine: initialized successfully - sym options: 0x614 - pdb path: .;c:\Users\Admin\.antigravity\extensions\redhat.java-1.54.0-win32-x64\jre\21.0.10-win32-x86_64\bin;C:\Windows\SYSTEM32;C:\Windows\WinSxS\amd64_microsoft.windows.common-controls_6595b64144ccf1df_6.0.22621.6060_none_2712eda17382d24b;c:\Users\Admin\.antigravity\extensions\redhat.java-1.54.0-win32-x64\jre\21.0.10-win32-x86_64\bin\server;C:\Users\Admin\AppData\Roaming\Antigravity\User\globalStorage\redhat.java\1.54.0\config_ss_win\org.eclipse.equinox.launcher\org.eclipse.equinox.launcher.win32.win32.x86_64_1.3.0.v20260203-2149;C:\Users\Admin\AppData\Local\Temp\jna-63116079

VM Arguments:
jvm_args: --add-modules=ALL-SYSTEM --add-opens=java.base/java.util=ALL-UNNAMED --add-opens=java.base/java.lang=ALL-UNNAMED --add-opens=java.base/sun.nio.fs=ALL-UNNAMED -Declipse.application=org.eclipse.jdt.ls.core.id1 -Dosgi.bundles.defaultStartLevel=4 -Declipse.product=org.eclipse.jdt.ls.core.product -Djava.import.generatesMetadataFilesAtProjectRoot=false -DDetectVMInstallationsJob.disabled=true -Dfile.encoding=utf8 -XX:+UseParallelGC -XX:GCTimeRatio=4 -XX:AdaptiveSizePolicyWeight=90 -Dsun.zip.disableMemoryMapping=true -Xmx2G -Xms100m -Xlog:disable -javaagent:c:\Users\Admin\.antigravity\extensions\redhat.java-1.54.0-win32-x64\lombok\lombok-1.18.39-4050.jar 
java_command: c:\Users\Admin\.antigravity\extensions\redhat.java-1.54.0-win32-x64\server\plugins\org.eclipse.equinox.launcher_1.7.100.v20251111-0406.jar -configuration c:\Users\Admin\AppData\Roaming\Antigravity\User\globalStorage\redhat.java\1.54.0\config_ss_win -data c:\Users\Admin\AppData\Roaming\Antigravity\User\workspaceStorage\458aae83574d7037a556d7725c321ec6\redhat.java\ss_ws --pipe=\\.\pipe\lsp-3222d9f7099ce351e4048d1f85c873ab-sock
java_class_path (initial): c:\Users\Admin\.antigravity\extensions\redhat.java-1.54.0-win32-x64\server\plugins\org.eclipse.equinox.launcher_1.7.100.v20251111-0406.jar
Launcher Type: SUN_STANDARD

[Global flags]
    uintx AdaptiveSizePolicyWeight                 = 90                                        {product} {command line}
     intx CICompilerCount                          = 4                                         {product} {ergonomic}
    uintx GCTimeRatio                              = 4                                         {product} {command line}
   size_t InitialHeapSize                          = 104857600                                 {product} {command line}
   size_t MaxHeapSize                              = 2147483648                                {product} {command line}
   size_t MaxNewSize                               = 715653120                                 {product} {ergonomic}
   size_t MinHeapDeltaBytes                        = 524288                                    {product} {ergonomic}
   size_t MinHeapSize                              = 104857600                                 {product} {command line}
   size_t NewSize                                  = 34603008                                  {product} {ergonomic}
    uintx NonNMethodCodeHeapSize                   = 5839372                                {pd product} {ergonomic}
    uintx NonProfiledCodeHeapSize                  = 122909434                              {pd product} {ergonomic}
   size_t OldSize                                  = 70254592                                  {product} {ergonomic}
    uintx ProfiledCodeHeapSize                     = 122909434                              {pd product} {ergonomic}
    uintx ReservedCodeCacheSize                    = 251658240                              {pd product} {ergonomic}
     bool SegmentedCodeCache                       = true                                      {product} {ergonomic}
   size_t SoftMaxHeapSize                          = 2147483648                             {manageable} {ergonomic}
     bool UseCompressedOops                        = true                           {product lp64_product} {ergonomic}
     bool UseLargePagesIndividualAllocation        = false                                  {pd product} {ergonomic}
     bool UseParallelGC                            = true                                      {product} {command line}

Logging:
Log output configuration:
 #0: stdout all=off uptime,level,tags foldmultilines=false
 #1: stderr all=off uptime,level,tags foldmultilines=false

Release file:
JAVA_VERSION="21.0.10" 
MODULES="java.base java.compiler java.datatransfer java.xml java.prefs java.desktop java.instrument java.logging java.management java.security.sasl java.naming java.rmi java.management.rmi java.net.http java.scripting java.security.jgss java.transaction.xa java.sql java.sql.rowset java.xml.crypto java.se java.smartcardio jdk.accessibility jdk.internal.jvmstat jdk.attach jdk.charsets jdk.internal.opt jdk.zipfs jdk.compiler jdk.crypto.ec jdk.crypto.cryptoki jdk.crypto.mscapi jdk.dynalink jdk.internal.ed jdk.editpad jdk.hotspot.agent jdk.httpserver jdk.internal.le jdk.internal.vm.ci jdk.internal.vm.compiler jdk.internal.vm.compiler.management jdk.jartool jdk.javadoc jdk.jcmd jdk.management jdk.management.agent jdk.jconsole jdk.jdeps jdk.jdwp.agent jdk.jdi jdk.jfr jdk.jshell jdk.jsobject jdk.jstatd jdk.localedata jdk.management.jfr jdk.naming.dns jdk.naming.rmi jdk.net jdk.nio.mapmode jdk.random jdk.sctp jdk.security.auth jdk.security.jgss jdk.unsupported jdk.unsupported.desktop jdk.xml.dom" 

Environment Variables:
JAVA_HOME=D:\OS\dowload easy\Java JDK\jdk-17.0.11
PATH=C:\Windows\system32;C:\Windows;C:\Windows\System32\Wbem;C:\Windows\System32\WindowsPowerShell\v1.0\;C:\Windows\System32\OpenSSH\;C:\Program Files\Git\cmd;D:\OS\dowload easy\Java JDK\jdk-17.0.11\bin;D:\OS\dowload easy\apache-maven-3.8.5\bin;C:\Users\Admin\AppData\Local\nvm;C:\nvm4w\nodejs;C:\Program Files\Docker\Docker\resources\bin;C:\Program Files\MySQL\MySQL Shell 8.0\bin\;C:\Users\Admin\.local\bin;C:\Users\Admin\AppData\Local\Microsoft\WindowsApps;C:\Program Files\JetBrains\DataGrip 2025.3.5\bin;C:\Users\Admin\AppData\Local\Programs\Microsoft VS Code\bin;C:\Users\Admin\AppData\Local\GitHubDesktop\bin;C:\Users\Admin\AppData\Local\nvm;C:\nvm4w\nodejs;C:\Users\Admin\AppData\Local\Python\bin;D:\Data\Antigravity\bin
USERNAME=Admin
OS=Windows_NT
PROCESSOR_IDENTIFIER=AMD64 Family 25 Model 80 Stepping 0, AuthenticAMD
TMP=C:\Users\Admin\AppData\Local\Temp
TEMP=C:\Users\Admin\AppData\Local\Temp




Periodic native trim disabled

---------------  S Y S T E M  ---------------

OS:
 Windows 11 , 64 bit Build 22621 (10.0.22621.5415)
OS uptime: 0 days 0:16 hours
Hyper-V role detected

CPU: total 12 (initial active 12) (12 cores per cpu, 2 threads per core) family 25 model 80 stepping 0 microcode 0x0, cx8, cmov, fxsr, ht, mmx, 3dnowpref, sse, sse2, sse3, ssse3, sse4a, sse4.1, sse4.2, popcnt, lzcnt, tsc, tscinvbit, avx, avx2, aes, erms, clmul, bmi1, bmi2, adx, sha, fma, vzeroupper, clflush, clflushopt, hv, rdtscp, rdpid, fsrm, f16c, cet_ss
Processor Information for the first 12 processors :
  Max Mhz: 3301, Current Mhz: 3301, Mhz Limit: 3301

Memory: 4k page, system-wide physical 15720M (456M free)
TotalPageFile size 32653M (AvailPageFile size 0M)
current process WorkingSet (physical memory assigned to process): 261M, peak: 272M
current process commit charge ("private bytes"): 375M, peak: 387M

vm_info: OpenJDK 64-Bit Server VM (21.0.10+7-LTS) for windows-amd64 JRE (21.0.10+7-LTS), built on 2026-01-20T00:00:00Z by "admin" with MS VC++ 17.12 (VS2022)

END.
