#
# There is insufficient memory for the Java Runtime Environment to continue.
# Native memory allocation (malloc) failed to allocate 889216 bytes. Error detail: Chunk::new
# Possible reasons:
#   The system is out of physical RAM or swap space
#   This process is running with CompressedOops enabled, and the Java Heap may be blocking the growth of the native heap
# Possible solutions:
#   Reduce memory load on the system
#   Increase physical memory or swap space
#   Check if swap backing store is full
#   Decrease Java heap size (-Xmx/-Xms)
#   Decrease number of Java threads
#   Decrease Java thread stack sizes (-Xss)
#   Set larger code cache with -XX:ReservedCodeCacheSize=
#   JVM is running with Unscaled Compressed Oops mode in which the Java heap is
#     placed in the first 4GB address space. The Java Heap base address is the
#     maximum limit for the native heap growth. Please use -XX:HeapBaseMinAddress
#     to set the Java Heap base and to place the Java Heap above 4GB virtual address.
# This output file may be truncated or incomplete.
#
#  Out of Memory Error (arena.cpp:168), pid=328, tid=19976
#
# JRE version: OpenJDK Runtime Environment Temurin-21.0.10+7 (21.0.10+7) (build 21.0.10+7-LTS)
# Java VM: OpenJDK 64-Bit Server VM Temurin-21.0.10+7 (21.0.10+7-LTS, mixed mode, sharing, tiered, compressed oops, compressed class ptrs, parallel gc, windows-amd64)
# No core dump will be written. Minidumps are not enabled by default on client versions of Windows
#

---------------  S U M M A R Y ------------

Command Line: --add-modules=ALL-SYSTEM --add-opens=java.base/java.util=ALL-UNNAMED --add-opens=java.base/java.lang=ALL-UNNAMED --add-opens=java.base/sun.nio.fs=ALL-UNNAMED -Declipse.application=org.eclipse.jdt.ls.core.id1 -Dosgi.bundles.defaultStartLevel=4 -Declipse.product=org.eclipse.jdt.ls.core.product -Djava.import.generatesMetadataFilesAtProjectRoot=false -DDetectVMInstallationsJob.disabled=true -Dfile.encoding=utf8 -XX:+UseParallelGC -XX:GCTimeRatio=4 -XX:AdaptiveSizePolicyWeight=90 -Dsun.zip.disableMemoryMapping=true -Xmx2G -Xms100m -Xlog:disable -javaagent:c:\Users\Admin\.antigravity\extensions\redhat.java-1.54.0-win32-x64\lombok\lombok-1.18.39-4050.jar c:\Users\Admin\.antigravity\extensions\redhat.java-1.54.0-win32-x64\server\plugins\org.eclipse.equinox.launcher_1.7.100.v20251111-0406.jar -configuration c:\Users\Admin\AppData\Roaming\Antigravity\User\globalStorage\redhat.java\1.54.0\config_ss_win -data c:\Users\Admin\AppData\Roaming\Antigravity\User\workspaceStorage\458aae83574d7037a556d7725c321ec6\redhat.java\ss_ws --pipe=\\.\pipe\lsp-b5d044cef632a321214da3879f498c8f-sock

Host: AMD Ryzen 5 5600H with Radeon Graphics         , 12 cores, 15G,  Windows 11 , 64 bit Build 22621 (10.0.22621.5415)
Time: Mon Jun  1 09:01:08 2026 SE Asia Standard Time elapsed time: 8.582624 seconds (0d 0h 0m 8s)

---------------  T H R E A D  ---------------

Current thread (0x0000023a70014a40):  JavaThread "C2 CompilerThread0" daemon [_thread_in_native, id=19976, stack(0x000000ca5a700000,0x000000ca5a800000) (1024K)]


Current CompileTask:
C2:8582 5062   !   4       org.eclipse.osgi.internal.loader.BundleLoader::findClass0 (490 bytes)

Stack: [0x000000ca5a700000,0x000000ca5a800000]
Native frames: (J=compiled Java code, j=interpreted, Vv=VM code, C=native code)
V  [jvm.dll+0x6d7a39]
V  [jvm.dll+0x8b4b26]
V  [jvm.dll+0x8b70de]
V  [jvm.dll+0x8b77c3]
V  [jvm.dll+0x284346]
V  [jvm.dll+0xc66ed]
V  [jvm.dll+0xc6c31]
V  [jvm.dll+0x2fb29e]
V  [jvm.dll+0x5fe884]
V  [jvm.dll+0x255b17]
V  [jvm.dll+0x24e21f]
V  [jvm.dll+0x24ba42]
V  [jvm.dll+0x1cb34e]
V  [jvm.dll+0x25b85d]
V  [jvm.dll+0x259dea]
V  [jvm.dll+0x3f857e]
V  [jvm.dll+0x85f59d]
V  [jvm.dll+0x6d626d]
C  [ucrtbase.dll+0x29333]
C  [KERNEL32.DLL+0x1259d]
C  [ntdll.dll+0x5af78]


---------------  P R O C E S S  ---------------

Threads class SMR info:
_java_thread_list=0x0000023a70536850, length=38, elements={
0x0000023a5365c560, 0x0000023a70000080, 0x0000023a70001bb0, 0x0000023a70005360,
0x0000023a70006280, 0x0000023a70007cc0, 0x0000023a7000fd30, 0x0000023a70014a40,
0x0000023a7001e500, 0x0000023a70215bd0, 0x0000023a70405d20, 0x0000023a70b934a0,
0x0000023a709c63e0, 0x0000023a70c28740, 0x0000023a70899e70, 0x0000023a70d857e0,
0x0000023a70fab650, 0x0000023a70fb2be0, 0x0000023a70fb05a0, 0x0000023a70fb0c30,
0x0000023a70faff10, 0x0000023a70faf880, 0x0000023a71283430, 0x0000023a71280cd0,
0x0000023a71282da0, 0x0000023a71286220, 0x0000023a7127f920, 0x0000023a71283ac0,
0x0000023a712847e0, 0x0000023a71284150, 0x0000023a71284e70, 0x0000023a71285500,
0x0000023a71282080, 0x0000023a71285b90, 0x0000023a7127f290, 0x0000023a712868b0,
0x0000023a732d9d10, 0x0000023a732d50d0
}

Java Threads: ( => current thread )
  0x0000023a5365c560 JavaThread "main"                              [_thread_blocked, id=24324, stack(0x000000ca59d00000,0x000000ca59e00000) (1024K)]
  0x0000023a70000080 JavaThread "Reference Handler"          daemon [_thread_blocked, id=18712, stack(0x000000ca5a100000,0x000000ca5a200000) (1024K)]
  0x0000023a70001bb0 JavaThread "Finalizer"                  daemon [_thread_blocked, id=4540, stack(0x000000ca5a200000,0x000000ca5a300000) (1024K)]
  0x0000023a70005360 JavaThread "Signal Dispatcher"          daemon [_thread_blocked, id=22256, stack(0x000000ca5a300000,0x000000ca5a400000) (1024K)]
  0x0000023a70006280 JavaThread "Attach Listener"            daemon [_thread_blocked, id=27968, stack(0x000000ca5a400000,0x000000ca5a500000) (1024K)]
  0x0000023a70007cc0 JavaThread "Service Thread"             daemon [_thread_blocked, id=26552, stack(0x000000ca5a500000,0x000000ca5a600000) (1024K)]
  0x0000023a7000fd30 JavaThread "Monitor Deflation Thread"   daemon [_thread_blocked, id=27744, stack(0x000000ca5a600000,0x000000ca5a700000) (1024K)]
=>0x0000023a70014a40 JavaThread "C2 CompilerThread0"         daemon [_thread_in_native, id=19976, stack(0x000000ca5a700000,0x000000ca5a800000) (1024K)]
  0x0000023a7001e500 JavaThread "C1 CompilerThread0"         daemon [_thread_in_vm, id=27480, stack(0x000000ca5a800000,0x000000ca5a900000) (1024K)]
  0x0000023a70215bd0 JavaThread "Common-Cleaner"             daemon [_thread_blocked, id=23324, stack(0x000000ca5aa00000,0x000000ca5ab00000) (1024K)]
  0x0000023a70405d20 JavaThread "Notification Thread"        daemon [_thread_blocked, id=24752, stack(0x000000ca5ab00000,0x000000ca5ac00000) (1024K)]
  0x0000023a70b934a0 JavaThread "Active Thread: Equinox Container: 9bbfed7d-49c9-44c4-bf12-bf08c6899d74"        [_thread_blocked, id=3260, stack(0x000000ca5b300000,0x000000ca5b400000) (1024K)]
  0x0000023a709c63e0 JavaThread "Framework Event Dispatcher: Equinox Container: 9bbfed7d-49c9-44c4-bf12-bf08c6899d74" daemon [_thread_blocked, id=21636, stack(0x000000ca5b400000,0x000000ca5b500000) (1024K)]
  0x0000023a70c28740 JavaThread "Start Level: Equinox Container: 9bbfed7d-49c9-44c4-bf12-bf08c6899d74" daemon [_thread_blocked, id=25860, stack(0x000000ca5b500000,0x000000ca5b600000) (1024K)]
  0x0000023a70899e70 JavaThread "SCR Component Actor"        daemon [_thread_blocked, id=16756, stack(0x000000ca5b200000,0x000000ca5b300000) (1024K)]
  0x0000023a70d857e0 JavaThread "Worker-JM"                         [_thread_blocked, id=16972, stack(0x000000ca5a900000,0x000000ca5aa00000) (1024K)]
  0x0000023a70fab650 JavaThread "JNA Cleaner"                daemon [_thread_blocked, id=19492, stack(0x000000ca5b900000,0x000000ca5ba00000) (1024K)]
  0x0000023a70fb2be0 JavaThread "Worker-0"                          [_thread_blocked, id=23904, stack(0x000000ca5ba00000,0x000000ca5bb00000) (1024K)]
  0x0000023a70fb05a0 JavaThread "Worker-1"                          [_thread_blocked, id=22608, stack(0x000000ca5bb00000,0x000000ca5bc00000) (1024K)]
  0x0000023a70fb0c30 JavaThread "Worker-2"                          [_thread_blocked, id=20576, stack(0x000000ca5bc00000,0x000000ca5bd00000) (1024K)]
  0x0000023a70faff10 JavaThread "Thread-1"                   daemon [_thread_in_native, id=8732, stack(0x000000ca5be00000,0x000000ca5bf00000) (1024K)]
  0x0000023a70faf880 JavaThread "Thread-2"                   daemon [_thread_in_native, id=27764, stack(0x000000ca5bf00000,0x000000ca5c000000) (1024K)]
  0x0000023a71283430 JavaThread "Thread-3"                   daemon [_thread_in_native, id=25808, stack(0x000000ca5c000000,0x000000ca5c100000) (1024K)]
  0x0000023a71280cd0 JavaThread "Thread-4"                   daemon [_thread_in_native, id=26504, stack(0x000000ca5c100000,0x000000ca5c200000) (1024K)]
  0x0000023a71282da0 JavaThread "Thread-5"                   daemon [_thread_in_native, id=12908, stack(0x000000ca5c200000,0x000000ca5c300000) (1024K)]
  0x0000023a71286220 JavaThread "Thread-6"                   daemon [_thread_in_native, id=24044, stack(0x000000ca5c300000,0x000000ca5c400000) (1024K)]
  0x0000023a7127f920 JavaThread "Thread-7"                   daemon [_thread_in_native, id=23264, stack(0x000000ca5c400000,0x000000ca5c500000) (1024K)]
  0x0000023a71283ac0 JavaThread "Thread-8"                   daemon [_thread_in_native, id=24868, stack(0x000000ca5c500000,0x000000ca5c600000) (1024K)]
  0x0000023a712847e0 JavaThread "Thread-9"                   daemon [_thread_in_native, id=26908, stack(0x000000ca5c600000,0x000000ca5c700000) (1024K)]
  0x0000023a71284150 JavaThread "Thread-10"                  daemon [_thread_in_native, id=4768, stack(0x000000ca5c700000,0x000000ca5c800000) (1024K)]
  0x0000023a71284e70 JavaThread "Thread-11"                  daemon [_thread_in_native, id=11672, stack(0x000000ca5c800000,0x000000ca5c900000) (1024K)]
  0x0000023a71285500 JavaThread "Thread-12"                  daemon [_thread_in_native, id=4868, stack(0x000000ca5c900000,0x000000ca5ca00000) (1024K)]
  0x0000023a71282080 JavaThread "Thread-13"                  daemon [_thread_in_native, id=15296, stack(0x000000ca5ca00000,0x000000ca5cb00000) (1024K)]
  0x0000023a71285b90 JavaThread "pool-2-thread-1"                   [_thread_blocked, id=1792, stack(0x000000ca5cb00000,0x000000ca5cc00000) (1024K)]
  0x0000023a7127f290 JavaThread "WorkspaceEventsHandler"            [_thread_blocked, id=22676, stack(0x000000ca5cd00000,0x000000ca5ce00000) (1024K)]
  0x0000023a712868b0 JavaThread "pool-1-thread-1"                   [_thread_in_Java, id=12068, stack(0x000000ca5ce00000,0x000000ca5cf00000) (1024K)]
  0x0000023a732d9d10 JavaThread "C2 CompilerThread1"         daemon [_thread_in_native, id=22568, stack(0x000000ca5bd00000,0x000000ca5be00000) (1024K)]
  0x0000023a732d50d0 JavaThread "C2 CompilerThread2"         daemon [_thread_in_native, id=13248, stack(0x000000ca5cc00000,0x000000ca5cd00000) (1024K)]
Total: 38

Other Threads:
  0x0000023a6a0f5810 VMThread "VM Thread"                           [id=23004, stack(0x000000ca5a000000,0x000000ca5a100000) (1024K)]
  0x0000023a69feca00 WatcherThread "VM Periodic Task Thread"        [id=24056, stack(0x000000ca59f00000,0x000000ca5a000000) (1024K)]
  0x0000023a5367bc50 WorkerThread "GC Thread#0"                     [id=21744, stack(0x000000ca59e00000,0x000000ca59f00000) (1024K)]
  0x0000023a70411130 WorkerThread "GC Thread#1"                     [id=27684, stack(0x000000ca5ac00000,0x000000ca5ad00000) (1024K)]
  0x0000023a704118f0 WorkerThread "GC Thread#2"                     [id=27256, stack(0x000000ca5ad00000,0x000000ca5ae00000) (1024K)]
  0x0000023a704165f0 WorkerThread "GC Thread#3"                     [id=22488, stack(0x000000ca5ae00000,0x000000ca5af00000) (1024K)]
  0x0000023a7078c990 WorkerThread "GC Thread#4"                     [id=11524, stack(0x000000ca5af00000,0x000000ca5b000000) (1024K)]
  0x0000023a7078cd40 WorkerThread "GC Thread#5"                     [id=26776, stack(0x000000ca5b000000,0x000000ca5b100000) (1024K)]
  0x0000023a7078d0f0 WorkerThread "GC Thread#6"                     [id=22924, stack(0x000000ca5b100000,0x000000ca5b200000) (1024K)]
  0x0000023a70c1e1a0 WorkerThread "GC Thread#7"                     [id=16628, stack(0x000000ca5b600000,0x000000ca5b700000) (1024K)]
  0x0000023a70dddb30 WorkerThread "GC Thread#8"                     [id=27252, stack(0x000000ca5b700000,0x000000ca5b800000) (1024K)]
  0x0000023a70e4ee20 WorkerThread "GC Thread#9"                     [id=9912, stack(0x000000ca5b800000,0x000000ca5b900000) (1024K)]
Total: 12

Threads with active compile tasks:
C2 CompilerThread0  8613 5062   !   4       org.eclipse.osgi.internal.loader.BundleLoader::findClass0 (490 bytes)
C1 CompilerThread0  8613 5187       3       lombok.core.configuration.BubblingConfigurationResolver::resolve (432 bytes)
C2 CompilerThread1  8613 5089       4       org.eclipse.jdt.internal.compiler.parser.Parser::consumeRule (7843 bytes)
C2 CompilerThread2  8613 5095       4       java.lang.String::split (242 bytes)
Total: 4

VM state: not at safepoint (normal execution)

VM Mutex/Monitor currently owned by a thread: None

Heap address: 0x0000000080000000, size: 2048 MB, Compressed Oops mode: 32-bit

CDS archive(s) mapped at: [0x0000023a00000000-0x0000023a00ba0000-0x0000023a00ba0000), size 12189696, SharedBaseAddress: 0x0000023a00000000, ArchiveRelocationMode: 1.
Compressed class space mapped at: 0x0000023a01000000-0x0000023a41000000, reserved size: 1073741824
Narrow klass base: 0x0000023a00000000, Narrow klass shift: 0, Narrow klass range: 0x100000000

GC Precious Log:
 CardTable entry size: 512
 CPUs: 12 total, 12 available
 Memory: 15720M
 Large Page Support: Disabled
 NUMA Support: Disabled
 Compressed Oops: Enabled (32-bit)
 Alignments: Space 512K, Generation 512K, Heap 2M
 Heap Min Capacity: 100M
 Heap Initial Capacity: 100M
 Heap Max Capacity: 2G
 Pre-touch: Disabled
 Parallel Workers: 10

Heap:
 PSYoungGen      total 22016K, used 3553K [0x00000000d5580000, 0x00000000d6d80000, 0x0000000100000000)
  eden space 20992K, 12% used [0x00000000d5580000,0x00000000d5808728,0x00000000d6a00000)
  from space 1024K, 93% used [0x00000000d6b80000,0x00000000d6c70020,0x00000000d6c80000)
  to   space 1536K, 0% used [0x00000000d6a00000,0x00000000d6a00000,0x00000000d6b80000)
 ParOldGen       total 68608K, used 28985K [0x0000000080000000, 0x0000000084300000, 0x00000000d5580000)
  object space 68608K, 42% used [0x0000000080000000,0x0000000081c4e458,0x0000000084300000)
 Metaspace       used 38847K, committed 39808K, reserved 1114112K
  class space    used 3910K, committed 4352K, reserved 1048576K

Card table byte_map: [0x0000023a53010000,0x0000023a53420000] _byte_map_base: 0x0000023a52c10000

Marking Bits: (ParMarkBitMap*) 0x00007ffb91263450
 Begin Bits: [0x0000023a65b10000, 0x0000023a67b10000)
 End Bits:   [0x0000023a67b10000, 0x0000023a69b10000)

Polling page: 0x0000023a51540000

Metaspace:

Usage:
  Non-class:     34.12 MB used.
      Class:      3.82 MB used.
       Both:     37.94 MB used.

Virtual space:
  Non-class space:       64.00 MB reserved,      34.62 MB ( 54%) committed,  1 nodes.
      Class space:        1.00 GB reserved,       4.25 MB ( <1%) committed,  1 nodes.
             Both:        1.06 GB reserved,      38.88 MB (  4%) committed. 

Chunk freelists:
   Non-Class:  13.19 MB
       Class:  11.72 MB
        Both:  24.91 MB

MaxMetaspaceSize: unlimited
CompressedClassSpaceSize: 1.00 GB
Initial GC threshold: 21.00 MB
Current GC threshold: 58.38 MB
CDS: on
 - commit_granule_bytes: 65536.
 - commit_granule_words: 8192.
 - virtual_space_node_default_size: 8388608.
 - enlarge_chunks_in_place: 1.
 - use_allocation_guard: 0.


Internal statistics:

num_allocs_failed_limit: 6.
num_arena_births: 706.
num_arena_deaths: 14.
num_vsnodes_births: 2.
num_vsnodes_deaths: 0.
num_space_committed: 622.
num_space_uncommitted: 0.
num_chunks_returned_to_freelist: 20.
num_chunks_taken_from_freelist: 2256.
num_chunk_merges: 12.
num_chunk_splits: 1499.
num_chunks_enlarged: 970.
num_inconsistent_stats: 0.

CodeHeap 'non-profiled nmethods': size=120000Kb used=2903Kb max_used=2903Kb free=117096Kb
 bounds [0x0000023a5e330000, 0x0000023a5e620000, 0x0000023a65860000]
CodeHeap 'profiled nmethods': size=120000Kb used=9990Kb max_used=9990Kb free=110009Kb
 bounds [0x0000023a56860000, 0x0000023a57230000, 0x0000023a5dd90000]
CodeHeap 'non-nmethods': size=5760Kb used=1382Kb max_used=1415Kb free=4377Kb
 bounds [0x0000023a5dd90000, 0x0000023a5e000000, 0x0000023a5e330000]
CodeCache: size=245760Kb, used=14275Kb, max_used=14308Kb, free=231482Kb
 total_blobs=5464, nmethods=4779, adapters=591, full_count=0
Compilation: enabled, stopped_count=0, restarted_count=0

Compilation events (20 events):
Event: 8.570 Thread 0x0000023a7001e500 nmethod 5136 0x0000023a56d96710 code [0x0000023a56d96a20, 0x0000023a56d97918]
Event: 8.571 Thread 0x0000023a7001e500 5138       3       org.eclipse.jdt.internal.core.util.CommentRecorderParser::flushCommentsDefinedPriorTo (260 bytes)
Event: 8.571 Thread 0x0000023a7001e500 nmethod 5138 0x0000023a56d95590 code [0x0000023a56d95800, 0x0000023a56d96340]
Event: 8.572 Thread 0x0000023a7001e500 5139       3       org.eclipse.jdt.internal.compiler.SourceElementParser::constructTypeReference (765 bytes)
Event: 8.574 Thread 0x0000023a7001e500 nmethod 5139 0x0000023a56d10a90 code [0x0000023a56d10e80, 0x0000023a56d12f20]
Event: 8.574 Thread 0x0000023a7001e500 5141       3       java.io.File::getParentFile (41 bytes)
Event: 8.574 Thread 0x0000023a7001e500 nmethod 5141 0x0000023a5687c790 code [0x0000023a5687c980, 0x0000023a5687cd30]
Event: 8.574 Thread 0x0000023a7001e500 5143       3       lombok.eclipse.Eclipse::toQualifiedName (128 bytes)
Event: 8.575 Thread 0x0000023a7001e500 nmethod 5143 0x0000023a56d0ff10 code [0x0000023a56d10120, 0x0000023a56d107c8]
Event: 8.575 Thread 0x0000023a7001e500 5140       3       org.eclipse.jdt.internal.compiler.parser.Parser::isParsingJava10Plus (25 bytes)
Event: 8.575 Thread 0x0000023a7001e500 nmethod 5140 0x0000023a5687c390 code [0x0000023a5687c540, 0x0000023a5687c6f8]
Event: 8.575 Thread 0x0000023a7001e500 5142       3       lombok.core.LombokNode::top (8 bytes)
Event: 8.575 Thread 0x0000023a7001e500 nmethod 5142 0x0000023a56d0fa10 code [0x0000023a56d0fbc0, 0x0000023a56d0fdf0]
Event: 8.575 Thread 0x0000023a7001e500 5144       3       lombok.core.TypeResolver::typeRefToFullyQualifiedName (487 bytes)
Event: 8.578 Thread 0x0000023a7001e500 nmethod 5144 0x0000023a56b4a290 code [0x0000023a56b4a8c0, 0x0000023a56b4e088]
Event: 8.580 Thread 0x0000023a7001e500 5145       3       org.eclipse.jdt.internal.core.util.CommentRecorderParser::resetModifiers (17 bytes)
Event: 8.580 Thread 0x0000023a7001e500 nmethod 5145 0x0000023a56d0f510 code [0x0000023a56d0f6c0, 0x0000023a56d0f8b0]
Event: 8.580 Thread 0x0000023a7001e500 5147       3       org.eclipse.jdt.internal.compiler.parser.Parser::getTypeReference (70 bytes)
Event: 8.581 Thread 0x0000023a7001e500 nmethod 5147 0x0000023a56d94510 code [0x0000023a56d94760, 0x0000023a56d952e0]
Event: 8.581 Thread 0x0000023a7001e500 5146       3       org.eclipse.jdt.internal.compiler.parser.Parser::resetModifiers (24 bytes)

GC Heap History (20 events):
Event: 6.158 GC heap before
{Heap before GC invocations=13 (full 1):
 PSYoungGen      total 24576K, used 24512K [0x00000000d5580000, 0x00000000d7180000, 0x0000000100000000)
  eden space 22016K, 100% used [0x00000000d5580000,0x00000000d6b00000,0x00000000d6b00000)
  from space 2560K, 97% used [0x00000000d6d00000,0x00000000d6f70010,0x00000000d6f80000)
  to   space 2048K, 0% used [0x00000000d6f80000,0x00000000d6f80000,0x00000000d7180000)
 ParOldGen       total 68608K, used 16900K [0x0000000080000000, 0x0000000084300000, 0x00000000d5580000)
  object space 68608K, 24% used [0x0000000080000000,0x00000000810810e8,0x0000000084300000)
 Metaspace       used 32268K, committed 33216K, reserved 1114112K
  class space    used 3243K, committed 3648K, reserved 1048576K
}
Event: 6.161 GC heap after
{Heap after GC invocations=13 (full 1):
 PSYoungGen      total 23552K, used 2033K [0x00000000d5580000, 0x00000000d7500000, 0x0000000100000000)
  eden space 21504K, 0% used [0x00000000d5580000,0x00000000d5580000,0x00000000d6a80000)
  from space 2048K, 99% used [0x00000000d6f80000,0x00000000d717c420,0x00000000d7180000)
  to   space 5120K, 0% used [0x00000000d6a80000,0x00000000d6a80000,0x00000000d6f80000)
 ParOldGen       total 68608K, used 19588K [0x0000000080000000, 0x0000000084300000, 0x00000000d5580000)
  object space 68608K, 28% used [0x0000000080000000,0x00000000813210f8,0x0000000084300000)
 Metaspace       used 32268K, committed 33216K, reserved 1114112K
  class space    used 3243K, committed 3648K, reserved 1048576K
}
Event: 6.259 GC heap before
{Heap before GC invocations=14 (full 1):
 PSYoungGen      total 23552K, used 23537K [0x00000000d5580000, 0x00000000d7500000, 0x0000000100000000)
  eden space 21504K, 100% used [0x00000000d5580000,0x00000000d6a80000,0x00000000d6a80000)
  from space 2048K, 99% used [0x00000000d6f80000,0x00000000d717c420,0x00000000d7180000)
  to   space 5120K, 0% used [0x00000000d6a80000,0x00000000d6a80000,0x00000000d6f80000)
 ParOldGen       total 68608K, used 19588K [0x0000000080000000, 0x0000000084300000, 0x00000000d5580000)
  object space 68608K, 28% used [0x0000000080000000,0x00000000813210f8,0x0000000084300000)
 Metaspace       used 32293K, committed 33216K, reserved 1114112K
  class space    used 3243K, committed 3648K, reserved 1048576K
}
Event: 6.263 GC heap after
{Heap after GC invocations=14 (full 1):
 PSYoungGen      total 24064K, used 2500K [0x00000000d5580000, 0x00000000d7180000, 0x0000000100000000)
  eden space 21504K, 0% used [0x00000000d5580000,0x00000000d5580000,0x00000000d6a80000)
  from space 2560K, 97% used [0x00000000d6a80000,0x00000000d6cf1000,0x00000000d6d00000)
  to   space 3584K, 0% used [0x00000000d6e00000,0x00000000d6e00000,0x00000000d7180000)
 ParOldGen       total 68608K, used 21551K [0x0000000080000000, 0x0000000084300000, 0x00000000d5580000)
  object space 68608K, 31% used [0x0000000080000000,0x000000008150be00,0x0000000084300000)
 Metaspace       used 32293K, committed 33216K, reserved 1114112K
  class space    used 3243K, committed 3648K, reserved 1048576K
}
Event: 6.399 GC heap before
{Heap before GC invocations=15 (full 1):
 PSYoungGen      total 24064K, used 24004K [0x00000000d5580000, 0x00000000d7180000, 0x0000000100000000)
  eden space 21504K, 100% used [0x00000000d5580000,0x00000000d6a80000,0x00000000d6a80000)
  from space 2560K, 97% used [0x00000000d6a80000,0x00000000d6cf1000,0x00000000d6d00000)
  to   space 3584K, 0% used [0x00000000d6e00000,0x00000000d6e00000,0x00000000d7180000)
 ParOldGen       total 68608K, used 21551K [0x0000000080000000, 0x0000000084300000, 0x00000000d5580000)
  object space 68608K, 31% used [0x0000000080000000,0x000000008150be00,0x0000000084300000)
 Metaspace       used 32317K, committed 33280K, reserved 1114112K
  class space    used 3244K, committed 3648K, reserved 1048576K
}
Event: 6.404 GC heap after
{Heap after GC invocations=15 (full 1):
 PSYoungGen      total 24064K, used 2304K [0x00000000d5580000, 0x00000000d7080000, 0x0000000100000000)
  eden space 21504K, 0% used [0x00000000d5580000,0x00000000d5580000,0x00000000d6a80000)
  from space 2560K, 90% used [0x00000000d6e00000,0x00000000d7040000,0x00000000d7080000)
  to   space 2560K, 0% used [0x00000000d6a80000,0x00000000d6a80000,0x00000000d6d00000)
 ParOldGen       total 68608K, used 23982K [0x0000000080000000, 0x0000000084300000, 0x00000000d5580000)
  object space 68608K, 34% used [0x0000000080000000,0x000000008176b8b0,0x0000000084300000)
 Metaspace       used 32317K, committed 33280K, reserved 1114112K
  class space    used 3244K, committed 3648K, reserved 1048576K
}
Event: 6.548 GC heap before
{Heap before GC invocations=16 (full 1):
 PSYoungGen      total 24064K, used 23808K [0x00000000d5580000, 0x00000000d7080000, 0x0000000100000000)
  eden space 21504K, 100% used [0x00000000d5580000,0x00000000d6a80000,0x00000000d6a80000)
  from space 2560K, 90% used [0x00000000d6e00000,0x00000000d7040000,0x00000000d7080000)
  to   space 2560K, 0% used [0x00000000d6a80000,0x00000000d6a80000,0x00000000d6d00000)
 ParOldGen       total 68608K, used 23982K [0x0000000080000000, 0x0000000084300000, 0x00000000d5580000)
  object space 68608K, 34% used [0x0000000080000000,0x000000008176b8b0,0x0000000084300000)
 Metaspace       used 32350K, committed 33280K, reserved 1114112K
  class space    used 3244K, committed 3648K, reserved 1048576K
}
Event: 6.552 GC heap after
{Heap after GC invocations=16 (full 1):
 PSYoungGen      total 24064K, used 2432K [0x00000000d5580000, 0x00000000d6f80000, 0x0000000100000000)
  eden space 21504K, 0% used [0x00000000d5580000,0x00000000d5580000,0x00000000d6a80000)
  from space 2560K, 95% used [0x00000000d6a80000,0x00000000d6ce0010,0x00000000d6d00000)
  to   space 2560K, 0% used [0x00000000d6d00000,0x00000000d6d00000,0x00000000d6f80000)
 ParOldGen       total 68608K, used 26102K [0x0000000080000000, 0x0000000084300000, 0x00000000d5580000)
  object space 68608K, 38% used [0x0000000080000000,0x000000008197d8b0,0x0000000084300000)
 Metaspace       used 32350K, committed 33280K, reserved 1114112K
  class space    used 3244K, committed 3648K, reserved 1048576K
}
Event: 6.956 GC heap before
{Heap before GC invocations=17 (full 1):
 PSYoungGen      total 24064K, used 23936K [0x00000000d5580000, 0x00000000d6f80000, 0x0000000100000000)
  eden space 21504K, 100% used [0x00000000d5580000,0x00000000d6a80000,0x00000000d6a80000)
  from space 2560K, 95% used [0x00000000d6a80000,0x00000000d6ce0010,0x00000000d6d00000)
  to   space 2560K, 0% used [0x00000000d6d00000,0x00000000d6d00000,0x00000000d6f80000)
 ParOldGen       total 68608K, used 26102K [0x0000000080000000, 0x0000000084300000, 0x00000000d5580000)
  object space 68608K, 38% used [0x0000000080000000,0x000000008197d8b0,0x0000000084300000)
 Metaspace       used 34565K, committed 35520K, reserved 1114112K
  class space    used 3499K, committed 3904K, reserved 1048576K
}
Event: 6.959 GC heap after
{Heap after GC invocations=17 (full 1):
 PSYoungGen      total 23040K, used 1484K [0x00000000d5580000, 0x00000000d6e80000, 0x0000000100000000)
  eden space 21504K, 0% used [0x00000000d5580000,0x00000000d5580000,0x00000000d6a80000)
  from space 1536K, 96% used [0x00000000d6d00000,0x00000000d6e73158,0x00000000d6e80000)
  to   space 2048K, 0% used [0x00000000d6a80000,0x00000000d6a80000,0x00000000d6c80000)
 ParOldGen       total 68608K, used 28406K [0x0000000080000000, 0x0000000084300000, 0x00000000d5580000)
  object space 68608K, 41% used [0x0000000080000000,0x0000000081bbdac0,0x0000000084300000)
 Metaspace       used 34565K, committed 35520K, reserved 1114112K
  class space    used 3499K, committed 3904K, reserved 1048576K
}
Event: 7.115 GC heap before
{Heap before GC invocations=18 (full 1):
 PSYoungGen      total 23040K, used 22988K [0x00000000d5580000, 0x00000000d6e80000, 0x0000000100000000)
  eden space 21504K, 100% used [0x00000000d5580000,0x00000000d6a80000,0x00000000d6a80000)
  from space 1536K, 96% used [0x00000000d6d00000,0x00000000d6e73158,0x00000000d6e80000)
  to   space 2048K, 0% used [0x00000000d6a80000,0x00000000d6a80000,0x00000000d6c80000)
 ParOldGen       total 68608K, used 28406K [0x0000000080000000, 0x0000000084300000, 0x00000000d5580000)
  object space 68608K, 41% used [0x0000000080000000,0x0000000081bbdac0,0x0000000084300000)
 Metaspace       used 34645K, committed 35520K, reserved 1114112K
  class space    used 3504K, committed 3904K, reserved 1048576K
}
Event: 7.118 GC heap after
{Heap after GC invocations=18 (full 1):
 PSYoungGen      total 22528K, used 932K [0x00000000d5580000, 0x00000000d6d80000, 0x0000000100000000)
  eden space 21504K, 0% used [0x00000000d5580000,0x00000000d5580000,0x00000000d6a80000)
  from space 1024K, 91% used [0x00000000d6a80000,0x00000000d6b69008,0x00000000d6b80000)
  to   space 1536K, 0% used [0x00000000d6c00000,0x00000000d6c00000,0x00000000d6d80000)
 ParOldGen       total 68608K, used 29750K [0x0000000080000000, 0x0000000084300000, 0x00000000d5580000)
  object space 68608K, 43% used [0x0000000080000000,0x0000000081d0d878,0x0000000084300000)
 Metaspace       used 34645K, committed 35520K, reserved 1114112K
  class space    used 3504K, committed 3904K, reserved 1048576K
}
Event: 7.183 GC heap before
{Heap before GC invocations=19 (full 1):
 PSYoungGen      total 22528K, used 16051K [0x00000000d5580000, 0x00000000d6d80000, 0x0000000100000000)
  eden space 21504K, 70% used [0x00000000d5580000,0x00000000d6443cc8,0x00000000d6a80000)
  from space 1024K, 91% used [0x00000000d6a80000,0x00000000d6b69008,0x00000000d6b80000)
  to   space 1536K, 0% used [0x00000000d6c00000,0x00000000d6c00000,0x00000000d6d80000)
 ParOldGen       total 68608K, used 29750K [0x0000000080000000, 0x0000000084300000, 0x00000000d5580000)
  object space 68608K, 43% used [0x0000000080000000,0x0000000081d0d878,0x0000000084300000)
 Metaspace       used 34948K, committed 35840K, reserved 1114112K
  class space    used 3523K, committed 3904K, reserved 1048576K
}
Event: 7.184 GC heap after
{Heap after GC invocations=19 (full 1):
 PSYoungGen      total 22016K, used 288K [0x00000000d5580000, 0x00000000d6c80000, 0x0000000100000000)
  eden space 21504K, 0% used [0x00000000d5580000,0x00000000d5580000,0x00000000d6a80000)
  from space 512K, 56% used [0x00000000d6c00000,0x00000000d6c48000,0x00000000d6c80000)
  to   space 1024K, 0% used [0x00000000d6a80000,0x00000000d6a80000,0x00000000d6b80000)
 ParOldGen       total 68608K, used 29822K [0x0000000080000000, 0x0000000084300000, 0x00000000d5580000)
  object space 68608K, 43% used [0x0000000080000000,0x0000000081d1f878,0x0000000084300000)
 Metaspace       used 34948K, committed 35840K, reserved 1114112K
  class space    used 3523K, committed 3904K, reserved 1048576K
}
Event: 7.184 GC heap before
{Heap before GC invocations=20 (full 2):
 PSYoungGen      total 22016K, used 288K [0x00000000d5580000, 0x00000000d6c80000, 0x0000000100000000)
  eden space 21504K, 0% used [0x00000000d5580000,0x00000000d5580000,0x00000000d6a80000)
  from space 512K, 56% used [0x00000000d6c00000,0x00000000d6c48000,0x00000000d6c80000)
  to   space 1024K, 0% used [0x00000000d6a80000,0x00000000d6a80000,0x00000000d6b80000)
 ParOldGen       total 68608K, used 29822K [0x0000000080000000, 0x0000000084300000, 0x00000000d5580000)
  object space 68608K, 43% used [0x0000000080000000,0x0000000081d1f878,0x0000000084300000)
 Metaspace       used 34948K, committed 35840K, reserved 1114112K
  class space    used 3523K, committed 3904K, reserved 1048576K
}
Event: 7.228 GC heap after
{Heap after GC invocations=20 (full 2):
 PSYoungGen      total 22016K, used 0K [0x00000000d5580000, 0x00000000d6c80000, 0x0000000100000000)
  eden space 21504K, 0% used [0x00000000d5580000,0x00000000d5580000,0x00000000d6a80000)
  from space 512K, 0% used [0x00000000d6c00000,0x00000000d6c00000,0x00000000d6c80000)
  to   space 1024K, 0% used [0x00000000d6a80000,0x00000000d6a80000,0x00000000d6b80000)
 ParOldGen       total 68608K, used 28689K [0x0000000080000000, 0x0000000084300000, 0x00000000d5580000)
  object space 68608K, 41% used [0x0000000080000000,0x0000000081c04458,0x0000000084300000)
 Metaspace       used 34948K, committed 35840K, reserved 1114112K
  class space    used 3523K, committed 3904K, reserved 1048576K
}
Event: 7.869 GC heap before
{Heap before GC invocations=21 (full 2):
 PSYoungGen      total 22016K, used 21504K [0x00000000d5580000, 0x00000000d6c80000, 0x0000000100000000)
  eden space 21504K, 100% used [0x00000000d5580000,0x00000000d6a80000,0x00000000d6a80000)
  from space 512K, 0% used [0x00000000d6c00000,0x00000000d6c00000,0x00000000d6c80000)
  to   space 1024K, 0% used [0x00000000d6a80000,0x00000000d6a80000,0x00000000d6b80000)
 ParOldGen       total 68608K, used 28689K [0x0000000080000000, 0x0000000084300000, 0x00000000d5580000)
  object space 68608K, 41% used [0x0000000080000000,0x0000000081c04458,0x0000000084300000)
 Metaspace       used 36803K, committed 37824K, reserved 1114112K
  class space    used 3710K, committed 4160K, reserved 1048576K
}
Event: 7.870 GC heap after
{Heap after GC invocations=21 (full 2):
 PSYoungGen      total 22528K, used 512K [0x00000000d5580000, 0x00000000d6c80000, 0x0000000100000000)
  eden space 21504K, 0% used [0x00000000d5580000,0x00000000d5580000,0x00000000d6a80000)
  from space 1024K, 50% used [0x00000000d6a80000,0x00000000d6b00010,0x00000000d6b80000)
  to   space 1024K, 0% used [0x00000000d6b80000,0x00000000d6b80000,0x00000000d6c80000)
 ParOldGen       total 68608K, used 28697K [0x0000000080000000, 0x0000000084300000, 0x00000000d5580000)
  object space 68608K, 41% used [0x0000000080000000,0x0000000081c06458,0x0000000084300000)
 Metaspace       used 36803K, committed 37824K, reserved 1114112K
  class space    used 3710K, committed 4160K, reserved 1048576K
}
Event: 8.524 GC heap before
{Heap before GC invocations=22 (full 2):
 PSYoungGen      total 22528K, used 22016K [0x00000000d5580000, 0x00000000d6c80000, 0x0000000100000000)
  eden space 21504K, 100% used [0x00000000d5580000,0x00000000d6a80000,0x00000000d6a80000)
  from space 1024K, 50% used [0x00000000d6a80000,0x00000000d6b00010,0x00000000d6b80000)
  to   space 1024K, 0% used [0x00000000d6b80000,0x00000000d6b80000,0x00000000d6c80000)
 ParOldGen       total 68608K, used 28697K [0x0000000080000000, 0x0000000084300000, 0x00000000d5580000)
  object space 68608K, 41% used [0x0000000080000000,0x0000000081c06458,0x0000000084300000)
 Metaspace       used 38734K, committed 39744K, reserved 1114112K
  class space    used 3904K, committed 4352K, reserved 1048576K
}
Event: 8.525 GC heap after
{Heap after GC invocations=22 (full 2):
 PSYoungGen      total 22016K, used 960K [0x00000000d5580000, 0x00000000d6d80000, 0x0000000100000000)
  eden space 20992K, 0% used [0x00000000d5580000,0x00000000d5580000,0x00000000d6a00000)
  from space 1024K, 93% used [0x00000000d6b80000,0x00000000d6c70020,0x00000000d6c80000)
  to   space 1536K, 0% used [0x00000000d6a00000,0x00000000d6a00000,0x00000000d6b80000)
 ParOldGen       total 68608K, used 28985K [0x0000000080000000, 0x0000000084300000, 0x00000000d5580000)
  object space 68608K, 42% used [0x0000000080000000,0x0000000081c4e458,0x0000000084300000)
 Metaspace       used 38734K, committed 39744K, reserved 1114112K
  class space    used 3904K, committed 4352K, reserved 1048576K
}

Dll operation events (10 events):
Event: 0.010 Loaded shared library c:\Users\Admin\.antigravity\extensions\redhat.java-1.54.0-win32-x64\jre\21.0.10-win32-x86_64\bin\java.dll
Event: 0.092 Loaded shared library c:\Users\Admin\.antigravity\extensions\redhat.java-1.54.0-win32-x64\jre\21.0.10-win32-x86_64\bin\zip.dll
Event: 0.126 Loaded shared library C:\Users\Admin\.antigravity\extensions\redhat.java-1.54.0-win32-x64\jre\21.0.10-win32-x86_64\bin\instrument.dll
Event: 0.133 Loaded shared library C:\Users\Admin\.antigravity\extensions\redhat.java-1.54.0-win32-x64\jre\21.0.10-win32-x86_64\bin\net.dll
Event: 0.136 Loaded shared library C:\Users\Admin\.antigravity\extensions\redhat.java-1.54.0-win32-x64\jre\21.0.10-win32-x86_64\bin\nio.dll
Event: 0.144 Loaded shared library C:\Users\Admin\.antigravity\extensions\redhat.java-1.54.0-win32-x64\jre\21.0.10-win32-x86_64\bin\zip.dll
Event: 0.166 Loaded shared library C:\Users\Admin\.antigravity\extensions\redhat.java-1.54.0-win32-x64\jre\21.0.10-win32-x86_64\bin\jimage.dll
Event: 0.287 Loaded shared library c:\Users\Admin\.antigravity\extensions\redhat.java-1.54.0-win32-x64\jre\21.0.10-win32-x86_64\bin\verify.dll
Event: 1.914 Loaded shared library C:\Users\Admin\AppData\Roaming\Antigravity\User\globalStorage\redhat.java\1.54.0\config_ss_win\org.eclipse.equinox.launcher\org.eclipse.equinox.launcher.win32.win32.x86_64_1.3.0.v20260203-2149\eclipse_11919.dll
Event: 3.449 Loaded shared library C:\Users\Admin\AppData\Local\Temp\jna-63116079\jna11454068337977735081.dll

Deoptimization events (20 events):
Event: 8.552 Thread 0x0000023a712868b0 Uncommon trap: trap_request=0xffffffc6 fr.pc=0x0000023a5e3d014c relative=0x00000000000008cc
Event: 8.552 Thread 0x0000023a712868b0 Uncommon trap: reason=bimorphic_or_optimized_type_check action=maybe_recompile pc=0x0000023a5e3d014c method=lombok.eclipse.EclipseNode.traverse(Llombok/eclipse/EclipseASTVisitor;)V @ 542 c2
Event: 8.552 Thread 0x0000023a712868b0 DEOPT PACKING pc=0x0000023a5e3d014c sp=0x000000ca5cefd690
Event: 8.552 Thread 0x0000023a712868b0 DEOPT UNPACKING pc=0x0000023a5dde3aa2 sp=0x000000ca5cefd620 mode 2
Event: 8.552 Thread 0x0000023a712868b0 Uncommon trap: trap_request=0xffffffc6 fr.pc=0x0000023a5e3d014c relative=0x00000000000008cc
Event: 8.552 Thread 0x0000023a712868b0 Uncommon trap: reason=bimorphic_or_optimized_type_check action=maybe_recompile pc=0x0000023a5e3d014c method=lombok.eclipse.EclipseNode.traverse(Llombok/eclipse/EclipseASTVisitor;)V @ 542 c2
Event: 8.552 Thread 0x0000023a712868b0 DEOPT PACKING pc=0x0000023a5e3d014c sp=0x000000ca5cefd690
Event: 8.552 Thread 0x0000023a712868b0 DEOPT UNPACKING pc=0x0000023a5dde3aa2 sp=0x000000ca5cefd620 mode 2
Event: 8.552 Thread 0x0000023a712868b0 Uncommon trap: trap_request=0xffffffc6 fr.pc=0x0000023a5e3d014c relative=0x00000000000008cc
Event: 8.552 Thread 0x0000023a712868b0 Uncommon trap: reason=bimorphic_or_optimized_type_check action=maybe_recompile pc=0x0000023a5e3d014c method=lombok.eclipse.EclipseNode.traverse(Llombok/eclipse/EclipseASTVisitor;)V @ 542 c2
Event: 8.552 Thread 0x0000023a712868b0 DEOPT PACKING pc=0x0000023a5e3d014c sp=0x000000ca5cefd690
Event: 8.552 Thread 0x0000023a712868b0 DEOPT UNPACKING pc=0x0000023a5dde3aa2 sp=0x000000ca5cefd620 mode 2
Event: 8.552 Thread 0x0000023a712868b0 Uncommon trap: trap_request=0xffffffc6 fr.pc=0x0000023a5e3d014c relative=0x00000000000008cc
Event: 8.552 Thread 0x0000023a712868b0 Uncommon trap: reason=bimorphic_or_optimized_type_check action=maybe_recompile pc=0x0000023a5e3d014c method=lombok.eclipse.EclipseNode.traverse(Llombok/eclipse/EclipseASTVisitor;)V @ 542 c2
Event: 8.552 Thread 0x0000023a712868b0 DEOPT PACKING pc=0x0000023a5e3d014c sp=0x000000ca5cefd690
Event: 8.552 Thread 0x0000023a712868b0 DEOPT UNPACKING pc=0x0000023a5dde3aa2 sp=0x000000ca5cefd620 mode 2
Event: 8.567 Thread 0x0000023a712868b0 Uncommon trap: trap_request=0xffffffde fr.pc=0x0000023a5e5943f4 relative=0x0000000000000054
Event: 8.567 Thread 0x0000023a712868b0 Uncommon trap: reason=class_check action=maybe_recompile pc=0x0000023a5e5943f4 method=java.nio.file.Files.provider(Ljava/nio/file/Path;)Ljava/nio/file/spi/FileSystemProvider; @ 1 c2
Event: 8.568 Thread 0x0000023a712868b0 DEOPT PACKING pc=0x0000023a5e5943f4 sp=0x000000ca5cefdbe0
Event: 8.568 Thread 0x0000023a712868b0 DEOPT UNPACKING pc=0x0000023a5dde3aa2 sp=0x000000ca5cefdb70 mode 2

Classes loaded (20 events):
Event: 7.716 Loading class java/util/Vector$1
Event: 7.716 Loading class java/util/Vector$1 done
Event: 8.009 Loading class java/util/regex/Pattern$Caret
Event: 8.009 Loading class java/util/regex/Pattern$Caret done
Event: 8.171 Loading class java/util/regex/Pattern$Pos
Event: 8.171 Loading class java/util/regex/Pattern$Pos done
Event: 8.224 Loading class java/util/stream/ReferencePipeline$4
Event: 8.224 Loading class java/util/stream/ReferencePipeline$4 done
Event: 8.225 Loading class java/util/stream/Nodes$IntFixedNodeBuilder
Event: 8.225 Loading class java/util/stream/Node$Builder$OfInt
Event: 8.225 Loading class java/util/stream/Node$Builder$OfInt done
Event: 8.225 Loading class java/util/stream/Nodes$IntArrayNode
Event: 8.225 Loading class java/util/stream/Nodes$IntArrayNode done
Event: 8.225 Loading class java/util/stream/Nodes$IntFixedNodeBuilder done
Event: 8.225 Loading class java/util/stream/ReferencePipeline$4$1
Event: 8.226 Loading class java/util/stream/ReferencePipeline$4$1 done
Event: 8.388 Loading class java/util/Hashtable$ValueCollection
Event: 8.389 Loading class java/util/Hashtable$ValueCollection done
Event: 8.559 Loading class java/util/WeakHashMap$KeyIterator
Event: 8.559 Loading class java/util/WeakHashMap$KeyIterator done

Classes unloaded (7 events):
Event: 4.071 Thread 0x0000023a6a0f5810 Unloading class 0x0000023a01191400 'java/lang/invoke/LambdaForm$MH+0x0000023a01191400'
Event: 4.071 Thread 0x0000023a6a0f5810 Unloading class 0x0000023a01191000 'java/lang/invoke/LambdaForm$MH+0x0000023a01191000'
Event: 4.071 Thread 0x0000023a6a0f5810 Unloading class 0x0000023a01190c00 'java/lang/invoke/LambdaForm$MH+0x0000023a01190c00'
Event: 4.071 Thread 0x0000023a6a0f5810 Unloading class 0x0000023a01190800 'java/lang/invoke/LambdaForm$MH+0x0000023a01190800'
Event: 4.071 Thread 0x0000023a6a0f5810 Unloading class 0x0000023a01190400 'java/lang/invoke/LambdaForm$BMH+0x0000023a01190400'
Event: 4.071 Thread 0x0000023a6a0f5810 Unloading class 0x0000023a01190000 'java/lang/invoke/LambdaForm$DMH+0x0000023a01190000'
Event: 4.071 Thread 0x0000023a6a0f5810 Unloading class 0x0000023a0118ec00 'java/lang/invoke/LambdaForm$DMH+0x0000023a0118ec00'

Classes redefined (0 events):
No events

Internal exceptions (20 events):
Event: 5.346 Thread 0x0000023a5365c560 Exception <a 'java/lang/IncompatibleClassChangeError'{0x00000000d675af20}: Found class java.lang.Object, but interface was expected> (0x00000000d675af20) 
thrown [s\src\hotspot\share\interpreter\linkResolver.cpp, line 840]
Event: 5.347 Thread 0x0000023a5365c560 Exception <a 'java/lang/IncompatibleClassChangeError'{0x00000000d675ccd0}: Found class java.lang.Object, but interface was expected> (0x00000000d675ccd0) 
thrown [s\src\hotspot\share\interpreter\linkResolver.cpp, line 840]
Event: 5.503 Thread 0x0000023a712868b0 Exception <a 'java/lang/NoSuchMethodError'{0x00000000d5a37f08}: 'java.lang.Object java.lang.invoke.DirectMethodHandle$Holder.invokeInterface(java.lang.Object, java.lang.Object, java.lang.Object)'> (0x00000000d5a37f08) 
thrown [s\src\hotspot\share\interpreter\linkResolver.cpp, line 773]
Event: 5.522 Thread 0x0000023a712868b0 Exception <a 'java/io/FileNotFoundException'{0x00000000d5afd930}> (0x00000000d5afd930) 
thrown [s\src\hotspot\share\prims\jni.cpp, line 520]
Event: 5.554 Thread 0x0000023a712868b0 Exception <a 'sun/nio/fs/WindowsException'{0x00000000d60d6de0}> (0x00000000d60d6de0) 
thrown [s\src\hotspot\share\prims\jni.cpp, line 520]
Event: 5.604 Thread 0x0000023a712868b0 Exception <a 'java/lang/IncompatibleClassChangeError'{0x00000000d63ae9a0}: Found class java.lang.Object, but interface was expected> (0x00000000d63ae9a0) 
thrown [s\src\hotspot\share\interpreter\linkResolver.cpp, line 840]
Event: 5.742 Thread 0x0000023a712868b0 Implicit null exception at 0x0000023a5e51682a to 0x0000023a5e516af4
Event: 5.743 Thread 0x0000023a712868b0 Exception <a 'java/lang/NoSuchMethodError'{0x00000000d68690e0}: 'long java.lang.invoke.DirectMethodHandle$Holder.invokeStatic(java.lang.Object, java.lang.Object, int)'> (0x00000000d68690e0) 
thrown [s\src\hotspot\share\interpreter\linkResolver.cpp, line 773]
Event: 5.744 Thread 0x0000023a712868b0 Exception <a 'java/lang/NoSuchMethodError'{0x00000000d6873928}: 'java.lang.Object java.lang.invoke.DelegatingMethodHandle$Holder.reinvoke_L(java.lang.Object, int, long, java.lang.Object, java.lang.Object, int, java.lang.Object)'> (0x00000000d6873928) 
thrown [s\src\hotspot\share\interpreter\linkResolver.cpp, line 773]
Event: 5.905 Thread 0x0000023a712868b0 Exception <a 'java/lang/NoSuchMethodError'{0x00000000d5787500}: 'java.lang.Object java.lang.invoke.DirectMethodHandle$Holder.invokeStaticInit(java.lang.Object, java.lang.Object, java.lang.Object, java.lang.Object, java.lang.Object, java.lang.Object, java.lang.Object)'> (0x00000000d5787500) 
thrown [s\src\hotspot\share\interpreter\linkResolver.cpp, line 773]
Event: 5.906 Thread 0x0000023a712868b0 Exception <a 'java/lang/NoSuchMethodError'{0x00000000d578c648}: 'java.lang.Object java.lang.invoke.Invokers$Holder.invoke_MT(java.lang.Object, java.lang.Object, java.lang.Object, java.lang.Object, java.lang.Object, java.lang.Object, java.lang.Object, java.lang.Object, java.lang.Object, java.lang.Object)'> (0x00000000d578c648) 
thrown [s\src\hotspot\share\interpreter\linkResolver.cpp, line 773]
Event: 5.913 Thread 0x0000023a712868b0 Exception <a 'java/lang/NoSuchMethodError'{0x00000000d57cc508}: 'int java.lang.invoke.DirectMethodHandle$Holder.invokeVirtual(java.lang.Object, java.lang.Object, java.lang.Object)'> (0x00000000d57cc508) 
thrown [s\src\hotspot\share\interpreter\linkResolver.cpp, line 773]
Event: 5.913 Thread 0x0000023a712868b0 Exception <a 'java/lang/NoSuchMethodError'{0x00000000d57d08b0}: 'int java.lang.invoke.DirectMethodHandle$Holder.invokeStaticInit(java.lang.Object, int, int)'> (0x00000000d57d08b0) 
thrown [s\src\hotspot\share\interpreter\linkResolver.cpp, line 773]
Event: 5.914 Thread 0x0000023a712868b0 Exception <a 'java/lang/NoSuchMethodError'{0x00000000d57d8058}: 'int java.lang.invoke.DirectMethodHandle$Holder.invokeStaticInit(java.lang.Object, long, long)'> (0x00000000d57d8058) 
thrown [s\src\hotspot\share\interpreter\linkResolver.cpp, line 773]
Event: 5.915 Thread 0x0000023a712868b0 Exception <a 'java/lang/NoSuchMethodError'{0x00000000d57deda0}: 'int java.lang.invoke.DirectMethodHandle$Holder.invokeStaticInit(java.lang.Object, float, float)'> (0x00000000d57deda0) 
thrown [s\src\hotspot\share\interpreter\linkResolver.cpp, line 773]
Event: 5.916 Thread 0x0000023a712868b0 Exception <a 'java/lang/NoSuchMethodError'{0x00000000d57e5ae0}: 'int java.lang.invoke.DirectMethodHandle$Holder.invokeStaticInit(java.lang.Object, double, double)'> (0x00000000d57e5ae0) 
thrown [s\src\hotspot\share\interpreter\linkResolver.cpp, line 773]
Event: 5.917 Thread 0x0000023a712868b0 Exception <a 'java/lang/NoSuchMethodError'{0x00000000d57ea2f8}: 'int java.lang.invoke.DirectMethodHandle$Holder.invokeStatic(java.lang.Object, long)'> (0x00000000d57ea2f8) 
thrown [s\src\hotspot\share\interpreter\linkResolver.cpp, line 773]
Event: 5.921 Thread 0x0000023a712868b0 Exception <a 'java/lang/NoSuchMethodError'{0x00000000d5809470}: 'int java.lang.invoke.Invokers$Holder.linkToTargetMethod(java.lang.Object, java.lang.Object)'> (0x00000000d5809470) 
thrown [s\src\hotspot\share\interpreter\linkResolver.cpp, line 773]
Event: 6.578 Thread 0x0000023a712868b0 Implicit null exception at 0x0000023a5e51a0da to 0x0000023a5e51a0f1
Event: 6.841 Thread 0x0000023a712868b0 Exception <a 'java/lang/NoSuchMethodError'{0x00000000d662ef50}: 'java.lang.Object java.lang.invoke.DirectMethodHandle$Holder.invokeVirtual(java.lang.Object, java.lang.Object, int)'> (0x00000000d662ef50) 
thrown [s\src\hotspot\share\interpreter\linkResolver.cpp, line 773]

ZGC Phase Switch (0 events):
No events

VM Operations (20 events):
Event: 6.259 Executing safepoint VM operation: ParallelGCFailedAllocation (Allocation Failure)
Event: 6.263 Executing safepoint VM operation: ParallelGCFailedAllocation (Allocation Failure) done
Event: 6.399 Executing safepoint VM operation: ParallelGCFailedAllocation (Allocation Failure)
Event: 6.404 Executing safepoint VM operation: ParallelGCFailedAllocation (Allocation Failure) done
Event: 6.548 Executing safepoint VM operation: ParallelGCFailedAllocation (Allocation Failure)
Event: 6.552 Executing safepoint VM operation: ParallelGCFailedAllocation (Allocation Failure) done
Event: 6.855 Executing non-safepoint VM operation: HandshakeAllThreads (Deoptimize)
Event: 6.855 Executing non-safepoint VM operation: HandshakeAllThreads (Deoptimize) done
Event: 6.956 Executing safepoint VM operation: ParallelGCFailedAllocation (Allocation Failure)
Event: 6.959 Executing safepoint VM operation: ParallelGCFailedAllocation (Allocation Failure) done
Event: 7.115 Executing safepoint VM operation: ParallelGCFailedAllocation (Allocation Failure)
Event: 7.118 Executing safepoint VM operation: ParallelGCFailedAllocation (Allocation Failure) done
Event: 7.182 Executing safepoint VM operation: CollectForMetadataAllocation (Metadata GC Threshold)
Event: 7.228 Executing safepoint VM operation: CollectForMetadataAllocation (Metadata GC Threshold) done
Event: 7.869 Executing safepoint VM operation: ParallelGCFailedAllocation (Allocation Failure)
Event: 7.870 Executing safepoint VM operation: ParallelGCFailedAllocation (Allocation Failure) done
Event: 8.209 Executing non-safepoint VM operation: HandshakeAllThreads (Deoptimize)
Event: 8.209 Executing non-safepoint VM operation: HandshakeAllThreads (Deoptimize) done
Event: 8.523 Executing safepoint VM operation: ParallelGCFailedAllocation (Allocation Failure)
Event: 8.525 Executing safepoint VM operation: ParallelGCFailedAllocation (Allocation Failure) done

Memory protections (0 events):
No events

Nmethod flushes (20 events):
Event: 7.204 Thread 0x0000023a6a0f5810 flushing  nmethod 0x0000023a56cf2f10
Event: 7.204 Thread 0x0000023a6a0f5810 flushing  nmethod 0x0000023a56cf4510
Event: 7.204 Thread 0x0000023a6a0f5810 flushing  nmethod 0x0000023a56cf5090
Event: 7.204 Thread 0x0000023a6a0f5810 flushing  nmethod 0x0000023a56cf5d90
Event: 7.204 Thread 0x0000023a6a0f5810 flushing  nmethod 0x0000023a56cfbc90
Event: 7.204 Thread 0x0000023a6a0f5810 flushing  nmethod 0x0000023a56cfd310
Event: 7.204 Thread 0x0000023a6a0f5810 flushing  nmethod 0x0000023a56cfd690
Event: 7.204 Thread 0x0000023a6a0f5810 flushing  nmethod 0x0000023a56d01310
Event: 7.204 Thread 0x0000023a6a0f5810 flushing  nmethod 0x0000023a56d0f510
Event: 7.204 Thread 0x0000023a6a0f5810 flushing  nmethod 0x0000023a56d1a310
Event: 7.204 Thread 0x0000023a6a0f5810 flushing  nmethod 0x0000023a56d1de90
Event: 7.204 Thread 0x0000023a6a0f5810 flushing  nmethod 0x0000023a56d1e810
Event: 7.204 Thread 0x0000023a6a0f5810 flushing  nmethod 0x0000023a56d4c890
Event: 7.204 Thread 0x0000023a6a0f5810 flushing  nmethod 0x0000023a56d4cc90
Event: 7.204 Thread 0x0000023a6a0f5810 flushing  nmethod 0x0000023a56d53f10
Event: 7.204 Thread 0x0000023a6a0f5810 flushing  nmethod 0x0000023a56d56210
Event: 7.204 Thread 0x0000023a6a0f5810 flushing  nmethod 0x0000023a56d5c510
Event: 7.204 Thread 0x0000023a6a0f5810 flushing  nmethod 0x0000023a56d66390
Event: 7.204 Thread 0x0000023a6a0f5810 flushing osr nmethod 0x0000023a56d8f990
Event: 7.204 Thread 0x0000023a6a0f5810 flushing osr nmethod 0x0000023a56d93b90

Events (20 events):
Event: 4.893 Thread 0x0000023a5365c560 Thread added: 0x0000023a70faff10
Event: 4.894 Thread 0x0000023a5365c560 Thread added: 0x0000023a70faf880
Event: 4.894 Thread 0x0000023a5365c560 Thread added: 0x0000023a71283430
Event: 4.894 Thread 0x0000023a5365c560 Thread added: 0x0000023a71280cd0
Event: 4.894 Thread 0x0000023a5365c560 Thread added: 0x0000023a71282da0
Event: 4.894 Thread 0x0000023a5365c560 Thread added: 0x0000023a71286220
Event: 4.894 Thread 0x0000023a5365c560 Thread added: 0x0000023a7127f920
Event: 4.894 Thread 0x0000023a5365c560 Thread added: 0x0000023a71283ac0
Event: 4.894 Thread 0x0000023a5365c560 Thread added: 0x0000023a712847e0
Event: 4.894 Thread 0x0000023a5365c560 Thread added: 0x0000023a71284150
Event: 4.894 Thread 0x0000023a5365c560 Thread added: 0x0000023a71284e70
Event: 4.894 Thread 0x0000023a5365c560 Thread added: 0x0000023a71285500
Event: 4.894 Thread 0x0000023a5365c560 Thread added: 0x0000023a71282080
Event: 4.940 Thread 0x0000023a5365c560 Thread added: 0x0000023a71285b90
Event: 5.099 Thread 0x0000023a70014a40 Thread added: 0x0000023a72e137d0
Event: 5.365 Thread 0x0000023a5365c560 Thread added: 0x0000023a7127f290
Event: 5.365 Thread 0x0000023a5365c560 Thread added: 0x0000023a712868b0
Event: 7.574 Thread 0x0000023a72e137d0 Thread exited: 0x0000023a72e137d0
Event: 7.738 Thread 0x0000023a71bb6ed0 Thread exited: 0x0000023a71bb6ed0
Event: 8.169 Thread 0x0000023a7001e500 Thread added: 0x0000023a732d9d10


Dynamic libraries:
0x00007ff710e60000 - 0x00007ff710e6e000 	c:\Users\Admin\.antigravity\extensions\redhat.java-1.54.0-win32-x64\jre\21.0.10-win32-x86_64\bin\java.exe
0x00007ffbd2290000 - 0x00007ffbd24a8000 	C:\Windows\SYSTEM32\ntdll.dll
0x00007ffbd1300000 - 0x00007ffbd13c4000 	C:\Windows\System32\KERNEL32.DLL
0x00007ffbcf4a0000 - 0x00007ffbcf873000 	C:\Windows\System32\KERNELBASE.dll
0x00007ffbcfc70000 - 0x00007ffbcfd81000 	C:\Windows\System32\ucrtbase.dll
0x00007ffbb82c0000 - 0x00007ffbb82d8000 	c:\Users\Admin\.antigravity\extensions\redhat.java-1.54.0-win32-x64\jre\21.0.10-win32-x86_64\bin\jli.dll
0x00007ffbd0df0000 - 0x00007ffbd0fa2000 	C:\Windows\System32\USER32.dll
0x00007ffbcfc40000 - 0x00007ffbcfc66000 	C:\Windows\System32\win32u.dll
0x00007ffbd2220000 - 0x00007ffbd2249000 	C:\Windows\System32\GDI32.dll
0x00007ffbcfb20000 - 0x00007ffbcfc3b000 	C:\Windows\System32\gdi32full.dll
0x00007ffbcf9c0000 - 0x00007ffbcfa5a000 	C:\Windows\System32\msvcp_win.dll
0x00007ffbb74f0000 - 0x00007ffbb750e000 	c:\Users\Admin\.antigravity\extensions\redhat.java-1.54.0-win32-x64\jre\21.0.10-win32-x86_64\bin\VCRUNTIME140.dll
0x00007ffbbdc70000 - 0x00007ffbbdf0c000 	C:\Windows\WinSxS\amd64_microsoft.windows.common-controls_6595b64144ccf1df_6.0.22621.6060_none_2712eda17382d24b\COMCTL32.dll
0x00007ffbcff30000 - 0x00007ffbcffd7000 	C:\Windows\System32\msvcrt.dll
0x00007ffbd10f0000 - 0x00007ffbd1121000 	C:\Windows\System32\IMM32.DLL
0x00007ffbb8950000 - 0x00007ffbb895c000 	c:\Users\Admin\.antigravity\extensions\redhat.java-1.54.0-win32-x64\jre\21.0.10-win32-x86_64\bin\vcruntime140_1.dll
0x00007ffbb1e30000 - 0x00007ffbb1ebd000 	c:\Users\Admin\.antigravity\extensions\redhat.java-1.54.0-win32-x64\jre\21.0.10-win32-x86_64\bin\msvcp140.dll
0x00007ffb905a0000 - 0x00007ffb91341000 	c:\Users\Admin\.antigravity\extensions\redhat.java-1.54.0-win32-x64\jre\21.0.10-win32-x86_64\bin\server\jvm.dll
0x00007ffbd1430000 - 0x00007ffbd14e1000 	C:\Windows\System32\ADVAPI32.dll
0x00007ffbd1040000 - 0x00007ffbd10e8000 	C:\Windows\System32\sechost.dll
0x00007ffbcfd90000 - 0x00007ffbcfdb8000 	C:\Windows\System32\bcrypt.dll
0x00007ffbcffe0000 - 0x00007ffbd00f8000 	C:\Windows\System32\RPCRT4.dll
0x00007ffbd0210000 - 0x00007ffbd0281000 	C:\Windows\System32\WS2_32.dll
0x00007ffbcf270000 - 0x00007ffbcf2bd000 	C:\Windows\SYSTEM32\POWRPROF.dll
0x00007ffbca1f0000 - 0x00007ffbca224000 	C:\Windows\SYSTEM32\WINMM.dll
0x00007ffbc6f10000 - 0x00007ffbc6f1a000 	C:\Windows\SYSTEM32\VERSION.dll
0x00007ffbcf250000 - 0x00007ffbcf263000 	C:\Windows\SYSTEM32\UMPDC.dll
0x00007ffbce350000 - 0x00007ffbce368000 	C:\Windows\SYSTEM32\kernel.appcore.dll
0x00007ffbb8720000 - 0x00007ffbb872a000 	c:\Users\Admin\.antigravity\extensions\redhat.java-1.54.0-win32-x64\jre\21.0.10-win32-x86_64\bin\jimage.dll
0x00007ffbc3490000 - 0x00007ffbc36c3000 	C:\Windows\SYSTEM32\DBGHELP.DLL
0x00007ffbd04e0000 - 0x00007ffbd0871000 	C:\Windows\System32\combase.dll
0x00007ffbd1130000 - 0x00007ffbd1208000 	C:\Windows\System32\OLEAUT32.dll
0x00007ffbc4e30000 - 0x00007ffbc4e62000 	C:\Windows\SYSTEM32\dbgcore.DLL
0x00007ffbcf420000 - 0x00007ffbcf49b000 	C:\Windows\System32\bcryptPrimitives.dll
0x00007ffbb81e0000 - 0x00007ffbb81ef000 	c:\Users\Admin\.antigravity\extensions\redhat.java-1.54.0-win32-x64\jre\21.0.10-win32-x86_64\bin\instrument.dll
0x00007ffbb7450000 - 0x00007ffbb7470000 	c:\Users\Admin\.antigravity\extensions\redhat.java-1.54.0-win32-x64\jre\21.0.10-win32-x86_64\bin\java.dll
0x00007ffbd14f0000 - 0x00007ffbd1d8c000 	C:\Windows\System32\SHELL32.dll
0x00007ffbcf880000 - 0x00007ffbcf9bf000 	C:\Windows\System32\wintypes.dll
0x00007ffbcd250000 - 0x00007ffbcdb6a000 	C:\Windows\SYSTEM32\windows.storage.dll
0x00007ffbd1df0000 - 0x00007ffbd1ef4000 	C:\Windows\System32\SHCORE.dll
0x00007ffbd1210000 - 0x00007ffbd1279000 	C:\Windows\System32\shlwapi.dll
0x00007ffbcf2d0000 - 0x00007ffbcf2f5000 	C:\Windows\SYSTEM32\profapi.dll
0x00007ffbb8450000 - 0x00007ffbb8468000 	c:\Users\Admin\.antigravity\extensions\redhat.java-1.54.0-win32-x64\jre\21.0.10-win32-x86_64\bin\zip.dll
0x00007ffbb7710000 - 0x00007ffbb7720000 	C:\Users\Admin\.antigravity\extensions\redhat.java-1.54.0-win32-x64\jre\21.0.10-win32-x86_64\bin\net.dll
0x00007ffbcb510000 - 0x00007ffbcb63c000 	C:\Windows\SYSTEM32\WINHTTP.dll
0x00007ffbce860000 - 0x00007ffbce8c9000 	C:\Windows\system32\mswsock.dll
0x00007ffbb3f00000 - 0x00007ffbb3f16000 	C:\Users\Admin\.antigravity\extensions\redhat.java-1.54.0-win32-x64\jre\21.0.10-win32-x86_64\bin\nio.dll
0x00007ffbb5040000 - 0x00007ffbb5050000 	c:\Users\Admin\.antigravity\extensions\redhat.java-1.54.0-win32-x64\jre\21.0.10-win32-x86_64\bin\verify.dll
0x00007ffbb4400000 - 0x00007ffbb4445000 	C:\Users\Admin\AppData\Roaming\Antigravity\User\globalStorage\redhat.java\1.54.0\config_ss_win\org.eclipse.equinox.launcher\org.eclipse.equinox.launcher.win32.win32.x86_64_1.3.0.v20260203-2149\eclipse_11919.dll
0x00007ffbd2070000 - 0x00007ffbd2211000 	C:\Windows\System32\ole32.dll
0x00007ffbceab0000 - 0x00007ffbceacb000 	C:\Windows\SYSTEM32\CRYPTSP.dll
0x00007ffbce2b0000 - 0x00007ffbce2e7000 	C:\Windows\system32\rsaenh.dll
0x00007ffbce950000 - 0x00007ffbce978000 	C:\Windows\SYSTEM32\USERENV.dll
0x00007ffbcead0000 - 0x00007ffbceadc000 	C:\Windows\SYSTEM32\CRYPTBASE.dll
0x00007ffbcddd0000 - 0x00007ffbcddfd000 	C:\Windows\SYSTEM32\IPHLPAPI.DLL
0x00007ffbd0fb0000 - 0x00007ffbd0fb9000 	C:\Windows\System32\NSI.dll
0x00007ffba53a0000 - 0x00007ffba53e9000 	C:\Users\Admin\AppData\Local\Temp\jna-63116079\jna11454068337977735081.dll
0x00007ffbd12f0000 - 0x00007ffbd12f8000 	C:\Windows\System32\PSAPI.DLL
0x00007ffbca650000 - 0x00007ffbca669000 	C:\Windows\SYSTEM32\dhcpcsvc6.DLL
0x00007ffbca4f0000 - 0x00007ffbca50f000 	C:\Windows\SYSTEM32\dhcpcsvc.DLL

JVMTI agents:
c:\Users\Admin\.antigravity\extensions\redhat.java-1.54.0-win32-x64\lombok\lombok-1.18.39-4050.jar path:c:\Users\Admin\.antigravity\extensions\redhat.java-1.54.0-win32-x64\jre\21.0.10-win32-x86_64\bin\instrument.dll, loaded, initialized, instrumentlib options:none

dbghelp: loaded successfully - version: 4.0.5 - missing functions: none
symbol engine: initialized successfully - sym options: 0x614 - pdb path: .;c:\Users\Admin\.antigravity\extensions\redhat.java-1.54.0-win32-x64\jre\21.0.10-win32-x86_64\bin;C:\Windows\SYSTEM32;C:\Windows\WinSxS\amd64_microsoft.windows.common-controls_6595b64144ccf1df_6.0.22621.6060_none_2712eda17382d24b;c:\Users\Admin\.antigravity\extensions\redhat.java-1.54.0-win32-x64\jre\21.0.10-win32-x86_64\bin\server;C:\Users\Admin\AppData\Roaming\Antigravity\User\globalStorage\redhat.java\1.54.0\config_ss_win\org.eclipse.equinox.launcher\org.eclipse.equinox.launcher.win32.win32.x86_64_1.3.0.v20260203-2149;C:\Users\Admin\AppData\Local\Temp\jna-63116079

VM Arguments:
jvm_args: --add-modules=ALL-SYSTEM --add-opens=java.base/java.util=ALL-UNNAMED --add-opens=java.base/java.lang=ALL-UNNAMED --add-opens=java.base/sun.nio.fs=ALL-UNNAMED -Declipse.application=org.eclipse.jdt.ls.core.id1 -Dosgi.bundles.defaultStartLevel=4 -Declipse.product=org.eclipse.jdt.ls.core.product -Djava.import.generatesMetadataFilesAtProjectRoot=false -DDetectVMInstallationsJob.disabled=true -Dfile.encoding=utf8 -XX:+UseParallelGC -XX:GCTimeRatio=4 -XX:AdaptiveSizePolicyWeight=90 -Dsun.zip.disableMemoryMapping=true -Xmx2G -Xms100m -Xlog:disable -javaagent:c:\Users\Admin\.antigravity\extensions\redhat.java-1.54.0-win32-x64\lombok\lombok-1.18.39-4050.jar 
java_command: c:\Users\Admin\.antigravity\extensions\redhat.java-1.54.0-win32-x64\server\plugins\org.eclipse.equinox.launcher_1.7.100.v20251111-0406.jar -configuration c:\Users\Admin\AppData\Roaming\Antigravity\User\globalStorage\redhat.java\1.54.0\config_ss_win -data c:\Users\Admin\AppData\Roaming\Antigravity\User\workspaceStorage\458aae83574d7037a556d7725c321ec6\redhat.java\ss_ws --pipe=\\.\pipe\lsp-b5d044cef632a321214da3879f498c8f-sock
java_class_path (initial): c:\Users\Admin\.antigravity\extensions\redhat.java-1.54.0-win32-x64\server\plugins\org.eclipse.equinox.launcher_1.7.100.v20251111-0406.jar
Launcher Type: SUN_STANDARD

[Global flags]
    uintx AdaptiveSizePolicyWeight                 = 90                                        {product} {command line}
     intx CICompilerCount                          = 4                                         {product} {ergonomic}
    uintx GCTimeRatio                              = 4                                         {product} {command line}
   size_t InitialHeapSize                          = 104857600                                 {product} {command line}
   size_t MaxHeapSize                              = 2147483648                                {product} {command line}
   size_t MaxNewSize                               = 715653120                                 {product} {ergonomic}
   size_t MinHeapDeltaBytes                        = 524288                                    {product} {ergonomic}
   size_t MinHeapSize                              = 104857600                                 {product} {command line}
   size_t NewSize                                  = 34603008                                  {product} {ergonomic}
    uintx NonNMethodCodeHeapSize                   = 5839372                                {pd product} {ergonomic}
    uintx NonProfiledCodeHeapSize                  = 122909434                              {pd product} {ergonomic}
   size_t OldSize                                  = 70254592                                  {product} {ergonomic}
    uintx ProfiledCodeHeapSize                     = 122909434                              {pd product} {ergonomic}
    uintx ReservedCodeCacheSize                    = 251658240                              {pd product} {ergonomic}
     bool SegmentedCodeCache                       = true                                      {product} {ergonomic}
   size_t SoftMaxHeapSize                          = 2147483648                             {manageable} {ergonomic}
     bool UseCompressedOops                        = true                           {product lp64_product} {ergonomic}
     bool UseLargePagesIndividualAllocation        = false                                  {pd product} {ergonomic}
     bool UseParallelGC                            = true                                      {product} {command line}

Logging:
Log output configuration:
 #0: stdout all=off uptime,level,tags foldmultilines=false
 #1: stderr all=off uptime,level,tags foldmultilines=false

Release file:
JAVA_VERSION="21.0.10" 
MODULES="java.base java.compiler java.datatransfer java.xml java.prefs java.desktop java.instrument java.logging java.management java.security.sasl java.naming java.rmi java.management.rmi java.net.http java.scripting java.security.jgss java.transaction.xa java.sql java.sql.rowset java.xml.crypto java.se java.smartcardio jdk.accessibility jdk.internal.jvmstat jdk.attach jdk.charsets jdk.internal.opt jdk.zipfs jdk.compiler jdk.crypto.ec jdk.crypto.cryptoki jdk.crypto.mscapi jdk.dynalink jdk.internal.ed jdk.editpad jdk.hotspot.agent jdk.httpserver jdk.internal.le jdk.internal.vm.ci jdk.internal.vm.compiler jdk.internal.vm.compiler.management jdk.jartool jdk.javadoc jdk.jcmd jdk.management jdk.management.agent jdk.jconsole jdk.jdeps jdk.jdwp.agent jdk.jdi jdk.jfr jdk.jshell jdk.jsobject jdk.jstatd jdk.localedata jdk.management.jfr jdk.naming.dns jdk.naming.rmi jdk.net jdk.nio.mapmode jdk.random jdk.sctp jdk.security.auth jdk.security.jgss jdk.unsupported jdk.unsupported.desktop jdk.xml.dom" 

Environment Variables:
JAVA_HOME=D:\OS\dowload easy\Java JDK\jdk-17.0.11
PATH=C:\Windows\system32;C:\Windows;C:\Windows\System32\Wbem;C:\Windows\System32\WindowsPowerShell\v1.0\;C:\Windows\System32\OpenSSH\;C:\Program Files\Git\cmd;D:\OS\dowload easy\Java JDK\jdk-17.0.11\bin;D:\OS\dowload easy\apache-maven-3.8.5\bin;C:\Users\Admin\AppData\Local\nvm;C:\nvm4w\nodejs;C:\Program Files\Docker\Docker\resources\bin;C:\Program Files\MySQL\MySQL Shell 8.0\bin\;C:\Users\Admin\.local\bin;C:\Users\Admin\AppData\Local\Microsoft\WindowsApps;C:\Program Files\JetBrains\DataGrip 2025.3.5\bin;C:\Users\Admin\AppData\Local\Programs\Microsoft VS Code\bin;C:\Users\Admin\AppData\Local\GitHubDesktop\bin;C:\Users\Admin\AppData\Local\nvm;C:\nvm4w\nodejs;C:\Users\Admin\AppData\Local\Python\bin;D:\Data\Antigravity\bin
USERNAME=Admin
OS=Windows_NT
PROCESSOR_IDENTIFIER=AMD64 Family 25 Model 80 Stepping 0, AuthenticAMD
TMP=C:\Users\Admin\AppData\Local\Temp
TEMP=C:\Users\Admin\AppData\Local\Temp




Periodic native trim disabled

---------------  S Y S T E M  ---------------

OS:
 Windows 11 , 64 bit Build 22621 (10.0.22621.5415)
OS uptime: 0 days 1:02 hours
Hyper-V role detected

CPU: total 12 (initial active 12) (12 cores per cpu, 2 threads per core) family 25 model 80 stepping 0 microcode 0x0, cx8, cmov, fxsr, ht, mmx, 3dnowpref, sse, sse2, sse3, ssse3, sse4a, sse4.1, sse4.2, popcnt, lzcnt, tsc, tscinvbit, avx, avx2, aes, erms, clmul, bmi1, bmi2, adx, sha, fma, vzeroupper, clflush, clflushopt, hv, rdtscp, rdpid, fsrm, f16c, cet_ss
Processor Information for processor 0
  Max Mhz: 3301, Current Mhz: 3301, Mhz Limit: 3301
Processor Information for processor 1
  Max Mhz: 3301, Current Mhz: 3301, Mhz Limit: 3301
Processor Information for processor 2
  Max Mhz: 3301, Current Mhz: 3301, Mhz Limit: 3301
Processor Information for processor 3
  Max Mhz: 3301, Current Mhz: 3301, Mhz Limit: 3301
Processor Information for processor 4
  Max Mhz: 3301, Current Mhz: 3301, Mhz Limit: 3301
Processor Information for processor 5
  Max Mhz: 3301, Current Mhz: 3301, Mhz Limit: 3301
Processor Information for processor 6
  Max Mhz: 3301, Current Mhz: 3301, Mhz Limit: 3301
Processor Information for processor 7
  Max Mhz: 3301, Current Mhz: 3301, Mhz Limit: 3301
Processor Information for processor 8
  Max Mhz: 3301, Current Mhz: 3301, Mhz Limit: 3301
Processor Information for processor 9
  Max Mhz: 3301, Current Mhz: 2630, Mhz Limit: 3301
Processor Information for processor 10
  Max Mhz: 3301, Current Mhz: 3301, Mhz Limit: 3301
Processor Information for processor 11
  Max Mhz: 3301, Current Mhz: 3301, Mhz Limit: 3301

Memory: 4k page, system-wide physical 15720M (746M free)
TotalPageFile size 32653M (AvailPageFile size 5M)
current process WorkingSet (physical memory assigned to process): 199M, peak: 199M
current process commit charge ("private bytes"): 316M, peak: 317M

vm_info: OpenJDK 64-Bit Server VM (21.0.10+7-LTS) for windows-amd64 JRE (21.0.10+7-LTS), built on 2026-01-20T00:00:00Z by "admin" with MS VC++ 17.12 (VS2022)

END.
