#
# There is insufficient memory for the Java Runtime Environment to continue.
# Native memory allocation (malloc) failed to allocate 1639216 bytes. Error detail: Chunk::new
# Possible reasons:
#   The system is out of physical RAM or swap space
#   This process is running with CompressedOops enabled, and the Java Heap may be blocking the growth of the native heap
# Possible solutions:
#   Reduce memory load on the system
#   Increase physical memory or swap space
#   Check if swap backing store is full
#   Decrease Java heap size (-Xmx/-Xms)
#   Decrease number of Java threads
#   Decrease Java thread stack sizes (-Xss)
#   Set larger code cache with -XX:ReservedCodeCacheSize=
#   JVM is running with Unscaled Compressed Oops mode in which the Java heap is
#     placed in the first 4GB address space. The Java Heap base address is the
#     maximum limit for the native heap growth. Please use -XX:HeapBaseMinAddress
#     to set the Java Heap base and to place the Java Heap above 4GB virtual address.
# This output file may be truncated or incomplete.
#
#  Out of Memory Error (arena.cpp:168), pid=4416, tid=8064
#
# JRE version: OpenJDK Runtime Environment Temurin-21.0.10+7 (21.0.10+7) (build 21.0.10+7-LTS)
# Java VM: OpenJDK 64-Bit Server VM Temurin-21.0.10+7 (21.0.10+7-LTS, mixed mode, sharing, tiered, compressed oops, compressed class ptrs, parallel gc, windows-amd64)
# No core dump will be written. Minidumps are not enabled by default on client versions of Windows
#

---------------  S U M M A R Y ------------

Command Line: --add-modules=ALL-SYSTEM --add-opens=java.base/java.util=ALL-UNNAMED --add-opens=java.base/java.lang=ALL-UNNAMED --add-opens=java.base/sun.nio.fs=ALL-UNNAMED -Declipse.application=org.eclipse.jdt.ls.core.id1 -Dosgi.bundles.defaultStartLevel=4 -Declipse.product=org.eclipse.jdt.ls.core.product -Djava.import.generatesMetadataFilesAtProjectRoot=false -DDetectVMInstallationsJob.disabled=true -Dfile.encoding=utf8 -XX:+UseParallelGC -XX:GCTimeRatio=4 -XX:AdaptiveSizePolicyWeight=90 -Dsun.zip.disableMemoryMapping=true -Xmx2G -Xms100m -Xlog:disable -javaagent:c:\Users\Admin\.antigravity\extensions\redhat.java-1.54.0-win32-x64\lombok\lombok-1.18.39-4050.jar -XX:+HeapDumpOnOutOfMemoryError -XX:HeapDumpPath=c:\Users\Admin\AppData\Roaming\Antigravity\User\workspaceStorage\458aae83574d7037a556d7725c321ec6\redhat.java -Daether.dependencyCollector.impl=bf c:\Users\Admin\.antigravity\extensions\redhat.java-1.54.0-win32-x64\server\plugins\org.eclipse.equinox.launcher_1.7.100.v20251111-0406.jar -configuration c:\Users\Admin\AppData\Roaming\Antigravity\User\globalStorage\redhat.java\1.54.0\config_win -data c:\Users\Admin\AppData\Roaming\Antigravity\User\workspaceStorage\458aae83574d7037a556d7725c321ec6\redhat.java\jdt_ws --pipe=\\.\pipe\lsp-fa4cddd31bae6681d567b3350384acf8-sock

Host: AMD Ryzen 5 5600H with Radeon Graphics         , 12 cores, 15G,  Windows 11 , 64 bit Build 22621 (10.0.22621.5415)
Time: Tue May 26 13:50:29 2026 SE Asia Standard Time elapsed time: 12.160507 seconds (0d 0h 0m 12s)

---------------  T H R E A D  ---------------

Current thread (0x00000155ab60b5d0):  JavaThread "C2 CompilerThread0" daemon [_thread_in_native, id=8064, stack(0x0000005292600000,0x0000005292700000) (1024K)]


Current CompileTask:
C2:12160 7063   !   4       com.google.inject.spi.InjectionPoint::getInjectionPoints (489 bytes)

Stack: [0x0000005292600000,0x0000005292700000]
Native frames: (J=compiled Java code, j=interpreted, Vv=VM code, C=native code)
V  [jvm.dll+0x6d7a39]
V  [jvm.dll+0x8b4b26]
V  [jvm.dll+0x8b70de]
V  [jvm.dll+0x8b77c3]
V  [jvm.dll+0x284346]
V  [jvm.dll+0xc66ed]
V  [jvm.dll+0xc6c31]
V  [jvm.dll+0x3bec01]
V  [jvm.dll+0x38b162]
V  [jvm.dll+0x38a5aa]
V  [jvm.dll+0x24c560]
V  [jvm.dll+0x24bb40]
V  [jvm.dll+0x1cb34e]
V  [jvm.dll+0x25b85d]
V  [jvm.dll+0x259dea]
V  [jvm.dll+0x3f857e]
V  [jvm.dll+0x85f59d]
V  [jvm.dll+0x6d626d]
C  [ucrtbase.dll+0x29333]
C  [KERNEL32.DLL+0x1259d]
C  [ntdll.dll+0x5af78]


---------------  P R O C E S S  ---------------

Threads class SMR info:
_java_thread_list=0x000001560d0b0eb0, length=52, elements={
0x00000155ab55d160, 0x00000155ab5ff3f0, 0x00000155ab600b60, 0x00000155ab604e30,
0x00000155ab605d50, 0x00000155ab607b20, 0x00000155ab608780, 0x00000155ab60b5d0,
0x0000015604487020, 0x0000015604643ae0, 0x00000156047844d0, 0x000001560a193720,
0x0000015605b93f90, 0x0000015605b40ad0, 0x0000015605b41510, 0x000001560a660960,
0x000001560a9356e0, 0x000001560a3ffea0, 0x00000156044eb9c0, 0x00000156044ecc70,
0x000001560591b190, 0x000001560591d260, 0x000001560591b820, 0x000001560591ab00,
0x000001560591d8f0, 0x000001560591beb0, 0x000001560591a470, 0x000001560591c540,
0x000001560591cbd0, 0x000001560b752030, 0x000001560b751310, 0x000001560b74ff60,
0x000001560b74d800, 0x000001560b7526c0, 0x000001560b7505f0, 0x000001560b74b730,
0x000001560b7519a0, 0x000001560b74f8d0, 0x000001560b74e520, 0x000001560b74bdc0,
0x000001560b74c450, 0x000001560b74cae0, 0x000001560b750c80, 0x000001560b74d170,
0x000001560b74ebb0, 0x000001560b74f240, 0x000001560ce63950, 0x000001560ce62c30,
0x000001560ce625a0, 0x000001560ce66dd0, 0x000001560ce66740, 0x000001560ce63fe0
}

Java Threads: ( => current thread )
  0x00000155ab55d160 JavaThread "main"                              [_thread_blocked, id=29000, stack(0x0000005291c00000,0x0000005291d00000) (1024K)]
  0x00000155ab5ff3f0 JavaThread "Reference Handler"          daemon [_thread_blocked, id=6732, stack(0x0000005292000000,0x0000005292100000) (1024K)]
  0x00000155ab600b60 JavaThread "Finalizer"                  daemon [_thread_blocked, id=27844, stack(0x0000005292100000,0x0000005292200000) (1024K)]
  0x00000155ab604e30 JavaThread "Signal Dispatcher"          daemon [_thread_blocked, id=3064, stack(0x0000005292200000,0x0000005292300000) (1024K)]
  0x00000155ab605d50 JavaThread "Attach Listener"            daemon [_thread_blocked, id=28792, stack(0x0000005292300000,0x0000005292400000) (1024K)]
  0x00000155ab607b20 JavaThread "Service Thread"             daemon [_thread_blocked, id=11752, stack(0x0000005292400000,0x0000005292500000) (1024K)]
  0x00000155ab608780 JavaThread "Monitor Deflation Thread"   daemon [_thread_blocked, id=29036, stack(0x0000005292500000,0x0000005292600000) (1024K)]
=>0x00000155ab60b5d0 JavaThread "C2 CompilerThread0"         daemon [_thread_in_native, id=8064, stack(0x0000005292600000,0x0000005292700000) (1024K)]
  0x0000015604487020 JavaThread "C1 CompilerThread0"         daemon [_thread_in_vm, id=26932, stack(0x0000005292700000,0x0000005292800000) (1024K)]
  0x0000015604643ae0 JavaThread "Common-Cleaner"             daemon [_thread_blocked, id=15420, stack(0x0000005292900000,0x0000005292a00000) (1024K)]
  0x00000156047844d0 JavaThread "Notification Thread"        daemon [_thread_blocked, id=28832, stack(0x0000005292a00000,0x0000005292b00000) (1024K)]
  0x000001560a193720 JavaThread "Active Thread: Equinox Container: 48da2e6e-b4ec-4f36-aa48-053cc369e98d"        [_thread_blocked, id=15640, stack(0x0000005292800000,0x0000005292900000) (1024K)]
  0x0000015605b93f90 JavaThread "Refresh Thread: Equinox Container: 48da2e6e-b4ec-4f36-aa48-053cc369e98d" daemon [_thread_blocked, id=9860, stack(0x0000005293200000,0x0000005293300000) (1024K)]
  0x0000015605b40ad0 JavaThread "Framework Event Dispatcher: Equinox Container: 48da2e6e-b4ec-4f36-aa48-053cc369e98d" daemon [_thread_blocked, id=17556, stack(0x0000005293300000,0x0000005293400000) (1024K)]
  0x0000015605b41510 JavaThread "Start Level: Equinox Container: 48da2e6e-b4ec-4f36-aa48-053cc369e98d" daemon [_thread_blocked, id=27240, stack(0x0000005293400000,0x0000005293500000) (1024K)]
  0x000001560a660960 JavaThread "Bundle File Closer"         daemon [_thread_blocked, id=29020, stack(0x0000005293700000,0x0000005293800000) (1024K)]
  0x000001560a9356e0 JavaThread "SCR Component Actor"        daemon [_thread_blocked, id=30348, stack(0x0000005293800000,0x0000005293900000) (1024K)]
  0x000001560a3ffea0 JavaThread "Worker-JM"                         [_thread_blocked, id=30428, stack(0x0000005293900000,0x0000005293a00000) (1024K)]
  0x00000156044eb9c0 JavaThread "JNA Cleaner"                daemon [_thread_blocked, id=30448, stack(0x0000005293a00000,0x0000005293b00000) (1024K)]
  0x00000156044ecc70 JavaThread "Worker-0: Initialize Workspace"        [_thread_in_Java, id=30452, stack(0x0000005293b00000,0x0000005293c00000) (1024K)]
  0x000001560591b190 JavaThread "Worker-1"                          [_thread_blocked, id=30456, stack(0x0000005293c00000,0x0000005293d00000) (1024K)]
  0x000001560591d260 JavaThread "Java indexing"              daemon [_thread_blocked, id=30596, stack(0x0000005293d00000,0x0000005293e00000) (1024K)]
  0x000001560591b820 JavaThread "Worker-2"                          [_thread_blocked, id=30652, stack(0x0000005293e00000,0x0000005293f00000) (1024K)]
  0x000001560591ab00 JavaThread "Worker-3"                          [_thread_blocked, id=30660, stack(0x0000005293f00000,0x0000005294000000) (1024K)]
  0x000001560591d8f0 JavaThread "Thread-1"                   daemon [_thread_in_native, id=30688, stack(0x0000005294000000,0x0000005294100000) (1024K)]
  0x000001560591beb0 JavaThread "Thread-2"                   daemon [_thread_in_native, id=30692, stack(0x0000005294100000,0x0000005294200000) (1024K)]
  0x000001560591a470 JavaThread "Thread-3"                   daemon [_thread_in_native, id=30696, stack(0x0000005294200000,0x0000005294300000) (1024K)]
  0x000001560591c540 JavaThread "Thread-4"                   daemon [_thread_in_native, id=30700, stack(0x0000005294300000,0x0000005294400000) (1024K)]
  0x000001560591cbd0 JavaThread "Thread-5"                   daemon [_thread_in_native, id=30704, stack(0x0000005294400000,0x0000005294500000) (1024K)]
  0x000001560b752030 JavaThread "Thread-6"                   daemon [_thread_in_native, id=30708, stack(0x0000005294500000,0x0000005294600000) (1024K)]
  0x000001560b751310 JavaThread "Thread-7"                   daemon [_thread_in_native, id=30712, stack(0x0000005294600000,0x0000005294700000) (1024K)]
  0x000001560b74ff60 JavaThread "Thread-8"                   daemon [_thread_in_native, id=30716, stack(0x0000005294700000,0x0000005294800000) (1024K)]
  0x000001560b74d800 JavaThread "Thread-9"                   daemon [_thread_in_native, id=21316, stack(0x0000005294800000,0x0000005294900000) (1024K)]
  0x000001560b7526c0 JavaThread "Thread-10"                  daemon [_thread_in_native, id=21184, stack(0x0000005294900000,0x0000005294a00000) (1024K)]
  0x000001560b7505f0 JavaThread "Thread-11"                  daemon [_thread_in_native, id=29764, stack(0x0000005294a00000,0x0000005294b00000) (1024K)]
  0x000001560b74b730 JavaThread "Thread-12"                  daemon [_thread_in_native, id=29760, stack(0x0000005294b00000,0x0000005294c00000) (1024K)]
  0x000001560b7519a0 JavaThread "Thread-13"                  daemon [_thread_in_native, id=9704, stack(0x0000005294c00000,0x0000005294d00000) (1024K)]
  0x000001560b74f8d0 JavaThread "pool-2-thread-1"                   [_thread_blocked, id=29756, stack(0x0000005294d00000,0x0000005294e00000) (1024K)]
  0x000001560b74e520 JavaThread "WorkspaceEventsHandler"            [_thread_blocked, id=18496, stack(0x0000005294e00000,0x0000005294f00000) (1024K)]
  0x000001560b74bdc0 JavaThread "pool-1-thread-1"                   [_thread_in_Java, id=29720, stack(0x0000005294f00000,0x0000005295000000) (1024K)]
  0x000001560b74c450 JavaThread "ForkJoinPool.commonPool-worker-1" daemon [_thread_blocked, id=30176, stack(0x0000005295100000,0x0000005295200000) (1024K)]
  0x000001560b74cae0 JavaThread "ForkJoinPool.commonPool-worker-2" daemon [_thread_blocked, id=2008, stack(0x0000005295200000,0x0000005295300000) (1024K)]
  0x000001560b750c80 JavaThread "ForkJoinPool.commonPool-worker-3" daemon [_thread_blocked, id=28988, stack(0x0000005295300000,0x0000005295400000) (1024K)]
  0x000001560b74d170 JavaThread "ForkJoinPool.commonPool-worker-4" daemon [_thread_blocked, id=27552, stack(0x0000005295400000,0x0000005295500000) (1024K)]
  0x000001560b74ebb0 JavaThread "ForkJoinPool.commonPool-worker-5" daemon [_thread_blocked, id=5980, stack(0x0000005295500000,0x0000005295600000) (1024K)]
  0x000001560b74f240 JavaThread "ForkJoinPool.commonPool-worker-6" daemon [_thread_blocked, id=1000, stack(0x0000005295600000,0x0000005295700000) (1024K)]
  0x000001560ce63950 JavaThread "ForkJoinPool.commonPool-worker-7" daemon [_thread_blocked, id=3560, stack(0x0000005295700000,0x0000005295800000) (1024K)]
  0x000001560ce62c30 JavaThread "ForkJoinPool.commonPool-worker-8" daemon [_thread_blocked, id=27524, stack(0x0000005295800000,0x0000005295900000) (1024K)]
  0x000001560ce625a0 JavaThread "ForkJoinPool.commonPool-worker-10" daemon [_thread_blocked, id=28848, stack(0x0000005295900000,0x0000005295a00000) (1024K)]
  0x000001560ce66dd0 JavaThread "ForkJoinPool.commonPool-worker-11" daemon [_thread_blocked, id=5940, stack(0x0000005295a00000,0x0000005295b00000) (1024K)]
  0x000001560ce66740 JavaThread "ForkJoinPool.commonPool-worker-9" daemon [_thread_blocked, id=27484, stack(0x0000005295b00000,0x0000005295c00000) (1024K)]
  0x000001560ce63fe0 JavaThread "ProjectImportProgressReporter" daemon [_thread_blocked, id=30412, stack(0x0000005295c00000,0x0000005295d00000) (1024K)]
Total: 52

Other Threads:
  0x00000156031e5b70 VMThread "VM Thread"                           [id=29120, stack(0x0000005291f00000,0x0000005292000000) (1024K)]
  0x00000156030dca00 WatcherThread "VM Periodic Task Thread"        [id=23944, stack(0x0000005291e00000,0x0000005291f00000) (1024K)]
  0x00000155ab57c850 WorkerThread "GC Thread#0"                     [id=13888, stack(0x0000005291d00000,0x0000005291e00000) (1024K)]
  0x0000015605489200 WorkerThread "GC Thread#1"                     [id=6916, stack(0x0000005292b00000,0x0000005292c00000) (1024K)]
  0x0000015605909040 WorkerThread "GC Thread#2"                     [id=25184, stack(0x0000005292c00000,0x0000005292d00000) (1024K)]
  0x00000156059093f0 WorkerThread "GC Thread#3"                     [id=27776, stack(0x0000005292d00000,0x0000005292e00000) (1024K)]
  0x00000156059097a0 WorkerThread "GC Thread#4"                     [id=21908, stack(0x0000005292e00000,0x0000005292f00000) (1024K)]
  0x0000015605909b50 WorkerThread "GC Thread#5"                     [id=12400, stack(0x0000005292f00000,0x0000005293000000) (1024K)]
  0x00000156055a7ac0 WorkerThread "GC Thread#6"                     [id=27736, stack(0x0000005293000000,0x0000005293100000) (1024K)]
  0x0000015605930f90 WorkerThread "GC Thread#7"                     [id=27780, stack(0x0000005293100000,0x0000005293200000) (1024K)]
  0x000001560a602280 WorkerThread "GC Thread#8"                     [id=26648, stack(0x0000005293500000,0x0000005293600000) (1024K)]
  0x000001560a06dae0 WorkerThread "GC Thread#9"                     [id=13640, stack(0x0000005293600000,0x0000005293700000) (1024K)]
Total: 12

Threads with active compile tasks:
C2 CompilerThread0  12178 7063   !   4       com.google.inject.spi.InjectionPoint::getInjectionPoints (489 bytes)
Total: 1

VM state: not at safepoint (normal execution)

VM Mutex/Monitor currently owned by a thread: None

Heap address: 0x0000000080000000, size: 2048 MB, Compressed Oops mode: 32-bit

CDS archive(s) mapped at: [0x00000155c2000000-0x00000155c2ba0000-0x00000155c2ba0000), size 12189696, SharedBaseAddress: 0x00000155c2000000, ArchiveRelocationMode: 1.
Compressed class space mapped at: 0x00000155c3000000-0x0000015603000000, reserved size: 1073741824
Narrow klass base: 0x00000155c2000000, Narrow klass shift: 0, Narrow klass range: 0x100000000

GC Precious Log:
 CardTable entry size: 512
 CPUs: 12 total, 12 available
 Memory: 15720M
 Large Page Support: Disabled
 NUMA Support: Disabled
 Compressed Oops: Enabled (32-bit)
 Alignments: Space 512K, Generation 512K, Heap 2M
 Heap Min Capacity: 100M
 Heap Initial Capacity: 100M
 Heap Max Capacity: 2G
 Pre-touch: Disabled
 Parallel Workers: 10

Heap:
 PSYoungGen      total 23040K, used 10932K [0x00000000d5580000, 0x00000000d7380000, 0x0000000100000000)
  eden space 22016K, 45% used [0x00000000d5580000,0x00000000d5f2dac0,0x00000000d6b00000)
  from space 1024K, 99% used [0x00000000d7280000,0x00000000d737f690,0x00000000d7380000)
  to   space 2560K, 0% used [0x00000000d6e80000,0x00000000d6e80000,0x00000000d7100000)
 ParOldGen       total 68608K, used 55162K [0x0000000080000000, 0x0000000084300000, 0x00000000d5580000)
  object space 68608K, 80% used [0x0000000080000000,0x00000000835dea98,0x0000000084300000)
 Metaspace       used 47502K, committed 48896K, reserved 1114112K
  class space    used 5211K, committed 5760K, reserved 1048576K

Card table byte_map: [0x00000155aaf10000,0x00000155ab320000] _byte_map_base: 0x00000155aab10000

Marking Bits: (ParMarkBitMap*) 0x00007ff897673450
 Begin Bits: [0x00000155bda10000, 0x00000155bfa10000)
 End Bits:   [0x00000155bfa10000, 0x00000155c1a10000)

Polling page: 0x00000155a93d0000

Metaspace:

Usage:
  Non-class:     41.30 MB used.
      Class:      5.09 MB used.
       Both:     46.39 MB used.

Virtual space:
  Non-class space:       64.00 MB reserved,      42.12 MB ( 66%) committed,  1 nodes.
      Class space:        1.00 GB reserved,       5.62 MB ( <1%) committed,  1 nodes.
             Both:        1.06 GB reserved,      47.75 MB (  4%) committed. 

Chunk freelists:
   Non-Class:  5.56 MB
       Class:  10.41 MB
        Both:  15.96 MB

MaxMetaspaceSize: unlimited
CompressedClassSpaceSize: 1.00 GB
Initial GC threshold: 21.00 MB
Current GC threshold: 58.38 MB
CDS: on
 - commit_granule_bytes: 65536.
 - commit_granule_words: 8192.
 - virtual_space_node_default_size: 8388608.
 - enlarge_chunks_in_place: 1.
 - use_allocation_guard: 0.


Internal statistics:

num_allocs_failed_limit: 6.
num_arena_births: 994.
num_arena_deaths: 14.
num_vsnodes_births: 2.
num_vsnodes_deaths: 0.
num_space_committed: 764.
num_space_uncommitted: 0.
num_chunks_returned_to_freelist: 20.
num_chunks_taken_from_freelist: 3171.
num_chunk_merges: 12.
num_chunk_splits: 1966.
num_chunks_enlarged: 1141.
num_inconsistent_stats: 0.

CodeHeap 'non-profiled nmethods': size=120000Kb used=3139Kb max_used=3139Kb free=116860Kb
 bounds [0x00000155b6230000, 0x00000155b6550000, 0x00000155bd760000]
CodeHeap 'profiled nmethods': size=120000Kb used=14357Kb max_used=14357Kb free=105642Kb
 bounds [0x00000155ae760000, 0x00000155af570000, 0x00000155b5c90000]
CodeHeap 'non-nmethods': size=5760Kb used=1364Kb max_used=1429Kb free=4395Kb
 bounds [0x00000155b5c90000, 0x00000155b5f00000, 0x00000155b6230000]
CodeCache: size=245760Kb, used=18860Kb, max_used=18925Kb, free=226897Kb
 total_blobs=7408, nmethods=6743, adapters=571, full_count=0
Compilation: enabled, stopped_count=0, restarted_count=0

Compilation events (20 events):
Event: 12.059 Thread 0x0000015604487020 7281       2       java.util.TreeMap::keyIterator (13 bytes)
Event: 12.060 Thread 0x0000015604487020 nmethod 7281 0x00000155af560910 code [0x00000155af560ac0, 0x00000155af560ce0]
Event: 12.061 Thread 0x0000015604487020 7282       2       com.google.common.math.MathPreconditions::checkPositive (42 bytes)
Event: 12.061 Thread 0x0000015604487020 nmethod 7282 0x00000155af560e10 code [0x00000155af561020, 0x00000155af5613d8]
Event: 12.061 Thread 0x0000015604487020 7283   !   2       com.google.inject.spi.Elements$RecordingBinder::install (298 bytes)
Event: 12.062 Thread 0x0000015604487020 nmethod 7283 0x00000155af561610 code [0x00000155af561900, 0x00000155af562448]
Event: 12.062 Thread 0x0000015604487020 7284       1       jdk.internal.event.ThreadSleepEvent::isEnabled (2 bytes)
Event: 12.063 Thread 0x0000015604487020 nmethod 7284 0x00000155b6540690 code [0x00000155b6540820, 0x00000155b65408e8]
Event: 12.063 Thread 0x0000015604487020 7285  s    2       java.lang.Throwable::getOurStackTrace (51 bytes)
Event: 12.063 Thread 0x0000015604487020 nmethod 7285 0x00000155af562b90 code [0x00000155af562d40, 0x00000155af562ff8]
Event: 12.086 Thread 0x0000015604487020 7287       2       java.io.BufferedReader::fill (170 bytes)
Event: 12.087 Thread 0x0000015604487020 nmethod 7287 0x00000155af563090 code [0x00000155af563260, 0x00000155af5636c8]
Event: 12.087 Thread 0x0000015604487020 7288       2       java.nio.charset.CharsetDecoder::onMalformedInput (26 bytes)
Event: 12.087 Thread 0x0000015604487020 nmethod 7288 0x00000155af563890 code [0x00000155af563a40, 0x00000155af563c28]
Event: 12.087 Thread 0x0000015604487020 7289       2       java.nio.charset.CharsetDecoder::implOnMalformedInput (1 bytes)
Event: 12.087 Thread 0x0000015604487020 nmethod 7289 0x00000155af563d10 code [0x00000155af563ea0, 0x00000155af563fa8]
Event: 12.087 Thread 0x0000015604487020 7290       2       java.io.InputStreamReader::lockFor (24 bytes)
Event: 12.087 Thread 0x0000015604487020 nmethod 7290 0x00000155af564010 code [0x00000155af5641c0, 0x00000155af564470]
Event: 12.120 Thread 0x0000015604487020 7292       2       java.util.TimSort::ensureCapacity (77 bytes)
Event: 12.121 Thread 0x0000015604487020 nmethod 7292 0x00000155af564610 code [0x00000155af5647e0, 0x00000155af564a70]

GC Heap History (20 events):
Event: 9.717 GC heap before
{Heap before GC invocations=19 (full 2):
 PSYoungGen      total 23552K, used 23249K [0x00000000d5580000, 0x00000000d6e80000, 0x0000000100000000)
  eden space 22016K, 100% used [0x00000000d5580000,0x00000000d6b00000,0x00000000d6b00000)
  from space 1536K, 80% used [0x00000000d6d00000,0x00000000d6e34400,0x00000000d6e80000)
  to   space 1536K, 0% used [0x00000000d6b80000,0x00000000d6b80000,0x00000000d6d00000)
 ParOldGen       total 68608K, used 26504K [0x0000000080000000, 0x0000000084300000, 0x00000000d5580000)
  object space 68608K, 38% used [0x0000000080000000,0x00000000819e2028,0x0000000084300000)
 Metaspace       used 41336K, committed 42624K, reserved 1114112K
  class space    used 4413K, committed 4992K, reserved 1048576K
}
Event: 9.722 GC heap after
{Heap after GC invocations=19 (full 2):
 PSYoungGen      total 23552K, used 1536K [0x00000000d5580000, 0x00000000d8700000, 0x0000000100000000)
  eden space 22016K, 0% used [0x00000000d5580000,0x00000000d5580000,0x00000000d6b00000)
  from space 1536K, 100% used [0x00000000d6b80000,0x00000000d6d00000,0x00000000d6d00000)
  to   space 14336K, 0% used [0x00000000d7900000,0x00000000d7900000,0x00000000d8700000)
 ParOldGen       total 68608K, used 37089K [0x0000000080000000, 0x0000000084300000, 0x00000000d5580000)
  object space 68608K, 54% used [0x0000000080000000,0x0000000082438448,0x0000000084300000)
 Metaspace       used 41336K, committed 42624K, reserved 1114112K
  class space    used 4413K, committed 4992K, reserved 1048576K
}
Event: 9.953 GC heap before
{Heap before GC invocations=20 (full 2):
 PSYoungGen      total 23552K, used 23552K [0x00000000d5580000, 0x00000000d8700000, 0x0000000100000000)
  eden space 22016K, 100% used [0x00000000d5580000,0x00000000d6b00000,0x00000000d6b00000)
  from space 1536K, 100% used [0x00000000d6b80000,0x00000000d6d00000,0x00000000d6d00000)
  to   space 14336K, 0% used [0x00000000d7900000,0x00000000d7900000,0x00000000d8700000)
 ParOldGen       total 68608K, used 37089K [0x0000000080000000, 0x0000000084300000, 0x00000000d5580000)
  object space 68608K, 54% used [0x0000000080000000,0x0000000082438448,0x0000000084300000)
 Metaspace       used 42599K, committed 43904K, reserved 1114112K
  class space    used 4576K, committed 5184K, reserved 1048576K
}
Event: 9.959 GC heap after
{Heap after GC invocations=20 (full 2):
 PSYoungGen      total 33792K, used 11444K [0x00000000d5580000, 0x00000000d8480000, 0x0000000100000000)
  eden space 22016K, 0% used [0x00000000d5580000,0x00000000d5580000,0x00000000d6b00000)
  from space 11776K, 97% used [0x00000000d7900000,0x00000000d842d0a8,0x00000000d8480000)
  to   space 12288K, 0% used [0x00000000d6c80000,0x00000000d6c80000,0x00000000d7880000)
 ParOldGen       total 68608K, used 38470K [0x0000000080000000, 0x0000000084300000, 0x00000000d5580000)
  object space 68608K, 56% used [0x0000000080000000,0x0000000082591a58,0x0000000084300000)
 Metaspace       used 42599K, committed 43904K, reserved 1114112K
  class space    used 4576K, committed 5184K, reserved 1048576K
}
Event: 10.359 GC heap before
{Heap before GC invocations=21 (full 2):
 PSYoungGen      total 33792K, used 33460K [0x00000000d5580000, 0x00000000d8480000, 0x0000000100000000)
  eden space 22016K, 100% used [0x00000000d5580000,0x00000000d6b00000,0x00000000d6b00000)
  from space 11776K, 97% used [0x00000000d7900000,0x00000000d842d0a8,0x00000000d8480000)
  to   space 12288K, 0% used [0x00000000d6c80000,0x00000000d6c80000,0x00000000d7880000)
 ParOldGen       total 68608K, used 38470K [0x0000000080000000, 0x0000000084300000, 0x00000000d5580000)
  object space 68608K, 56% used [0x0000000080000000,0x0000000082591a58,0x0000000084300000)
 Metaspace       used 44992K, committed 46336K, reserved 1114112K
  class space    used 4906K, committed 5504K, reserved 1048576K
}
Event: 10.366 GC heap after
{Heap after GC invocations=21 (full 2):
 PSYoungGen      total 23552K, used 1408K [0x00000000d5580000, 0x00000000d7980000, 0x0000000100000000)
  eden space 22016K, 0% used [0x00000000d5580000,0x00000000d5580000,0x00000000d6b00000)
  from space 1536K, 91% used [0x00000000d6c80000,0x00000000d6de0000,0x00000000d6e00000)
  to   space 5632K, 0% used [0x00000000d7400000,0x00000000d7400000,0x00000000d7980000)
 ParOldGen       total 68608K, used 49794K [0x0000000080000000, 0x0000000084300000, 0x00000000d5580000)
  object space 68608K, 72% used [0x0000000080000000,0x00000000830a0bc0,0x0000000084300000)
 Metaspace       used 44992K, committed 46336K, reserved 1114112K
  class space    used 4906K, committed 5504K, reserved 1048576K
}
Event: 10.802 GC heap before
{Heap before GC invocations=22 (full 2):
 PSYoungGen      total 23552K, used 23424K [0x00000000d5580000, 0x00000000d7980000, 0x0000000100000000)
  eden space 22016K, 100% used [0x00000000d5580000,0x00000000d6b00000,0x00000000d6b00000)
  from space 1536K, 91% used [0x00000000d6c80000,0x00000000d6de0000,0x00000000d6e00000)
  to   space 5632K, 0% used [0x00000000d7400000,0x00000000d7400000,0x00000000d7980000)
 ParOldGen       total 68608K, used 49794K [0x0000000080000000, 0x0000000084300000, 0x00000000d5580000)
  object space 68608K, 72% used [0x0000000080000000,0x00000000830a0bc0,0x0000000084300000)
 Metaspace       used 46753K, committed 48064K, reserved 1114112K
  class space    used 5091K, committed 5632K, reserved 1048576K
}
Event: 10.805 GC heap after
{Heap after GC invocations=22 (full 2):
 PSYoungGen      total 23040K, used 987K [0x00000000d5580000, 0x00000000d7500000, 0x0000000100000000)
  eden space 22016K, 0% used [0x00000000d5580000,0x00000000d5580000,0x00000000d6b00000)
  from space 1024K, 96% used [0x00000000d7400000,0x00000000d74f6e98,0x00000000d7500000)
  to   space 2048K, 0% used [0x00000000d7100000,0x00000000d7100000,0x00000000d7300000)
 ParOldGen       total 68608K, used 51014K [0x0000000080000000, 0x0000000084300000, 0x00000000d5580000)
  object space 68608K, 74% used [0x0000000080000000,0x00000000831d1bd0,0x0000000084300000)
 Metaspace       used 46753K, committed 48064K, reserved 1114112K
  class space    used 5091K, committed 5632K, reserved 1048576K
}
Event: 11.183 GC heap before
{Heap before GC invocations=23 (full 2):
 PSYoungGen      total 23040K, used 23003K [0x00000000d5580000, 0x00000000d7500000, 0x0000000100000000)
  eden space 22016K, 100% used [0x00000000d5580000,0x00000000d6b00000,0x00000000d6b00000)
  from space 1024K, 96% used [0x00000000d7400000,0x00000000d74f6e98,0x00000000d7500000)
  to   space 2048K, 0% used [0x00000000d7100000,0x00000000d7100000,0x00000000d7300000)
 ParOldGen       total 68608K, used 51014K [0x0000000080000000, 0x0000000084300000, 0x00000000d5580000)
  object space 68608K, 74% used [0x0000000080000000,0x00000000831d1bd0,0x0000000084300000)
 Metaspace       used 46764K, committed 48064K, reserved 1114112K
  class space    used 5091K, committed 5632K, reserved 1048576K
}
Event: 11.184 GC heap after
{Heap after GC invocations=23 (full 2):
 PSYoungGen      total 24064K, used 160K [0x00000000d5580000, 0x00000000d7480000, 0x0000000100000000)
  eden space 22016K, 0% used [0x00000000d5580000,0x00000000d5580000,0x00000000d6b00000)
  from space 2048K, 7% used [0x00000000d7100000,0x00000000d7128000,0x00000000d7300000)
  to   space 1024K, 0% used [0x00000000d7380000,0x00000000d7380000,0x00000000d7480000)
 ParOldGen       total 68608K, used 51884K [0x0000000080000000, 0x0000000084300000, 0x00000000d5580000)
  object space 68608K, 75% used [0x0000000080000000,0x00000000832ab3e8,0x0000000084300000)
 Metaspace       used 46764K, committed 48064K, reserved 1114112K
  class space    used 5091K, committed 5632K, reserved 1048576K
}
Event: 11.432 GC heap before
{Heap before GC invocations=24 (full 2):
 PSYoungGen      total 24064K, used 22176K [0x00000000d5580000, 0x00000000d7480000, 0x0000000100000000)
  eden space 22016K, 100% used [0x00000000d5580000,0x00000000d6b00000,0x00000000d6b00000)
  from space 2048K, 7% used [0x00000000d7100000,0x00000000d7128000,0x00000000d7300000)
  to   space 1024K, 0% used [0x00000000d7380000,0x00000000d7380000,0x00000000d7480000)
 ParOldGen       total 68608K, used 51884K [0x0000000080000000, 0x0000000084300000, 0x00000000d5580000)
  object space 68608K, 75% used [0x0000000080000000,0x00000000832ab3e8,0x0000000084300000)
 Metaspace       used 46894K, committed 48192K, reserved 1114112K
  class space    used 5114K, committed 5632K, reserved 1048576K
}
Event: 11.433 GC heap after
{Heap after GC invocations=24 (full 2):
 PSYoungGen      total 22528K, used 512K [0x00000000d5580000, 0x00000000d7400000, 0x0000000100000000)
  eden space 22016K, 0% used [0x00000000d5580000,0x00000000d5580000,0x00000000d6b00000)
  from space 512K, 100% used [0x00000000d7380000,0x00000000d7400000,0x00000000d7400000)
  to   space 1024K, 0% used [0x00000000d7200000,0x00000000d7200000,0x00000000d7300000)
 ParOldGen       total 68608K, used 51932K [0x0000000080000000, 0x0000000084300000, 0x00000000d5580000)
  object space 68608K, 75% used [0x0000000080000000,0x00000000832b73e8,0x0000000084300000)
 Metaspace       used 46894K, committed 48192K, reserved 1114112K
  class space    used 5114K, committed 5632K, reserved 1048576K
}
Event: 11.592 GC heap before
{Heap before GC invocations=25 (full 2):
 PSYoungGen      total 22528K, used 22528K [0x00000000d5580000, 0x00000000d7400000, 0x0000000100000000)
  eden space 22016K, 100% used [0x00000000d5580000,0x00000000d6b00000,0x00000000d6b00000)
  from space 512K, 100% used [0x00000000d7380000,0x00000000d7400000,0x00000000d7400000)
  to   space 1024K, 0% used [0x00000000d7200000,0x00000000d7200000,0x00000000d7300000)
 ParOldGen       total 68608K, used 51932K [0x0000000080000000, 0x0000000084300000, 0x00000000d5580000)
  object space 68608K, 75% used [0x0000000080000000,0x00000000832b73e8,0x0000000084300000)
 Metaspace       used 47204K, committed 48512K, reserved 1114112K
  class space    used 5137K, committed 5696K, reserved 1048576K
}
Event: 11.594 GC heap after
{Heap after GC invocations=25 (full 2):
 PSYoungGen      total 23040K, used 1021K [0x00000000d5580000, 0x00000000d7400000, 0x0000000100000000)
  eden space 22016K, 0% used [0x00000000d5580000,0x00000000d5580000,0x00000000d6b00000)
  from space 1024K, 99% used [0x00000000d7200000,0x00000000d72ff690,0x00000000d7300000)
  to   space 1024K, 0% used [0x00000000d7300000,0x00000000d7300000,0x00000000d7400000)
 ParOldGen       total 68608K, used 52428K [0x0000000080000000, 0x0000000084300000, 0x00000000d5580000)
  object space 68608K, 76% used [0x0000000080000000,0x00000000833333e8,0x0000000084300000)
 Metaspace       used 47204K, committed 48512K, reserved 1114112K
  class space    used 5137K, committed 5696K, reserved 1048576K
}
Event: 11.700 GC heap before
{Heap before GC invocations=26 (full 2):
 PSYoungGen      total 23040K, used 23037K [0x00000000d5580000, 0x00000000d7400000, 0x0000000100000000)
  eden space 22016K, 100% used [0x00000000d5580000,0x00000000d6b00000,0x00000000d6b00000)
  from space 1024K, 99% used [0x00000000d7200000,0x00000000d72ff690,0x00000000d7300000)
  to   space 1024K, 0% used [0x00000000d7300000,0x00000000d7300000,0x00000000d7400000)
 ParOldGen       total 68608K, used 52428K [0x0000000080000000, 0x0000000084300000, 0x00000000d5580000)
  object space 68608K, 76% used [0x0000000080000000,0x00000000833333e8,0x0000000084300000)
 Metaspace       used 47320K, committed 48640K, reserved 1114112K
  class space    used 5152K, committed 5696K, reserved 1048576K
}
Event: 11.702 GC heap after
{Heap after GC invocations=26 (full 2):
 PSYoungGen      total 23040K, used 928K [0x00000000d5580000, 0x00000000d7400000, 0x0000000100000000)
  eden space 22016K, 0% used [0x00000000d5580000,0x00000000d5580000,0x00000000d6b00000)
  from space 1024K, 90% used [0x00000000d7300000,0x00000000d73e8000,0x00000000d7400000)
  to   space 1536K, 0% used [0x00000000d7100000,0x00000000d7100000,0x00000000d7280000)
 ParOldGen       total 68608K, used 53398K [0x0000000080000000, 0x0000000084300000, 0x00000000d5580000)
  object space 68608K, 77% used [0x0000000080000000,0x0000000083425a88,0x0000000084300000)
 Metaspace       used 47320K, committed 48640K, reserved 1114112K
  class space    used 5152K, committed 5696K, reserved 1048576K
}
Event: 11.884 GC heap before
{Heap before GC invocations=27 (full 2):
 PSYoungGen      total 23040K, used 22944K [0x00000000d5580000, 0x00000000d7400000, 0x0000000100000000)
  eden space 22016K, 100% used [0x00000000d5580000,0x00000000d6b00000,0x00000000d6b00000)
  from space 1024K, 90% used [0x00000000d7300000,0x00000000d73e8000,0x00000000d7400000)
  to   space 1536K, 0% used [0x00000000d7100000,0x00000000d7100000,0x00000000d7280000)
 ParOldGen       total 68608K, used 53398K [0x0000000080000000, 0x0000000084300000, 0x00000000d5580000)
  object space 68608K, 77% used [0x0000000080000000,0x0000000083425a88,0x0000000084300000)
 Metaspace       used 47415K, committed 48768K, reserved 1114112K
  class space    used 5182K, committed 5696K, reserved 1048576K
}
Event: 11.887 GC heap after
{Heap after GC invocations=27 (full 2):
 PSYoungGen      total 23552K, used 1120K [0x00000000d5580000, 0x00000000d7380000, 0x0000000100000000)
  eden space 22016K, 0% used [0x00000000d5580000,0x00000000d5580000,0x00000000d6b00000)
  from space 1536K, 72% used [0x00000000d7100000,0x00000000d7218000,0x00000000d7280000)
  to   space 1024K, 0% used [0x00000000d7280000,0x00000000d7280000,0x00000000d7380000)
 ParOldGen       total 68608K, used 54122K [0x0000000080000000, 0x0000000084300000, 0x00000000d5580000)
  object space 68608K, 78% used [0x0000000080000000,0x00000000834daa98,0x0000000084300000)
 Metaspace       used 47415K, committed 48768K, reserved 1114112K
  class space    used 5182K, committed 5696K, reserved 1048576K
}
Event: 12.069 GC heap before
{Heap before GC invocations=28 (full 2):
 PSYoungGen      total 23552K, used 23136K [0x00000000d5580000, 0x00000000d7380000, 0x0000000100000000)
  eden space 22016K, 100% used [0x00000000d5580000,0x00000000d6b00000,0x00000000d6b00000)
  from space 1536K, 72% used [0x00000000d7100000,0x00000000d7218000,0x00000000d7280000)
  to   space 1024K, 0% used [0x00000000d7280000,0x00000000d7280000,0x00000000d7380000)
 ParOldGen       total 68608K, used 54122K [0x0000000080000000, 0x0000000084300000, 0x00000000d5580000)
  object space 68608K, 78% used [0x0000000080000000,0x00000000834daa98,0x0000000084300000)
 Metaspace       used 47477K, committed 48832K, reserved 1114112K
  class space    used 5196K, committed 5760K, reserved 1048576K
}
Event: 12.071 GC heap after
{Heap after GC invocations=28 (full 2):
 PSYoungGen      total 23040K, used 1021K [0x00000000d5580000, 0x00000000d7380000, 0x0000000100000000)
  eden space 22016K, 0% used [0x00000000d5580000,0x00000000d5580000,0x00000000d6b00000)
  from space 1024K, 99% used [0x00000000d7280000,0x00000000d737f690,0x00000000d7380000)
  to   space 2560K, 0% used [0x00000000d6e80000,0x00000000d6e80000,0x00000000d7100000)
 ParOldGen       total 68608K, used 55162K [0x0000000080000000, 0x0000000084300000, 0x00000000d5580000)
  object space 68608K, 80% used [0x0000000080000000,0x00000000835dea98,0x0000000084300000)
 Metaspace       used 47477K, committed 48832K, reserved 1114112K
  class space    used 5196K, committed 5760K, reserved 1048576K
}

Dll operation events (10 events):
Event: 0.021 Loaded shared library c:\Users\Admin\.antigravity\extensions\redhat.java-1.54.0-win32-x64\jre\21.0.10-win32-x86_64\bin\java.dll
Event: 0.135 Loaded shared library c:\Users\Admin\.antigravity\extensions\redhat.java-1.54.0-win32-x64\jre\21.0.10-win32-x86_64\bin\zip.dll
Event: 0.156 Loaded shared library C:\Users\Admin\.antigravity\extensions\redhat.java-1.54.0-win32-x64\jre\21.0.10-win32-x86_64\bin\instrument.dll
Event: 0.161 Loaded shared library C:\Users\Admin\.antigravity\extensions\redhat.java-1.54.0-win32-x64\jre\21.0.10-win32-x86_64\bin\net.dll
Event: 0.163 Loaded shared library C:\Users\Admin\.antigravity\extensions\redhat.java-1.54.0-win32-x64\jre\21.0.10-win32-x86_64\bin\nio.dll
Event: 0.166 Loaded shared library C:\Users\Admin\.antigravity\extensions\redhat.java-1.54.0-win32-x64\jre\21.0.10-win32-x86_64\bin\zip.dll
Event: 0.192 Loaded shared library C:\Users\Admin\.antigravity\extensions\redhat.java-1.54.0-win32-x64\jre\21.0.10-win32-x86_64\bin\jimage.dll
Event: 0.330 Loaded shared library c:\Users\Admin\.antigravity\extensions\redhat.java-1.54.0-win32-x64\jre\21.0.10-win32-x86_64\bin\verify.dll
Event: 2.020 Loaded shared library C:\Users\Admin\AppData\Roaming\Antigravity\User\globalStorage\redhat.java\1.54.0\config_win\org.eclipse.equinox.launcher\org.eclipse.equinox.launcher.win32.win32.x86_64_1.3.0.v20260203-2149\eclipse_11919.dll
Event: 5.888 Loaded shared library C:\Users\Admin\AppData\Local\Temp\jna-63116079\jna11566558537572468603.dll

Deoptimization events (20 events):
Event: 11.816 Thread 0x00000156044ecc70 DEOPT PACKING pc=0x00000155ae7bfae3 sp=0x0000005293bfdee0
Event: 11.816 Thread 0x00000156044ecc70 DEOPT UNPACKING pc=0x00000155b5ce4242 sp=0x0000005293bfd3f0 mode 0
Event: 11.824 Thread 0x00000156044ecc70 DEOPT PACKING pc=0x00000155ae7bfae3 sp=0x0000005293bfdee0
Event: 11.824 Thread 0x00000156044ecc70 DEOPT UNPACKING pc=0x00000155b5ce4242 sp=0x0000005293bfd3f0 mode 0
Event: 11.934 Thread 0x00000156044ecc70 DEOPT PACKING pc=0x00000155ae7bfae3 sp=0x0000005293bfdee0
Event: 11.934 Thread 0x00000156044ecc70 DEOPT UNPACKING pc=0x00000155b5ce4242 sp=0x0000005293bfd3f0 mode 0
Event: 11.947 Thread 0x00000156044ecc70 DEOPT PACKING pc=0x00000155ae7bfae3 sp=0x0000005293bfdee0
Event: 11.947 Thread 0x00000156044ecc70 DEOPT UNPACKING pc=0x00000155b5ce4242 sp=0x0000005293bfd3f0 mode 0
Event: 11.959 Thread 0x00000156044ecc70 DEOPT PACKING pc=0x00000155ae7bfae3 sp=0x0000005293bfdee0
Event: 11.959 Thread 0x00000156044ecc70 DEOPT UNPACKING pc=0x00000155b5ce4242 sp=0x0000005293bfd3f0 mode 0
Event: 11.963 Thread 0x00000156044ecc70 DEOPT PACKING pc=0x00000155ae7bfae3 sp=0x0000005293bfdee0
Event: 11.964 Thread 0x00000156044ecc70 DEOPT UNPACKING pc=0x00000155b5ce4242 sp=0x0000005293bfd3f0 mode 0
Event: 12.089 Thread 0x00000156044ecc70 DEOPT PACKING pc=0x00000155ae7bfae3 sp=0x0000005293bfde50
Event: 12.089 Thread 0x00000156044ecc70 DEOPT UNPACKING pc=0x00000155b5ce4242 sp=0x0000005293bfd360 mode 0
Event: 12.094 Thread 0x00000156044ecc70 DEOPT PACKING pc=0x00000155ae7bfae3 sp=0x0000005293bfde50
Event: 12.094 Thread 0x00000156044ecc70 DEOPT UNPACKING pc=0x00000155b5ce4242 sp=0x0000005293bfd360 mode 0
Event: 12.100 Thread 0x00000156044ecc70 DEOPT PACKING pc=0x00000155ae7bfae3 sp=0x0000005293bfde50
Event: 12.100 Thread 0x00000156044ecc70 DEOPT UNPACKING pc=0x00000155b5ce4242 sp=0x0000005293bfd360 mode 0
Event: 12.103 Thread 0x00000156044ecc70 DEOPT PACKING pc=0x00000155ae7bfae3 sp=0x0000005293bfde50
Event: 12.103 Thread 0x00000156044ecc70 DEOPT UNPACKING pc=0x00000155b5ce4242 sp=0x0000005293bfd360 mode 0

Classes loaded (20 events):
Event: 10.564 Loading class java/nio/file/FileTreeWalker$1
Event: 10.564 Loading class java/nio/file/FileTreeWalker$1 done
Event: 10.564 Loading class java/nio/file/FileTreeWalker$DirectoryNode
Event: 10.564 Loading class java/nio/file/FileTreeWalker$DirectoryNode done
Event: 10.564 Loading class java/nio/file/FileTreeWalker$Event
Event: 10.565 Loading class java/nio/file/FileTreeWalker$Event done
Event: 10.565 Loading class java/nio/file/FileTreeWalker$EventType
Event: 10.565 Loading class java/nio/file/FileTreeWalker$EventType done
Event: 10.565 Loading class java/nio/file/Files$3
Event: 10.565 Loading class java/nio/file/Files$3 done
Event: 10.565 Loading class sun/nio/fs/Globs
Event: 10.566 Loading class sun/nio/fs/Globs done
Event: 10.566 Loading class java/util/regex/Pattern$SliceU
Event: 10.566 Loading class java/util/regex/Pattern$SliceU done
Event: 10.566 Loading class sun/nio/fs/WindowsFileSystem$2
Event: 10.566 Loading class java/nio/file/PathMatcher
Event: 10.566 Loading class java/nio/file/PathMatcher done
Event: 10.566 Loading class sun/nio/fs/WindowsFileSystem$2 done
Event: 10.567 Loading class java/nio/file/FileVisitResult
Event: 10.567 Loading class java/nio/file/FileVisitResult done

Classes unloaded (7 events):
Event: 6.499 Thread 0x00000156031e5b70 Unloading class 0x00000155c31ad400 'java/lang/invoke/LambdaForm$MH+0x00000155c31ad400'
Event: 6.499 Thread 0x00000156031e5b70 Unloading class 0x00000155c31ad000 'java/lang/invoke/LambdaForm$MH+0x00000155c31ad000'
Event: 6.499 Thread 0x00000156031e5b70 Unloading class 0x00000155c31acc00 'java/lang/invoke/LambdaForm$MH+0x00000155c31acc00'
Event: 6.499 Thread 0x00000156031e5b70 Unloading class 0x00000155c31ac800 'java/lang/invoke/LambdaForm$MH+0x00000155c31ac800'
Event: 6.499 Thread 0x00000156031e5b70 Unloading class 0x00000155c31ac400 'java/lang/invoke/LambdaForm$BMH+0x00000155c31ac400'
Event: 6.499 Thread 0x00000156031e5b70 Unloading class 0x00000155c31ac000 'java/lang/invoke/LambdaForm$DMH+0x00000155c31ac000'
Event: 6.499 Thread 0x00000156031e5b70 Unloading class 0x00000155c31aac00 'java/lang/invoke/LambdaForm$DMH+0x00000155c31aac00'

Classes redefined (0 events):
No events

Internal exceptions (20 events):
Event: 11.280 Thread 0x00000156044ecc70 Exception <a 'sun/nio/fs/WindowsException'{0x00000000d5a77340}> (0x00000000d5a77340) 
thrown [s\src\hotspot\share\prims\jni.cpp, line 520]
Event: 11.280 Thread 0x00000156044ecc70 Exception <a 'sun/nio/fs/WindowsException'{0x00000000d5a7b540}> (0x00000000d5a7b540) 
thrown [s\src\hotspot\share\prims\jni.cpp, line 520]
Event: 11.281 Thread 0x00000156044ecc70 Exception <a 'sun/nio/fs/WindowsException'{0x00000000d5a7fe18}> (0x00000000d5a7fe18) 
thrown [s\src\hotspot\share\prims\jni.cpp, line 520]
Event: 11.317 Thread 0x00000156044ecc70 Exception <a 'sun/nio/fs/WindowsException'{0x00000000d5c90a78}> (0x00000000d5c90a78) 
thrown [s\src\hotspot\share\prims\jni.cpp, line 520]
Event: 11.318 Thread 0x00000156044ecc70 Exception <a 'sun/nio/fs/WindowsException'{0x00000000d5c94e00}> (0x00000000d5c94e00) 
thrown [s\src\hotspot\share\prims\jni.cpp, line 520]
Event: 11.318 Thread 0x00000156044ecc70 Exception <a 'sun/nio/fs/WindowsException'{0x00000000d5c99f78}> (0x00000000d5c99f78) 
thrown [s\src\hotspot\share\prims\jni.cpp, line 520]
Event: 11.318 Thread 0x00000156044ecc70 Exception <a 'sun/nio/fs/WindowsException'{0x00000000d5c9e738}> (0x00000000d5c9e738) 
thrown [s\src\hotspot\share\prims\jni.cpp, line 520]
Event: 11.318 Thread 0x00000156044ecc70 Exception <a 'sun/nio/fs/WindowsException'{0x00000000d5ca4600}> (0x00000000d5ca4600) 
thrown [s\src\hotspot\share\prims\jni.cpp, line 520]
Event: 11.318 Thread 0x00000156044ecc70 Exception <a 'sun/nio/fs/WindowsException'{0x00000000d5caa3f8}> (0x00000000d5caa3f8) 
thrown [s\src\hotspot\share\prims\jni.cpp, line 520]
Event: 11.319 Thread 0x00000156044ecc70 Exception <a 'sun/nio/fs/WindowsException'{0x00000000d5caeaa0}> (0x00000000d5caeaa0) 
thrown [s\src\hotspot\share\prims\jni.cpp, line 520]
Event: 11.319 Thread 0x00000156044ecc70 Exception <a 'sun/nio/fs/WindowsException'{0x00000000d5cb31c0}> (0x00000000d5cb31c0) 
thrown [s\src\hotspot\share\prims\jni.cpp, line 520]
Event: 11.319 Thread 0x00000156044ecc70 Exception <a 'sun/nio/fs/WindowsException'{0x00000000d5cb7ad0}> (0x00000000d5cb7ad0) 
thrown [s\src\hotspot\share\prims\jni.cpp, line 520]
Event: 11.319 Thread 0x00000156044ecc70 Exception <a 'sun/nio/fs/WindowsException'{0x00000000d5cbc6d0}> (0x00000000d5cbc6d0) 
thrown [s\src\hotspot\share\prims\jni.cpp, line 520]
Event: 11.320 Thread 0x00000156044ecc70 Exception <a 'sun/nio/fs/WindowsException'{0x00000000d5cc0e20}> (0x00000000d5cc0e20) 
thrown [s\src\hotspot\share\prims\jni.cpp, line 520]
Event: 11.320 Thread 0x00000156044ecc70 Exception <a 'sun/nio/fs/WindowsException'{0x00000000d5cc5378}> (0x00000000d5cc5378) 
thrown [s\src\hotspot\share\prims\jni.cpp, line 520]
Event: 11.321 Thread 0x00000156044ecc70 Exception <a 'sun/nio/fs/WindowsException'{0x00000000d5cc9dd8}> (0x00000000d5cc9dd8) 
thrown [s\src\hotspot\share\prims\jni.cpp, line 520]
Event: 11.322 Thread 0x00000156044ecc70 Exception <a 'sun/nio/fs/WindowsException'{0x00000000d5ccece0}> (0x00000000d5ccece0) 
thrown [s\src\hotspot\share\prims\jni.cpp, line 520]
Event: 11.322 Thread 0x00000156044ecc70 Exception <a 'sun/nio/fs/WindowsException'{0x00000000d5cd31f0}> (0x00000000d5cd31f0) 
thrown [s\src\hotspot\share\prims\jni.cpp, line 520]
Event: 11.322 Thread 0x00000156044ecc70 Exception <a 'sun/nio/fs/WindowsException'{0x00000000d5cd8a98}> (0x00000000d5cd8a98) 
thrown [s\src\hotspot\share\prims\jni.cpp, line 520]
Event: 11.323 Thread 0x00000156044ecc70 Exception <a 'sun/nio/fs/WindowsException'{0x00000000d5cdcdc8}> (0x00000000d5cdcdc8) 
thrown [s\src\hotspot\share\prims\jni.cpp, line 520]

ZGC Phase Switch (0 events):
No events

VM Operations (20 events):
Event: 10.103 Executing non-safepoint VM operation: HandshakeAllThreads (Deoptimize)
Event: 10.103 Executing non-safepoint VM operation: HandshakeAllThreads (Deoptimize) done
Event: 10.333 Executing safepoint VM operation: ICBufferFull
Event: 10.334 Executing safepoint VM operation: ICBufferFull done
Event: 10.359 Executing safepoint VM operation: ParallelGCFailedAllocation (Allocation Failure)
Event: 10.366 Executing safepoint VM operation: ParallelGCFailedAllocation (Allocation Failure) done
Event: 10.802 Executing safepoint VM operation: ParallelGCFailedAllocation (Allocation Failure)
Event: 10.805 Executing safepoint VM operation: ParallelGCFailedAllocation (Allocation Failure) done
Event: 11.183 Executing safepoint VM operation: ParallelGCFailedAllocation (Allocation Failure)
Event: 11.184 Executing safepoint VM operation: ParallelGCFailedAllocation (Allocation Failure) done
Event: 11.432 Executing safepoint VM operation: ParallelGCFailedAllocation (Allocation Failure)
Event: 11.433 Executing safepoint VM operation: ParallelGCFailedAllocation (Allocation Failure) done
Event: 11.592 Executing safepoint VM operation: ParallelGCFailedAllocation (Allocation Failure)
Event: 11.594 Executing safepoint VM operation: ParallelGCFailedAllocation (Allocation Failure) done
Event: 11.700 Executing safepoint VM operation: ParallelGCFailedAllocation (Allocation Failure)
Event: 11.702 Executing safepoint VM operation: ParallelGCFailedAllocation (Allocation Failure) done
Event: 11.884 Executing safepoint VM operation: ParallelGCFailedAllocation (Allocation Failure)
Event: 11.887 Executing safepoint VM operation: ParallelGCFailedAllocation (Allocation Failure) done
Event: 12.069 Executing safepoint VM operation: ParallelGCFailedAllocation (Allocation Failure)
Event: 12.071 Executing safepoint VM operation: ParallelGCFailedAllocation (Allocation Failure) done

Memory protections (0 events):
No events

Nmethod flushes (20 events):
Event: 7.746 Thread 0x00000156031e5b70 flushing  nmethod 0x00000155aed69290
Event: 7.746 Thread 0x00000156031e5b70 flushing  nmethod 0x00000155aed75710
Event: 7.746 Thread 0x00000156031e5b70 flushing  nmethod 0x00000155aed78410
Event: 7.746 Thread 0x00000156031e5b70 flushing  nmethod 0x00000155aed79790
Event: 7.746 Thread 0x00000156031e5b70 flushing  nmethod 0x00000155aed7a390
Event: 7.746 Thread 0x00000156031e5b70 flushing  nmethod 0x00000155aed87090
Event: 7.746 Thread 0x00000156031e5b70 flushing  nmethod 0x00000155aeda1990
Event: 7.746 Thread 0x00000156031e5b70 flushing  nmethod 0x00000155aedc1090
Event: 7.746 Thread 0x00000156031e5b70 flushing  nmethod 0x00000155aedfc590
Event: 7.746 Thread 0x00000156031e5b70 flushing  nmethod 0x00000155aedfc990
Event: 7.746 Thread 0x00000156031e5b70 flushing  nmethod 0x00000155aedfd290
Event: 7.746 Thread 0x00000156031e5b70 flushing  nmethod 0x00000155aedfe490
Event: 7.746 Thread 0x00000156031e5b70 flushing  nmethod 0x00000155aee03e90
Event: 7.746 Thread 0x00000156031e5b70 flushing  nmethod 0x00000155aee56110
Event: 7.746 Thread 0x00000156031e5b70 flushing  nmethod 0x00000155aee62610
Event: 7.746 Thread 0x00000156031e5b70 flushing  nmethod 0x00000155aee62b10
Event: 7.746 Thread 0x00000156031e5b70 flushing  nmethod 0x00000155aeeb4110
Event: 7.746 Thread 0x00000156031e5b70 flushing  nmethod 0x00000155aeeead90
Event: 7.746 Thread 0x00000156031e5b70 flushing  nmethod 0x00000155aef07310
Event: 7.746 Thread 0x00000156031e5b70 flushing  nmethod 0x00000155aef1ed90

Events (20 events):
Event: 7.592 Thread 0x00000155ab55d160 Thread added: 0x000001560b7505f0
Event: 7.592 Thread 0x00000155ab55d160 Thread added: 0x000001560b74b730
Event: 7.593 Thread 0x00000155ab55d160 Thread added: 0x000001560b7519a0
Event: 7.627 Thread 0x00000155ab55d160 Thread added: 0x000001560b74f8d0
Event: 7.795 Thread 0x00000155ab55d160 Thread added: 0x000001560b74e520
Event: 7.795 Thread 0x00000155ab55d160 Thread added: 0x000001560b74bdc0
Event: 9.563 Thread 0x0000015604487020 Thread added: 0x000001560c6eff70
Event: 9.659 Thread 0x000001560591b190 Thread added: 0x000001560b74c450
Event: 9.660 Thread 0x000001560591b190 Thread added: 0x000001560b74cae0
Event: 9.660 Thread 0x000001560591b190 Thread added: 0x000001560b750c80
Event: 9.661 Thread 0x000001560b750c80 Thread added: 0x000001560b74d170
Event: 9.661 Thread 0x000001560b74d170 Thread added: 0x000001560b74ebb0
Event: 9.664 Thread 0x000001560b74ebb0 Thread added: 0x000001560b74f240
Event: 9.677 Thread 0x000001560b74f240 Thread added: 0x000001560ce63950
Event: 9.677 Thread 0x000001560b74c450 Thread added: 0x000001560ce62c30
Event: 9.679 Thread 0x000001560ce63950 Thread added: 0x000001560ce625a0
Event: 9.679 Thread 0x000001560ce62c30 Thread added: 0x000001560ce66dd0
Event: 9.679 Thread 0x000001560b74cae0 Thread added: 0x000001560ce66740
Event: 10.544 Thread 0x00000156044ecc70 Thread added: 0x000001560ce63fe0
Event: 11.226 Thread 0x000001560c6eff70 Thread exited: 0x000001560c6eff70


Dynamic libraries:
0x00007ff60f4a0000 - 0x00007ff60f4ae000 	c:\Users\Admin\.antigravity\extensions\redhat.java-1.54.0-win32-x64\jre\21.0.10-win32-x86_64\bin\java.exe
0x00007ff93b910000 - 0x00007ff93bb28000 	C:\Windows\SYSTEM32\ntdll.dll
0x00007ff93a6d0000 - 0x00007ff93a794000 	C:\Windows\System32\KERNEL32.DLL
0x00007ff938a20000 - 0x00007ff938df3000 	C:\Windows\System32\KERNELBASE.dll
0x00007ff939490000 - 0x00007ff9395a1000 	C:\Windows\System32\ucrtbase.dll
0x00007ff90e4a0000 - 0x00007ff90e4b8000 	c:\Users\Admin\.antigravity\extensions\redhat.java-1.54.0-win32-x64\jre\21.0.10-win32-x86_64\bin\jli.dll
0x00007ff93afd0000 - 0x00007ff93b182000 	C:\Windows\System32\USER32.dll
0x00007ff9391d0000 - 0x00007ff9391f6000 	C:\Windows\System32\win32u.dll
0x00007ff939690000 - 0x00007ff9396b9000 	C:\Windows\System32\GDI32.dll
0x00007ff938f70000 - 0x00007ff93908b000 	C:\Windows\System32\gdi32full.dll
0x00007ff9392b0000 - 0x00007ff93934a000 	C:\Windows\System32\msvcp_win.dll
0x00007ff903ee0000 - 0x00007ff903efe000 	c:\Users\Admin\.antigravity\extensions\redhat.java-1.54.0-win32-x64\jre\21.0.10-win32-x86_64\bin\VCRUNTIME140.dll
0x00007ff925e80000 - 0x00007ff92611c000 	C:\Windows\WinSxS\amd64_microsoft.windows.common-controls_6595b64144ccf1df_6.0.22621.6060_none_2712eda17382d24b\COMCTL32.dll
0x00007ff9396c0000 - 0x00007ff939767000 	C:\Windows\System32\msvcrt.dll
0x00007ff93a7a0000 - 0x00007ff93a7d1000 	C:\Windows\System32\IMM32.DLL
0x00007ff928e20000 - 0x00007ff928e2c000 	c:\Users\Admin\.antigravity\extensions\redhat.java-1.54.0-win32-x64\jre\21.0.10-win32-x86_64\bin\vcruntime140_1.dll
0x00007ff8eb7d0000 - 0x00007ff8eb85d000 	c:\Users\Admin\.antigravity\extensions\redhat.java-1.54.0-win32-x64\jre\21.0.10-win32-x86_64\bin\msvcp140.dll
0x00007ff8969b0000 - 0x00007ff897751000 	c:\Users\Admin\.antigravity\extensions\redhat.java-1.54.0-win32-x64\jre\21.0.10-win32-x86_64\bin\server\jvm.dll
0x00007ff93b810000 - 0x00007ff93b8c1000 	C:\Windows\System32\ADVAPI32.dll
0x00007ff93a810000 - 0x00007ff93a8b8000 	C:\Windows\System32\sechost.dll
0x00007ff939280000 - 0x00007ff9392a8000 	C:\Windows\System32\bcrypt.dll
0x00007ff93adb0000 - 0x00007ff93aec8000 	C:\Windows\System32\RPCRT4.dll
0x00007ff93b630000 - 0x00007ff93b6a1000 	C:\Windows\System32\WS2_32.dll
0x00007ff9388f0000 - 0x00007ff93893d000 	C:\Windows\SYSTEM32\POWRPROF.dll
0x00007ff9332f0000 - 0x00007ff933324000 	C:\Windows\SYSTEM32\WINMM.dll
0x00007ff930730000 - 0x00007ff93073a000 	C:\Windows\SYSTEM32\VERSION.dll
0x00007ff9388d0000 - 0x00007ff9388e3000 	C:\Windows\SYSTEM32\UMPDC.dll
0x00007ff9379d0000 - 0x00007ff9379e8000 	C:\Windows\SYSTEM32\kernel.appcore.dll
0x00007ff91e360000 - 0x00007ff91e36a000 	c:\Users\Admin\.antigravity\extensions\redhat.java-1.54.0-win32-x64\jre\21.0.10-win32-x86_64\bin\jimage.dll
0x00007ff92c470000 - 0x00007ff92c6a3000 	C:\Windows\SYSTEM32\DBGHELP.DLL
0x00007ff939920000 - 0x00007ff939cb1000 	C:\Windows\System32\combase.dll
0x00007ff93acd0000 - 0x00007ff93ada8000 	C:\Windows\System32\OLEAUT32.dll
0x00007ff92bd70000 - 0x00007ff92bda2000 	C:\Windows\SYSTEM32\dbgcore.DLL
0x00007ff939350000 - 0x00007ff9393cb000 	C:\Windows\System32\bcryptPrimitives.dll
0x00007ff91d080000 - 0x00007ff91d08f000 	c:\Users\Admin\.antigravity\extensions\redhat.java-1.54.0-win32-x64\jre\21.0.10-win32-x86_64\bin\instrument.dll
0x00007ff903cf0000 - 0x00007ff903d10000 	c:\Users\Admin\.antigravity\extensions\redhat.java-1.54.0-win32-x64\jre\21.0.10-win32-x86_64\bin\java.dll
0x00007ff939cc0000 - 0x00007ff93a55c000 	C:\Windows\System32\SHELL32.dll
0x00007ff939090000 - 0x00007ff9391cf000 	C:\Windows\System32\wintypes.dll
0x00007ff9368d0000 - 0x00007ff9371ea000 	C:\Windows\SYSTEM32\windows.storage.dll
0x00007ff93abc0000 - 0x00007ff93acc4000 	C:\Windows\System32\SHCORE.dll
0x00007ff93aed0000 - 0x00007ff93af39000 	C:\Windows\System32\shlwapi.dll
0x00007ff938950000 - 0x00007ff938975000 	C:\Windows\SYSTEM32\profapi.dll
0x00007ff903c90000 - 0x00007ff903ca8000 	c:\Users\Admin\.antigravity\extensions\redhat.java-1.54.0-win32-x64\jre\21.0.10-win32-x86_64\bin\zip.dll
0x00007ff90e490000 - 0x00007ff90e4a0000 	C:\Users\Admin\.antigravity\extensions\redhat.java-1.54.0-win32-x64\jre\21.0.10-win32-x86_64\bin\net.dll
0x00007ff934cd0000 - 0x00007ff934dfc000 	C:\Windows\SYSTEM32\WINHTTP.dll
0x00007ff937ee0000 - 0x00007ff937f49000 	C:\Windows\system32\mswsock.dll
0x00007ff903c70000 - 0x00007ff903c86000 	C:\Users\Admin\.antigravity\extensions\redhat.java-1.54.0-win32-x64\jre\21.0.10-win32-x86_64\bin\nio.dll
0x00007ff90d5d0000 - 0x00007ff90d5e0000 	c:\Users\Admin\.antigravity\extensions\redhat.java-1.54.0-win32-x64\jre\21.0.10-win32-x86_64\bin\verify.dll
0x00007ff8eb0e0000 - 0x00007ff8eb125000 	C:\Users\Admin\AppData\Roaming\Antigravity\User\globalStorage\redhat.java\1.54.0\config_win\org.eclipse.equinox.launcher\org.eclipse.equinox.launcher.win32.win32.x86_64_1.3.0.v20260203-2149\eclipse_11919.dll
0x00007ff939770000 - 0x00007ff939911000 	C:\Windows\System32\ole32.dll
0x00007ff938140000 - 0x00007ff93815b000 	C:\Windows\SYSTEM32\CRYPTSP.dll
0x00007ff937930000 - 0x00007ff937967000 	C:\Windows\system32\rsaenh.dll
0x00007ff937fd0000 - 0x00007ff937ff8000 	C:\Windows\SYSTEM32\USERENV.dll
0x00007ff938130000 - 0x00007ff93813c000 	C:\Windows\SYSTEM32\CRYPTBASE.dll
0x00007ff937440000 - 0x00007ff93746d000 	C:\Windows\SYSTEM32\IPHLPAPI.DLL
0x00007ff93a800000 - 0x00007ff93a809000 	C:\Windows\System32\NSI.dll
0x00007ff8eb780000 - 0x00007ff8eb7c9000 	C:\Users\Admin\AppData\Local\Temp\jna-63116079\jna11566558537572468603.dll
0x00007ff93a9e0000 - 0x00007ff93a9e8000 	C:\Windows\System32\PSAPI.DLL
0x00007ff933570000 - 0x00007ff933589000 	C:\Windows\SYSTEM32\dhcpcsvc6.DLL
0x00007ff933520000 - 0x00007ff93353f000 	C:\Windows\SYSTEM32\dhcpcsvc.DLL

JVMTI agents:
c:\Users\Admin\.antigravity\extensions\redhat.java-1.54.0-win32-x64\lombok\lombok-1.18.39-4050.jar path:c:\Users\Admin\.antigravity\extensions\redhat.java-1.54.0-win32-x64\jre\21.0.10-win32-x86_64\bin\instrument.dll, loaded, initialized, instrumentlib options:none

dbghelp: loaded successfully - version: 4.0.5 - missing functions: none
symbol engine: initialized successfully - sym options: 0x614 - pdb path: .;c:\Users\Admin\.antigravity\extensions\redhat.java-1.54.0-win32-x64\jre\21.0.10-win32-x86_64\bin;C:\Windows\SYSTEM32;C:\Windows\WinSxS\amd64_microsoft.windows.common-controls_6595b64144ccf1df_6.0.22621.6060_none_2712eda17382d24b;c:\Users\Admin\.antigravity\extensions\redhat.java-1.54.0-win32-x64\jre\21.0.10-win32-x86_64\bin\server;C:\Users\Admin\AppData\Roaming\Antigravity\User\globalStorage\redhat.java\1.54.0\config_win\org.eclipse.equinox.launcher\org.eclipse.equinox.launcher.win32.win32.x86_64_1.3.0.v20260203-2149;C:\Users\Admin\AppData\Local\Temp\jna-63116079

VM Arguments:
jvm_args: --add-modules=ALL-SYSTEM --add-opens=java.base/java.util=ALL-UNNAMED --add-opens=java.base/java.lang=ALL-UNNAMED --add-opens=java.base/sun.nio.fs=ALL-UNNAMED -Declipse.application=org.eclipse.jdt.ls.core.id1 -Dosgi.bundles.defaultStartLevel=4 -Declipse.product=org.eclipse.jdt.ls.core.product -Djava.import.generatesMetadataFilesAtProjectRoot=false -DDetectVMInstallationsJob.disabled=true -Dfile.encoding=utf8 -XX:+UseParallelGC -XX:GCTimeRatio=4 -XX:AdaptiveSizePolicyWeight=90 -Dsun.zip.disableMemoryMapping=true -Xmx2G -Xms100m -Xlog:disable -javaagent:c:\Users\Admin\.antigravity\extensions\redhat.java-1.54.0-win32-x64\lombok\lombok-1.18.39-4050.jar -XX:+HeapDumpOnOutOfMemoryError -XX:HeapDumpPath=c:\Users\Admin\AppData\Roaming\Antigravity\User\workspaceStorage\458aae83574d7037a556d7725c321ec6\redhat.java -Daether.dependencyCollector.impl=bf 
java_command: c:\Users\Admin\.antigravity\extensions\redhat.java-1.54.0-win32-x64\server\plugins\org.eclipse.equinox.launcher_1.7.100.v20251111-0406.jar -configuration c:\Users\Admin\AppData\Roaming\Antigravity\User\globalStorage\redhat.java\1.54.0\config_win -data c:\Users\Admin\AppData\Roaming\Antigravity\User\workspaceStorage\458aae83574d7037a556d7725c321ec6\redhat.java\jdt_ws --pipe=\\.\pipe\lsp-fa4cddd31bae6681d567b3350384acf8-sock
java_class_path (initial): c:\Users\Admin\.antigravity\extensions\redhat.java-1.54.0-win32-x64\server\plugins\org.eclipse.equinox.launcher_1.7.100.v20251111-0406.jar
Launcher Type: SUN_STANDARD

[Global flags]
    uintx AdaptiveSizePolicyWeight                 = 90                                        {product} {command line}
     intx CICompilerCount                          = 4                                         {product} {ergonomic}
    uintx GCTimeRatio                              = 4                                         {product} {command line}
     bool HeapDumpOnOutOfMemoryError               = true                                   {manageable} {command line}
    ccstr HeapDumpPath                             = c:\Users\Admin\AppData\Roaming\Antigravity\User\workspaceStorage\458aae83574d7037a556d7725c321ec6\redhat.java         {manageable} {command line}
   size_t InitialHeapSize                          = 104857600                                 {product} {command line}
   size_t MaxHeapSize                              = 2147483648                                {product} {command line}
   size_t MaxNewSize                               = 715653120                                 {product} {ergonomic}
   size_t MinHeapDeltaBytes                        = 524288                                    {product} {ergonomic}
   size_t MinHeapSize                              = 104857600                                 {product} {command line}
   size_t NewSize                                  = 34603008                                  {product} {ergonomic}
    uintx NonNMethodCodeHeapSize                   = 5839372                                {pd product} {ergonomic}
    uintx NonProfiledCodeHeapSize                  = 122909434                              {pd product} {ergonomic}
   size_t OldSize                                  = 70254592                                  {product} {ergonomic}
    uintx ProfiledCodeHeapSize                     = 122909434                              {pd product} {ergonomic}
    uintx ReservedCodeCacheSize                    = 251658240                              {pd product} {ergonomic}
     bool SegmentedCodeCache                       = true                                      {product} {ergonomic}
   size_t SoftMaxHeapSize                          = 2147483648                             {manageable} {ergonomic}
     bool UseCompressedOops                        = true                           {product lp64_product} {ergonomic}
     bool UseLargePagesIndividualAllocation        = false                                  {pd product} {ergonomic}
     bool UseParallelGC                            = true                                      {product} {command line}

Logging:
Log output configuration:
 #0: stdout all=off uptime,level,tags foldmultilines=false
 #1: stderr all=off uptime,level,tags foldmultilines=false

Release file:
JAVA_VERSION="21.0.10" 
MODULES="java.base java.compiler java.datatransfer java.xml java.prefs java.desktop java.instrument java.logging java.management java.security.sasl java.naming java.rmi java.management.rmi java.net.http java.scripting java.security.jgss java.transaction.xa java.sql java.sql.rowset java.xml.crypto java.se java.smartcardio jdk.accessibility jdk.internal.jvmstat jdk.attach jdk.charsets jdk.internal.opt jdk.zipfs jdk.compiler jdk.crypto.ec jdk.crypto.cryptoki jdk.crypto.mscapi jdk.dynalink jdk.internal.ed jdk.editpad jdk.hotspot.agent jdk.httpserver jdk.internal.le jdk.internal.vm.ci jdk.internal.vm.compiler jdk.internal.vm.compiler.management jdk.jartool jdk.javadoc jdk.jcmd jdk.management jdk.management.agent jdk.jconsole jdk.jdeps jdk.jdwp.agent jdk.jdi jdk.jfr jdk.jshell jdk.jsobject jdk.jstatd jdk.localedata jdk.management.jfr jdk.naming.dns jdk.naming.rmi jdk.net jdk.nio.mapmode jdk.random jdk.sctp jdk.security.auth jdk.security.jgss jdk.unsupported jdk.unsupported.desktop jdk.xml.dom" 

Environment Variables:
JAVA_HOME=D:\OS\dowload easy\Java JDK\jdk-17.0.11
PATH=C:\Windows\system32;C:\Windows;C:\Windows\System32\Wbem;C:\Windows\System32\WindowsPowerShell\v1.0\;C:\Windows\System32\OpenSSH\;C:\Program Files\Git\cmd;D:\OS\dowload easy\Java JDK\jdk-17.0.11\bin;D:\OS\dowload easy\apache-maven-3.8.5\bin;C:\Users\Admin\AppData\Local\nvm;C:\nvm4w\nodejs;C:\Program Files\Docker\Docker\resources\bin;C:\Program Files\MySQL\MySQL Shell 8.0\bin\;C:\Users\Admin\.local\bin;C:\Users\Admin\AppData\Local\Microsoft\WindowsApps;C:\Program Files\JetBrains\DataGrip 2025.3.5\bin;C:\Users\Admin\AppData\Local\Programs\Microsoft VS Code\bin;C:\Users\Admin\AppData\Local\GitHubDesktop\bin;C:\Users\Admin\AppData\Local\nvm;C:\nvm4w\nodejs;C:\Users\Admin\AppData\Local\Python\bin;D:\Data\Antigravity\bin
USERNAME=Admin
OS=Windows_NT
PROCESSOR_IDENTIFIER=AMD64 Family 25 Model 80 Stepping 0, AuthenticAMD
TMP=C:\Users\Admin\AppData\Local\Temp
TEMP=C:\Users\Admin\AppData\Local\Temp




Periodic native trim disabled

---------------  S Y S T E M  ---------------

OS:
 Windows 11 , 64 bit Build 22621 (10.0.22621.5415)
OS uptime: 0 days 0:15 hours
Hyper-V role detected

CPU: total 12 (initial active 12) (12 cores per cpu, 2 threads per core) family 25 model 80 stepping 0 microcode 0x0, cx8, cmov, fxsr, ht, mmx, 3dnowpref, sse, sse2, sse3, ssse3, sse4a, sse4.1, sse4.2, popcnt, lzcnt, tsc, tscinvbit, avx, avx2, aes, erms, clmul, bmi1, bmi2, adx, sha, fma, vzeroupper, clflush, clflushopt, hv, rdtscp, rdpid, fsrm, f16c, cet_ss
Processor Information for the first 12 processors :
  Max Mhz: 3301, Current Mhz: 3301, Mhz Limit: 3301

Memory: 4k page, system-wide physical 15720M (321M free)
TotalPageFile size 32653M (AvailPageFile size 2M)
current process WorkingSet (physical memory assigned to process): 242M, peak: 247M
current process commit charge ("private bytes"): 340M, peak: 361M

vm_info: OpenJDK 64-Bit Server VM (21.0.10+7-LTS) for windows-amd64 JRE (21.0.10+7-LTS), built on 2026-01-20T00:00:00Z by "admin" with MS VC++ 17.12 (VS2022)

END.
