#
# There is insufficient memory for the Java Runtime Environment to continue.
# Native memory allocation (malloc) failed to allocate 1579376 bytes. Error detail: Chunk::new
# Possible reasons:
#   The system is out of physical RAM or swap space
#   This process is running with CompressedOops enabled, and the Java Heap may be blocking the growth of the native heap
# Possible solutions:
#   Reduce memory load on the system
#   Increase physical memory or swap space
#   Check if swap backing store is full
#   Decrease Java heap size (-Xmx/-Xms)
#   Decrease number of Java threads
#   Decrease Java thread stack sizes (-Xss)
#   Set larger code cache with -XX:ReservedCodeCacheSize=
#   JVM is running with Unscaled Compressed Oops mode in which the Java heap is
#     placed in the first 4GB address space. The Java Heap base address is the
#     maximum limit for the native heap growth. Please use -XX:HeapBaseMinAddress
#     to set the Java Heap base and to place the Java Heap above 4GB virtual address.
# This output file may be truncated or incomplete.
#
#  Out of Memory Error (arena.cpp:168), pid=29200, tid=27916
#
# JRE version: OpenJDK Runtime Environment Temurin-21.0.10+7 (21.0.10+7) (build 21.0.10+7-LTS)
# Java VM: OpenJDK 64-Bit Server VM Temurin-21.0.10+7 (21.0.10+7-LTS, mixed mode, sharing, tiered, compressed oops, compressed class ptrs, parallel gc, windows-amd64)
# No core dump will be written. Minidumps are not enabled by default on client versions of Windows
#

---------------  S U M M A R Y ------------

Command Line: --add-modules=ALL-SYSTEM --add-opens=java.base/java.util=ALL-UNNAMED --add-opens=java.base/java.lang=ALL-UNNAMED --add-opens=java.base/sun.nio.fs=ALL-UNNAMED -Declipse.application=org.eclipse.jdt.ls.core.id1 -Dosgi.bundles.defaultStartLevel=4 -Declipse.product=org.eclipse.jdt.ls.core.product -Djava.import.generatesMetadataFilesAtProjectRoot=false -DDetectVMInstallationsJob.disabled=true -Dfile.encoding=utf8 -XX:+UseParallelGC -XX:GCTimeRatio=4 -XX:AdaptiveSizePolicyWeight=90 -Dsun.zip.disableMemoryMapping=true -Xmx2G -Xms100m -Xlog:disable -javaagent:c:\Users\Admin\.antigravity\extensions\redhat.java-1.54.0-win32-x64\lombok\lombok-1.18.39-4050.jar c:\Users\Admin\.antigravity\extensions\redhat.java-1.54.0-win32-x64\server\plugins\org.eclipse.equinox.launcher_1.7.100.v20251111-0406.jar -configuration c:\Users\Admin\AppData\Roaming\Antigravity\User\globalStorage\redhat.java\1.54.0\config_ss_win -data c:\Users\Admin\AppData\Roaming\Antigravity\User\workspaceStorage\458aae83574d7037a556d7725c321ec6\redhat.java\ss_ws --pipe=\\.\pipe\lsp-b29691205132890526c6197750913280-sock

Host: AMD Ryzen 5 5600H with Radeon Graphics         , 12 cores, 15G,  Windows 11 , 64 bit Build 22621 (10.0.22621.5415)
Time: Tue May 26 13:50:26 2026 SE Asia Standard Time elapsed time: 10.257910 seconds (0d 0h 0m 10s)

---------------  T H R E A D  ---------------

Current thread (0x00000198de2cafd0):  JavaThread "C2 CompilerThread0" daemon [_thread_in_native, id=27916, stack(0x0000000d2c600000,0x0000000d2c700000) (1024K)]


Current CompileTask:
C2:10257 7498       4       org.eclipse.jdt.internal.compiler.parser.Parser::consumeRule (7843 bytes)

Stack: [0x0000000d2c600000,0x0000000d2c700000]
Native frames: (J=compiled Java code, j=interpreted, Vv=VM code, C=native code)
V  [jvm.dll+0x6d7a39]
V  [jvm.dll+0x8b4b26]
V  [jvm.dll+0x8b70de]
V  [jvm.dll+0x8b77c3]
V  [jvm.dll+0x284346]
V  [jvm.dll+0xc66ed]
V  [jvm.dll+0xc6c31]
V  [jvm.dll+0x3bec01]
V  [jvm.dll+0x38b162]
V  [jvm.dll+0x38a5aa]
V  [jvm.dll+0x24c560]
V  [jvm.dll+0x24bb40]
V  [jvm.dll+0x1cb34e]
V  [jvm.dll+0x25b85d]
V  [jvm.dll+0x259dea]
V  [jvm.dll+0x3f857e]
V  [jvm.dll+0x85f59d]
V  [jvm.dll+0x6d626d]
C  [ucrtbase.dll+0x29333]
C  [KERNEL32.DLL+0x1259d]
C  [ntdll.dll+0x5af78]


---------------  P R O C E S S  ---------------

Threads class SMR info:
_java_thread_list=0x00000198ee598030, length=40, elements={
0x00000198c592a880, 0x00000198dc3de3c0, 0x00000198de2c0cd0, 0x00000198de2c4990,
0x00000198de2c6ac0, 0x00000198de2c7720, 0x00000198de2ca190, 0x00000198de2cafd0,
0x00000198de2d97a0, 0x00000198de4917c0, 0x00000198de647c10, 0x00000198e3182f20,
0x00000198e3217570, 0x00000198e3217be0, 0x00000198e32167a0, 0x00000198e3528110,
0x00000198dee6fca0, 0x00000198e3276890, 0x00000198e34be3c0, 0x00000198e34bea50,
0x00000198e34bf0e0, 0x00000198e34bf770, 0x00000198e360fae0, 0x00000198e3614310,
0x00000198e36156c0, 0x00000198e36135f0, 0x00000198e360e730, 0x00000198e3610170,
0x00000198e36128d0, 0x00000198e3611520, 0x00000198e3610e90, 0x00000198e3611bb0,
0x00000198e3612240, 0x00000198e3613c80, 0x00000198e3612f60, 0x00000198e36149a0,
0x00000198e360f450, 0x00000198e3615d50, 0x00000198e3610800, 0x00000198e3615030
}

Java Threads: ( => current thread )
  0x00000198c592a880 JavaThread "main"                              [_thread_blocked, id=17324, stack(0x0000000d2bc00000,0x0000000d2bd00000) (1024K)]
  0x00000198dc3de3c0 JavaThread "Reference Handler"          daemon [_thread_blocked, id=26060, stack(0x0000000d2c000000,0x0000000d2c100000) (1024K)]
  0x00000198de2c0cd0 JavaThread "Finalizer"                  daemon [_thread_blocked, id=2844, stack(0x0000000d2c100000,0x0000000d2c200000) (1024K)]
  0x00000198de2c4990 JavaThread "Signal Dispatcher"          daemon [_thread_blocked, id=2700, stack(0x0000000d2c200000,0x0000000d2c300000) (1024K)]
  0x00000198de2c6ac0 JavaThread "Attach Listener"            daemon [_thread_blocked, id=27100, stack(0x0000000d2c300000,0x0000000d2c400000) (1024K)]
  0x00000198de2c7720 JavaThread "Service Thread"             daemon [_thread_blocked, id=21088, stack(0x0000000d2c400000,0x0000000d2c500000) (1024K)]
  0x00000198de2ca190 JavaThread "Monitor Deflation Thread"   daemon [_thread_blocked, id=27124, stack(0x0000000d2c500000,0x0000000d2c600000) (1024K)]
=>0x00000198de2cafd0 JavaThread "C2 CompilerThread0"         daemon [_thread_in_native, id=27916, stack(0x0000000d2c600000,0x0000000d2c700000) (1024K)]
  0x00000198de2d97a0 JavaThread "C1 CompilerThread0"         daemon [_thread_in_vm, id=9908, stack(0x0000000d2c700000,0x0000000d2c800000) (1024K)]
  0x00000198de4917c0 JavaThread "Common-Cleaner"             daemon [_thread_blocked, id=27740, stack(0x0000000d2c800000,0x0000000d2c900000) (1024K)]
  0x00000198de647c10 JavaThread "Notification Thread"        daemon [_thread_blocked, id=27716, stack(0x0000000d2ca00000,0x0000000d2cb00000) (1024K)]
  0x00000198e3182f20 JavaThread "Active Thread: Equinox Container: 7efe7166-38fd-454b-9c7d-2b8a66407d01"        [_thread_blocked, id=7136, stack(0x0000000d2d200000,0x0000000d2d300000) (1024K)]
  0x00000198e3217570 JavaThread "Framework Event Dispatcher: Equinox Container: 7efe7166-38fd-454b-9c7d-2b8a66407d01" daemon [_thread_blocked, id=28772, stack(0x0000000d2d300000,0x0000000d2d400000) (1024K)]
  0x00000198e3217be0 JavaThread "Start Level: Equinox Container: 7efe7166-38fd-454b-9c7d-2b8a66407d01" daemon [_thread_blocked, id=28432, stack(0x0000000d2d400000,0x0000000d2d500000) (1024K)]
  0x00000198e32167a0 JavaThread "SCR Component Actor"        daemon [_thread_blocked, id=28312, stack(0x0000000d2c900000,0x0000000d2ca00000) (1024K)]
  0x00000198e3528110 JavaThread "Worker-JM"                         [_thread_blocked, id=27440, stack(0x0000000d2d600000,0x0000000d2d700000) (1024K)]
  0x00000198dee6fca0 JavaThread "JNA Cleaner"                daemon [_thread_blocked, id=28368, stack(0x0000000d2cb00000,0x0000000d2cc00000) (1024K)]
  0x00000198e3276890 JavaThread "Worker-0"                          [_thread_blocked, id=28852, stack(0x0000000d2d900000,0x0000000d2da00000) (1024K)]
  0x00000198e34be3c0 JavaThread "Worker-1: Publish Diagnostics"        [_thread_in_Java, id=26144, stack(0x0000000d2da00000,0x0000000d2db00000) (1024K)]
  0x00000198e34bea50 JavaThread "Thread-1"                   daemon [_thread_in_native, id=29776, stack(0x0000000d2db00000,0x0000000d2dc00000) (1024K)]
  0x00000198e34bf0e0 JavaThread "Thread-2"                   daemon [_thread_in_native, id=29780, stack(0x0000000d2dc00000,0x0000000d2dd00000) (1024K)]
  0x00000198e34bf770 JavaThread "Thread-3"                   daemon [_thread_in_native, id=29784, stack(0x0000000d2dd00000,0x0000000d2de00000) (1024K)]
  0x00000198e360fae0 JavaThread "Thread-4"                   daemon [_thread_in_native, id=29788, stack(0x0000000d2de00000,0x0000000d2df00000) (1024K)]
  0x00000198e3614310 JavaThread "Thread-5"                   daemon [_thread_in_native, id=29792, stack(0x0000000d2df00000,0x0000000d2e000000) (1024K)]
  0x00000198e36156c0 JavaThread "Thread-6"                   daemon [_thread_in_native, id=29796, stack(0x0000000d2e000000,0x0000000d2e100000) (1024K)]
  0x00000198e36135f0 JavaThread "Thread-7"                   daemon [_thread_in_native, id=29800, stack(0x0000000d2e100000,0x0000000d2e200000) (1024K)]
  0x00000198e360e730 JavaThread "Thread-8"                   daemon [_thread_in_native, id=29804, stack(0x0000000d2e200000,0x0000000d2e300000) (1024K)]
  0x00000198e3610170 JavaThread "Thread-9"                   daemon [_thread_in_native, id=29808, stack(0x0000000d2e300000,0x0000000d2e400000) (1024K)]
  0x00000198e36128d0 JavaThread "Thread-10"                  daemon [_thread_in_native, id=29812, stack(0x0000000d2e400000,0x0000000d2e500000) (1024K)]
  0x00000198e3611520 JavaThread "Thread-11"                  daemon [_thread_in_native, id=29816, stack(0x0000000d2e500000,0x0000000d2e600000) (1024K)]
  0x00000198e3610e90 JavaThread "Thread-12"                  daemon [_thread_in_native, id=29820, stack(0x0000000d2e600000,0x0000000d2e700000) (1024K)]
  0x00000198e3611bb0 JavaThread "Thread-13"                  daemon [_thread_in_native, id=29824, stack(0x0000000d2e700000,0x0000000d2e800000) (1024K)]
  0x00000198e3612240 JavaThread "pool-2-thread-1"                   [_thread_blocked, id=29852, stack(0x0000000d2e800000,0x0000000d2e900000) (1024K)]
  0x00000198e3613c80 JavaThread "Worker-2"                          [_thread_blocked, id=30004, stack(0x0000000d2e900000,0x0000000d2ea00000) (1024K)]
  0x00000198e3612f60 JavaThread "WorkspaceEventsHandler"            [_thread_blocked, id=30016, stack(0x0000000d2ea00000,0x0000000d2eb00000) (1024K)]
  0x00000198e36149a0 JavaThread "pool-1-thread-1"                   [_thread_blocked, id=30020, stack(0x0000000d2eb00000,0x0000000d2ec00000) (1024K)]
  0x00000198e360f450 JavaThread "ForkJoinPool.commonPool-worker-1" daemon [_thread_blocked, id=30204, stack(0x0000000d2ed00000,0x0000000d2ee00000) (1024K)]
  0x00000198e3615d50 JavaThread "ForkJoinPool.commonPool-worker-2" daemon [_thread_blocked, id=30216, stack(0x0000000d2ee00000,0x0000000d2ef00000) (1024K)]
  0x00000198e3610800 JavaThread "ForkJoinPool.commonPool-worker-3" daemon [_thread_blocked, id=30224, stack(0x0000000d2ef00000,0x0000000d2f000000) (1024K)]
  0x00000198e3615030 JavaThread "ForkJoinPool.commonPool-worker-4" daemon [_thread_blocked, id=30228, stack(0x0000000d2f000000,0x0000000d2f100000) (1024K)]
Total: 40

Other Threads:
  0x00000198c59ee890 VMThread "VM Thread"                           [id=21824, stack(0x0000000d2bf00000,0x0000000d2c000000) (1024K)]
  0x00000198c5997910 WatcherThread "VM Periodic Task Thread"        [id=3180, stack(0x0000000d2be00000,0x0000000d2bf00000) (1024K)]
  0x00000198c594c720 WorkerThread "GC Thread#0"                     [id=28048, stack(0x0000000d2bd00000,0x0000000d2be00000) (1024K)]
  0x00000198debfed80 WorkerThread "GC Thread#1"                     [id=28116, stack(0x0000000d2cc00000,0x0000000d2cd00000) (1024K)]
  0x00000198deda2f00 WorkerThread "GC Thread#2"                     [id=27768, stack(0x0000000d2cd00000,0x0000000d2ce00000) (1024K)]
  0x00000198dee0f600 WorkerThread "GC Thread#3"                     [id=27992, stack(0x0000000d2ce00000,0x0000000d2cf00000) (1024K)]
  0x00000198dee0f9b0 WorkerThread "GC Thread#4"                     [id=27796, stack(0x0000000d2cf00000,0x0000000d2d000000) (1024K)]
  0x00000198e31cb0b0 WorkerThread "GC Thread#5"                     [id=27896, stack(0x0000000d2d000000,0x0000000d2d100000) (1024K)]
  0x00000198e31cb460 WorkerThread "GC Thread#6"                     [id=27824, stack(0x0000000d2d100000,0x0000000d2d200000) (1024K)]
  0x00000198e327a300 WorkerThread "GC Thread#7"                     [id=27804, stack(0x0000000d2d500000,0x0000000d2d600000) (1024K)]
  0x00000198e32f1b10 WorkerThread "GC Thread#8"                     [id=27480, stack(0x0000000d2d700000,0x0000000d2d800000) (1024K)]
  0x00000198e3083000 WorkerThread "GC Thread#9"                     [id=24924, stack(0x0000000d2d800000,0x0000000d2d900000) (1024K)]
Total: 12

Threads with active compile tasks:
C2 CompilerThread0  10296 7498       4       org.eclipse.jdt.internal.compiler.parser.Parser::consumeRule (7843 bytes)
C1 CompilerThread0  10297 7648   !   2       org.eclipse.core.internal.resources.CharsetManager::getPreferences (182 bytes)
Total: 2

VM state: not at safepoint (normal execution)

VM Mutex/Monitor currently owned by a thread: None

Heap address: 0x0000000080000000, size: 2048 MB, Compressed Oops mode: 32-bit

CDS archive(s) mapped at: [0x0000019880000000-0x0000019880ba0000-0x0000019880ba0000), size 12189696, SharedBaseAddress: 0x0000019880000000, ArchiveRelocationMode: 1.
Compressed class space mapped at: 0x0000019881000000-0x00000198c1000000, reserved size: 1073741824
Narrow klass base: 0x0000019880000000, Narrow klass shift: 0, Narrow klass range: 0x100000000

GC Precious Log:
 CardTable entry size: 512
 CPUs: 12 total, 12 available
 Memory: 15720M
 Large Page Support: Disabled
 NUMA Support: Disabled
 Compressed Oops: Enabled (32-bit)
 Alignments: Space 512K, Generation 512K, Heap 2M
 Heap Min Capacity: 100M
 Heap Initial Capacity: 100M
 Heap Max Capacity: 2G
 Pre-touch: Disabled
 Parallel Workers: 10

Heap:
 PSYoungGen      total 20992K, used 10936K [0x00000000d5580000, 0x00000000d6d80000, 0x0000000100000000)
  eden space 19456K, 48% used [0x00000000d5580000,0x00000000d5ebe248,0x00000000d6880000)
  from space 1536K, 95% used [0x00000000d6880000,0x00000000d69f0010,0x00000000d6a00000)
  to   space 2560K, 0% used [0x00000000d6b00000,0x00000000d6b00000,0x00000000d6d80000)
 ParOldGen       total 68608K, used 40310K [0x0000000080000000, 0x0000000084300000, 0x00000000d5580000)
  object space 68608K, 58% used [0x0000000080000000,0x000000008275db18,0x0000000084300000)
 Metaspace       used 44857K, committed 46016K, reserved 1114112K
  class space    used 4466K, committed 4992K, reserved 1048576K

Card table byte_map: [0x00000198c52d0000,0x00000198c56e0000] _byte_map_base: 0x00000198c4ed0000

Marking Bits: (ParMarkBitMap*) 0x00007ff897673450
 Begin Bits: [0x00000198d7de0000, 0x00000198d9de0000)
 End Bits:   [0x00000198d9de0000, 0x00000198dbde0000)

Polling page: 0x00000198c3670000

Metaspace:

Usage:
  Non-class:     39.44 MB used.
      Class:      4.36 MB used.
       Both:     43.81 MB used.

Virtual space:
  Non-class space:       64.00 MB reserved,      40.06 MB ( 63%) committed,  1 nodes.
      Class space:        1.00 GB reserved,       4.88 MB ( <1%) committed,  1 nodes.
             Both:        1.06 GB reserved,      44.94 MB (  4%) committed. 

Chunk freelists:
   Non-Class:  7.17 MB
       Class:  11.14 MB
        Both:  18.31 MB

MaxMetaspaceSize: unlimited
CompressedClassSpaceSize: 1.00 GB
Initial GC threshold: 21.00 MB
Current GC threshold: 58.38 MB
CDS: on
 - commit_granule_bytes: 65536.
 - commit_granule_words: 8192.
 - virtual_space_node_default_size: 8388608.
 - enlarge_chunks_in_place: 1.
 - use_allocation_guard: 0.


Internal statistics:

num_allocs_failed_limit: 6.
num_arena_births: 1188.
num_arena_deaths: 206.
num_vsnodes_births: 2.
num_vsnodes_deaths: 0.
num_space_committed: 719.
num_space_uncommitted: 0.
num_chunks_returned_to_freelist: 297.
num_chunks_taken_from_freelist: 3395.
num_chunk_merges: 115.
num_chunk_splits: 1981.
num_chunks_enlarged: 1082.
num_inconsistent_stats: 0.

CodeHeap 'non-profiled nmethods': size=120000Kb used=3702Kb max_used=3702Kb free=116297Kb
 bounds [0x00000198d0600000, 0x00000198d09a0000, 0x00000198d7b30000]
CodeHeap 'profiled nmethods': size=120000Kb used=16048Kb max_used=16048Kb free=103951Kb
 bounds [0x00000198c8b30000, 0x00000198c9ae0000, 0x00000198d0060000]
CodeHeap 'non-nmethods': size=5760Kb used=1412Kb max_used=1456Kb free=4347Kb
 bounds [0x00000198d0060000, 0x00000198d02d0000, 0x00000198d0600000]
CodeCache: size=245760Kb, used=21162Kb, max_used=21206Kb, free=224595Kb
 total_blobs=7941, nmethods=7220, adapters=625, full_count=0
Compilation: enabled, stopped_count=0, restarted_count=0

Compilation events (20 events):
Event: 10.240 Thread 0x00000198de2d97a0 7610       2       org.eclipse.jdt.ls.core.internal.semantictokens.SemanticTokensVisitor::addToken (15 bytes)
Event: 10.241 Thread 0x00000198de2d97a0 nmethod 7610 0x00000198c9abfd10 code [0x00000198c9abfec0, 0x00000198c9ac0000]
Event: 10.241 Thread 0x00000198de2d97a0 7626       3       java.io.StringWriter::append (6 bytes)
Event: 10.241 Thread 0x00000198de2d97a0 nmethod 7626 0x00000198c9ac0110 code [0x00000198c9ac0300, 0x00000198c9ac0828]
Event: 10.241 Thread 0x00000198de2d97a0 7627       3       com.google.gson.stream.JsonWriter::beforeValue (140 bytes)
Event: 10.241 Thread 0x00000198de2d97a0 nmethod 7627 0x00000198c9ac0a10 code [0x00000198c9ac0ca0, 0x00000198c9ac1638]
Event: 10.241 Thread 0x00000198de2d97a0 7628       3       com.google.gson.internal.bind.TypeAdapters$7::write (10 bytes)
Event: 10.242 Thread 0x00000198de2d97a0 nmethod 7628 0x00000198c9ac1990 code [0x00000198c9ac1be0, 0x00000198c9ac23c0]
Event: 10.242 Thread 0x00000198de2d97a0 7611       2       org.eclipse.jdt.ls.core.internal.semantictokens.TokenModifier::checkGeneric (86 bytes)
Event: 10.244 Thread 0x00000198de2d97a0 nmethod 7611 0x00000198c9ac2690 code [0x00000198c9ac28c0, 0x00000198c9ac2e70]
Event: 10.244 Thread 0x00000198de2d97a0 7612       2       java.util.AbstractList$Itr::<init> (31 bytes)
Event: 10.244 Thread 0x00000198de2d97a0 nmethod 7612 0x00000198c9ac3110 code [0x00000198c9ac32a0, 0x00000198c9ac33d8]
Event: 10.244 Thread 0x00000198de2d97a0 7620       1       org.eclipse.jdt.core.dom.VariableBinding::getKind (2 bytes)
Event: 10.244 Thread 0x00000198de2d97a0 nmethod 7620 0x00000198d099cc90 code [0x00000198d099ce20, 0x00000198d099cee8]
Event: 10.245 Thread 0x00000198de2d97a0 7616       1       org.eclipse.jdt.core.dom.AST::apiLevel (5 bytes)
Event: 10.245 Thread 0x00000198de2d97a0 nmethod 7616 0x00000198d099cf90 code [0x00000198d099d120, 0x00000198d099d1e8]
Event: 10.245 Thread 0x00000198de2d97a0 7617       1       org.eclipse.jdt.core.dom.MethodInvocation::arguments (5 bytes)
Event: 10.245 Thread 0x00000198de2d97a0 nmethod 7617 0x00000198d099d290 code [0x00000198d099d420, 0x00000198d099d4e8]
Event: 10.245 Thread 0x00000198de2d97a0 7618       1       org.eclipse.jdt.core.dom.MethodInvocation::getExpression (5 bytes)
Event: 10.245 Thread 0x00000198de2d97a0 nmethod 7618 0x00000198d099d590 code [0x00000198d099d720, 0x00000198d099d7e8]

GC Heap History (20 events):
Event: 7.229 GC heap before
{Heap before GC invocations=22 (full 2):
 PSYoungGen      total 22016K, used 22012K [0x00000000d5580000, 0x00000000d7000000, 0x0000000100000000)
  eden space 20992K, 100% used [0x00000000d5580000,0x00000000d6a00000,0x00000000d6a00000)
  from space 1024K, 99% used [0x00000000d6a00000,0x00000000d6aff2e8,0x00000000d6b00000)
  to   space 3072K, 0% used [0x00000000d6d00000,0x00000000d6d00000,0x00000000d7000000)
 ParOldGen       total 68608K, used 30863K [0x0000000080000000, 0x0000000084300000, 0x00000000d5580000)
  object space 68608K, 44% used [0x0000000080000000,0x0000000081e23ed8,0x0000000084300000)
 Metaspace       used 37294K, committed 38272K, reserved 1114112K
  class space    used 3813K, committed 4224K, reserved 1048576K
}
Event: 7.230 GC heap after
{Heap after GC invocations=22 (full 2):
 PSYoungGen      total 22016K, used 886K [0x00000000d5580000, 0x00000000d6e00000, 0x0000000100000000)
  eden space 20992K, 0% used [0x00000000d5580000,0x00000000d5580000,0x00000000d6a00000)
  from space 1024K, 86% used [0x00000000d6d00000,0x00000000d6ddd9d0,0x00000000d6e00000)
  to   space 1536K, 0% used [0x00000000d6b00000,0x00000000d6b00000,0x00000000d6c80000)
 ParOldGen       total 68608K, used 32043K [0x0000000080000000, 0x0000000084300000, 0x00000000d5580000)
  object space 68608K, 46% used [0x0000000080000000,0x0000000081f4ac10,0x0000000084300000)
 Metaspace       used 37294K, committed 38272K, reserved 1114112K
  class space    used 3813K, committed 4224K, reserved 1048576K
}
Event: 7.351 GC heap before
{Heap before GC invocations=23 (full 2):
 PSYoungGen      total 22016K, used 21874K [0x00000000d5580000, 0x00000000d6e00000, 0x0000000100000000)
  eden space 20992K, 99% used [0x00000000d5580000,0x00000000d69ff148,0x00000000d6a00000)
  from space 1024K, 86% used [0x00000000d6d00000,0x00000000d6ddd9d0,0x00000000d6e00000)
  to   space 1536K, 0% used [0x00000000d6b00000,0x00000000d6b00000,0x00000000d6c80000)
 ParOldGen       total 68608K, used 32043K [0x0000000080000000, 0x0000000084300000, 0x00000000d5580000)
  object space 68608K, 46% used [0x0000000080000000,0x0000000081f4ac10,0x0000000084300000)
 Metaspace       used 38649K, committed 39616K, reserved 1114112K
  class space    used 3955K, committed 4352K, reserved 1048576K
}
Event: 7.352 GC heap after
{Heap after GC invocations=23 (full 2):
 PSYoungGen      total 22528K, used 1088K [0x00000000d5580000, 0x00000000d6d80000, 0x0000000100000000)
  eden space 20992K, 0% used [0x00000000d5580000,0x00000000d5580000,0x00000000d6a00000)
  from space 1536K, 70% used [0x00000000d6b00000,0x00000000d6c100b8,0x00000000d6c80000)
  to   space 1024K, 0% used [0x00000000d6c80000,0x00000000d6c80000,0x00000000d6d80000)
 ParOldGen       total 68608K, used 32075K [0x0000000080000000, 0x0000000084300000, 0x00000000d5580000)
  object space 68608K, 46% used [0x0000000080000000,0x0000000081f52c10,0x0000000084300000)
 Metaspace       used 38649K, committed 39616K, reserved 1114112K
  class space    used 3955K, committed 4352K, reserved 1048576K
}
Event: 7.622 GC heap before
{Heap before GC invocations=24 (full 2):
 PSYoungGen      total 22528K, used 22080K [0x00000000d5580000, 0x00000000d6d80000, 0x0000000100000000)
  eden space 20992K, 100% used [0x00000000d5580000,0x00000000d6a00000,0x00000000d6a00000)
  from space 1536K, 70% used [0x00000000d6b00000,0x00000000d6c100b8,0x00000000d6c80000)
  to   space 1024K, 0% used [0x00000000d6c80000,0x00000000d6c80000,0x00000000d6d80000)
 ParOldGen       total 68608K, used 32075K [0x0000000080000000, 0x0000000084300000, 0x00000000d5580000)
  object space 68608K, 46% used [0x0000000080000000,0x0000000081f52c10,0x0000000084300000)
 Metaspace       used 39706K, committed 40704K, reserved 1114112K
  class space    used 4048K, committed 4480K, reserved 1048576K
}
Event: 7.624 GC heap after
{Heap after GC invocations=24 (full 2):
 PSYoungGen      total 21504K, used 512K [0x00000000d5580000, 0x00000000d6d00000, 0x0000000100000000)
  eden space 20992K, 0% used [0x00000000d5580000,0x00000000d5580000,0x00000000d6a00000)
  from space 512K, 100% used [0x00000000d6c80000,0x00000000d6d00000,0x00000000d6d00000)
  to   space 1024K, 0% used [0x00000000d6b00000,0x00000000d6b00000,0x00000000d6c00000)
 ParOldGen       total 68608K, used 32763K [0x0000000080000000, 0x0000000084300000, 0x00000000d5580000)
  object space 68608K, 47% used [0x0000000080000000,0x0000000081ffecb0,0x0000000084300000)
 Metaspace       used 39706K, committed 40704K, reserved 1114112K
  class space    used 4048K, committed 4480K, reserved 1048576K
}
Event: 7.858 GC heap before
{Heap before GC invocations=25 (full 2):
 PSYoungGen      total 21504K, used 21504K [0x00000000d5580000, 0x00000000d6d00000, 0x0000000100000000)
  eden space 20992K, 100% used [0x00000000d5580000,0x00000000d6a00000,0x00000000d6a00000)
  from space 512K, 100% used [0x00000000d6c80000,0x00000000d6d00000,0x00000000d6d00000)
  to   space 1024K, 0% used [0x00000000d6b00000,0x00000000d6b00000,0x00000000d6c00000)
 ParOldGen       total 68608K, used 32763K [0x0000000080000000, 0x0000000084300000, 0x00000000d5580000)
  object space 68608K, 47% used [0x0000000080000000,0x0000000081ffecb0,0x0000000084300000)
 Metaspace       used 40061K, committed 41088K, reserved 1114112K
  class space    used 4072K, committed 4480K, reserved 1048576K
}
Event: 7.859 GC heap after
{Heap after GC invocations=25 (full 2):
 PSYoungGen      total 22016K, used 512K [0x00000000d5580000, 0x00000000d6d00000, 0x0000000100000000)
  eden space 20992K, 0% used [0x00000000d5580000,0x00000000d5580000,0x00000000d6a00000)
  from space 1024K, 50% used [0x00000000d6b00000,0x00000000d6b80000,0x00000000d6c00000)
  to   space 1024K, 0% used [0x00000000d6c00000,0x00000000d6c00000,0x00000000d6d00000)
 ParOldGen       total 68608K, used 32976K [0x0000000080000000, 0x0000000084300000, 0x00000000d5580000)
  object space 68608K, 48% used [0x0000000080000000,0x0000000082034208,0x0000000084300000)
 Metaspace       used 40061K, committed 41088K, reserved 1114112K
  class space    used 4072K, committed 4480K, reserved 1048576K
}
Event: 8.207 GC heap before
{Heap before GC invocations=26 (full 2):
 PSYoungGen      total 22016K, used 21504K [0x00000000d5580000, 0x00000000d6d00000, 0x0000000100000000)
  eden space 20992K, 100% used [0x00000000d5580000,0x00000000d6a00000,0x00000000d6a00000)
  from space 1024K, 50% used [0x00000000d6b00000,0x00000000d6b80000,0x00000000d6c00000)
  to   space 1024K, 0% used [0x00000000d6c00000,0x00000000d6c00000,0x00000000d6d00000)
 ParOldGen       total 68608K, used 32976K [0x0000000080000000, 0x0000000084300000, 0x00000000d5580000)
  object space 68608K, 48% used [0x0000000080000000,0x0000000082034208,0x0000000084300000)
 Metaspace       used 40455K, committed 41536K, reserved 1114112K
  class space    used 4094K, committed 4544K, reserved 1048576K
}
Event: 8.208 GC heap after
{Heap after GC invocations=26 (full 2):
 PSYoungGen      total 22016K, used 736K [0x00000000d5580000, 0x00000000d6d00000, 0x0000000100000000)
  eden space 20992K, 0% used [0x00000000d5580000,0x00000000d5580000,0x00000000d6a00000)
  from space 1024K, 71% used [0x00000000d6c00000,0x00000000d6cb8300,0x00000000d6d00000)
  to   space 1024K, 0% used [0x00000000d6b00000,0x00000000d6b00000,0x00000000d6c00000)
 ParOldGen       total 68608K, used 33216K [0x0000000080000000, 0x0000000084300000, 0x00000000d5580000)
  object space 68608K, 48% used [0x0000000080000000,0x0000000082070208,0x0000000084300000)
 Metaspace       used 40455K, committed 41536K, reserved 1114112K
  class space    used 4094K, committed 4544K, reserved 1048576K
}
Event: 8.949 GC heap before
{Heap before GC invocations=27 (full 2):
 PSYoungGen      total 22016K, used 21728K [0x00000000d5580000, 0x00000000d6d00000, 0x0000000100000000)
  eden space 20992K, 100% used [0x00000000d5580000,0x00000000d6a00000,0x00000000d6a00000)
  from space 1024K, 71% used [0x00000000d6c00000,0x00000000d6cb8300,0x00000000d6d00000)
  to   space 1024K, 0% used [0x00000000d6b00000,0x00000000d6b00000,0x00000000d6c00000)
 ParOldGen       total 68608K, used 33216K [0x0000000080000000, 0x0000000084300000, 0x00000000d5580000)
  object space 68608K, 48% used [0x0000000080000000,0x0000000082070208,0x0000000084300000)
 Metaspace       used 42296K, committed 43392K, reserved 1114112K
  class space    used 4270K, committed 4736K, reserved 1048576K
}
Event: 8.951 GC heap after
{Heap after GC invocations=27 (full 2):
 PSYoungGen      total 22016K, used 1013K [0x00000000d5580000, 0x00000000d6f00000, 0x0000000100000000)
  eden space 20992K, 0% used [0x00000000d5580000,0x00000000d5580000,0x00000000d6a00000)
  from space 1024K, 98% used [0x00000000d6b00000,0x00000000d6bfd6e8,0x00000000d6c00000)
  to   space 2560K, 0% used [0x00000000d6c80000,0x00000000d6c80000,0x00000000d6f00000)
 ParOldGen       total 68608K, used 34129K [0x0000000080000000, 0x0000000084300000, 0x00000000d5580000)
  object space 68608K, 49% used [0x0000000080000000,0x0000000082154708,0x0000000084300000)
 Metaspace       used 42296K, committed 43392K, reserved 1114112K
  class space    used 4270K, committed 4736K, reserved 1048576K
}
Event: 9.323 GC heap before
{Heap before GC invocations=28 (full 2):
 PSYoungGen      total 22016K, used 22005K [0x00000000d5580000, 0x00000000d6f00000, 0x0000000100000000)
  eden space 20992K, 100% used [0x00000000d5580000,0x00000000d6a00000,0x00000000d6a00000)
  from space 1024K, 98% used [0x00000000d6b00000,0x00000000d6bfd6e8,0x00000000d6c00000)
  to   space 2560K, 0% used [0x00000000d6c80000,0x00000000d6c80000,0x00000000d6f00000)
 ParOldGen       total 68608K, used 34129K [0x0000000080000000, 0x0000000084300000, 0x00000000d5580000)
  object space 68608K, 49% used [0x0000000080000000,0x0000000082154708,0x0000000084300000)
 Metaspace       used 42697K, committed 43712K, reserved 1114112K
  class space    used 4300K, committed 4736K, reserved 1048576K
}
Event: 9.325 GC heap after
{Heap after GC invocations=28 (full 2):
 PSYoungGen      total 23040K, used 1832K [0x00000000d5580000, 0x00000000d6e80000, 0x0000000100000000)
  eden space 20992K, 0% used [0x00000000d5580000,0x00000000d5580000,0x00000000d6a00000)
  from space 2048K, 89% used [0x00000000d6c80000,0x00000000d6e4a080,0x00000000d6e80000)
  to   space 2048K, 0% used [0x00000000d6a80000,0x00000000d6a80000,0x00000000d6c80000)
 ParOldGen       total 68608K, used 35126K [0x0000000080000000, 0x0000000084300000, 0x00000000d5580000)
  object space 68608K, 51% used [0x0000000080000000,0x000000008224d950,0x0000000084300000)
 Metaspace       used 42697K, committed 43712K, reserved 1114112K
  class space    used 4300K, committed 4736K, reserved 1048576K
}
Event: 9.768 GC heap before
{Heap before GC invocations=29 (full 2):
 PSYoungGen      total 23040K, used 22824K [0x00000000d5580000, 0x00000000d6e80000, 0x0000000100000000)
  eden space 20992K, 100% used [0x00000000d5580000,0x00000000d6a00000,0x00000000d6a00000)
  from space 2048K, 89% used [0x00000000d6c80000,0x00000000d6e4a080,0x00000000d6e80000)
  to   space 2048K, 0% used [0x00000000d6a80000,0x00000000d6a80000,0x00000000d6c80000)
 ParOldGen       total 68608K, used 35126K [0x0000000080000000, 0x0000000084300000, 0x00000000d5580000)
  object space 68608K, 51% used [0x0000000080000000,0x000000008224d950,0x0000000084300000)
 Metaspace       used 43119K, committed 44160K, reserved 1114112K
  class space    used 4320K, committed 4736K, reserved 1048576K
}
Event: 9.770 GC heap after
{Heap after GC invocations=29 (full 2):
 PSYoungGen      total 23040K, used 1797K [0x00000000d5580000, 0x00000000d6e00000, 0x0000000100000000)
  eden space 20992K, 0% used [0x00000000d5580000,0x00000000d5580000,0x00000000d6a00000)
  from space 2048K, 87% used [0x00000000d6a80000,0x00000000d6c417a0,0x00000000d6c80000)
  to   space 1536K, 0% used [0x00000000d6c80000,0x00000000d6c80000,0x00000000d6e00000)
 ParOldGen       total 68608K, used 36887K [0x0000000080000000, 0x0000000084300000, 0x00000000d5580000)
  object space 68608K, 53% used [0x0000000080000000,0x0000000082405ef0,0x0000000084300000)
 Metaspace       used 43119K, committed 44160K, reserved 1114112K
  class space    used 4320K, committed 4736K, reserved 1048576K
}
Event: 10.000 GC heap before
{Heap before GC invocations=30 (full 2):
 PSYoungGen      total 23040K, used 22789K [0x00000000d5580000, 0x00000000d6e00000, 0x0000000100000000)
  eden space 20992K, 100% used [0x00000000d5580000,0x00000000d6a00000,0x00000000d6a00000)
  from space 2048K, 87% used [0x00000000d6a80000,0x00000000d6c417a0,0x00000000d6c80000)
  to   space 1536K, 0% used [0x00000000d6c80000,0x00000000d6c80000,0x00000000d6e00000)
 ParOldGen       total 68608K, used 36887K [0x0000000080000000, 0x0000000084300000, 0x00000000d5580000)
  object space 68608K, 53% used [0x0000000080000000,0x0000000082405ef0,0x0000000084300000)
 Metaspace       used 43448K, committed 44608K, reserved 1114112K
  class space    used 4344K, committed 4864K, reserved 1048576K
}
Event: 10.002 GC heap after
{Heap after GC invocations=30 (full 2):
 PSYoungGen      total 20992K, used 1519K [0x00000000d5580000, 0x00000000d7200000, 0x0000000100000000)
  eden space 19456K, 0% used [0x00000000d5580000,0x00000000d5580000,0x00000000d6880000)
  from space 1536K, 98% used [0x00000000d6c80000,0x00000000d6dfbc30,0x00000000d6e00000)
  to   space 4096K, 0% used [0x00000000d6880000,0x00000000d6880000,0x00000000d6c80000)
 ParOldGen       total 68608K, used 38820K [0x0000000080000000, 0x0000000084300000, 0x00000000d5580000)
  object space 68608K, 56% used [0x0000000080000000,0x00000000825e9010,0x0000000084300000)
 Metaspace       used 43448K, committed 44608K, reserved 1114112K
  class space    used 4344K, committed 4864K, reserved 1048576K
}
Event: 10.122 GC heap before
{Heap before GC invocations=31 (full 2):
 PSYoungGen      total 20992K, used 20975K [0x00000000d5580000, 0x00000000d7200000, 0x0000000100000000)
  eden space 19456K, 100% used [0x00000000d5580000,0x00000000d6880000,0x00000000d6880000)
  from space 1536K, 98% used [0x00000000d6c80000,0x00000000d6dfbc30,0x00000000d6e00000)
  to   space 4096K, 0% used [0x00000000d6880000,0x00000000d6880000,0x00000000d6c80000)
 ParOldGen       total 68608K, used 38820K [0x0000000080000000, 0x0000000084300000, 0x00000000d5580000)
  object space 68608K, 56% used [0x0000000080000000,0x00000000825e9010,0x0000000084300000)
 Metaspace       used 43988K, committed 45120K, reserved 1114112K
  class space    used 4394K, committed 4928K, reserved 1048576K
}
Event: 10.127 GC heap after
{Heap after GC invocations=31 (full 2):
 PSYoungGen      total 20992K, used 1472K [0x00000000d5580000, 0x00000000d6d80000, 0x0000000100000000)
  eden space 19456K, 0% used [0x00000000d5580000,0x00000000d5580000,0x00000000d6880000)
  from space 1536K, 95% used [0x00000000d6880000,0x00000000d69f0010,0x00000000d6a00000)
  to   space 2560K, 0% used [0x00000000d6b00000,0x00000000d6b00000,0x00000000d6d80000)
 ParOldGen       total 68608K, used 40310K [0x0000000080000000, 0x0000000084300000, 0x00000000d5580000)
  object space 68608K, 58% used [0x0000000080000000,0x000000008275db18,0x0000000084300000)
 Metaspace       used 43988K, committed 45120K, reserved 1114112K
  class space    used 4394K, committed 4928K, reserved 1048576K
}

Dll operation events (10 events):
Event: 0.018 Loaded shared library c:\Users\Admin\.antigravity\extensions\redhat.java-1.54.0-win32-x64\jre\21.0.10-win32-x86_64\bin\java.dll
Event: 0.104 Loaded shared library c:\Users\Admin\.antigravity\extensions\redhat.java-1.54.0-win32-x64\jre\21.0.10-win32-x86_64\bin\zip.dll
Event: 0.125 Loaded shared library C:\Users\Admin\.antigravity\extensions\redhat.java-1.54.0-win32-x64\jre\21.0.10-win32-x86_64\bin\instrument.dll
Event: 0.130 Loaded shared library C:\Users\Admin\.antigravity\extensions\redhat.java-1.54.0-win32-x64\jre\21.0.10-win32-x86_64\bin\net.dll
Event: 0.132 Loaded shared library C:\Users\Admin\.antigravity\extensions\redhat.java-1.54.0-win32-x64\jre\21.0.10-win32-x86_64\bin\nio.dll
Event: 0.136 Loaded shared library C:\Users\Admin\.antigravity\extensions\redhat.java-1.54.0-win32-x64\jre\21.0.10-win32-x86_64\bin\zip.dll
Event: 0.153 Loaded shared library C:\Users\Admin\.antigravity\extensions\redhat.java-1.54.0-win32-x64\jre\21.0.10-win32-x86_64\bin\jimage.dll
Event: 0.231 Loaded shared library c:\Users\Admin\.antigravity\extensions\redhat.java-1.54.0-win32-x64\jre\21.0.10-win32-x86_64\bin\verify.dll
Event: 1.351 Loaded shared library C:\Users\Admin\AppData\Roaming\Antigravity\User\globalStorage\redhat.java\1.54.0\config_ss_win\org.eclipse.equinox.launcher\org.eclipse.equinox.launcher.win32.win32.x86_64_1.3.0.v20260203-2149\eclipse_11919.dll
Event: 2.782 Loaded shared library C:\Users\Admin\AppData\Local\Temp\jna-63116079\jna197887274642037279.dll

Deoptimization events (20 events):
Event: 10.206 Thread 0x00000198e3615030 Uncommon trap: trap_request=0xffffffc6 fr.pc=0x00000198d0979a94 relative=0x0000000000000474
Event: 10.206 Thread 0x00000198e3615030 Uncommon trap: reason=bimorphic_or_optimized_type_check action=maybe_recompile pc=0x00000198d0979a94 method=java.lang.reflect.Field.get(Ljava/lang/Object;)Ljava/lang/Object; @ 22 c2
Event: 10.206 Thread 0x00000198e3615030 DEOPT PACKING pc=0x00000198d0979a94 sp=0x0000000d2f0fed00
Event: 10.206 Thread 0x00000198e3615030 DEOPT UNPACKING pc=0x00000198d00b3aa2 sp=0x0000000d2f0fecd0 mode 2
Event: 10.206 Thread 0x00000198e3615030 Uncommon trap: trap_request=0xffffffc6 fr.pc=0x00000198d0979a94 relative=0x0000000000000474
Event: 10.206 Thread 0x00000198e3615030 Uncommon trap: reason=bimorphic_or_optimized_type_check action=maybe_recompile pc=0x00000198d0979a94 method=java.lang.reflect.Field.get(Ljava/lang/Object;)Ljava/lang/Object; @ 22 c2
Event: 10.206 Thread 0x00000198e3615030 DEOPT PACKING pc=0x00000198d0979a94 sp=0x0000000d2f0febf0
Event: 10.206 Thread 0x00000198e3615030 DEOPT UNPACKING pc=0x00000198d00b3aa2 sp=0x0000000d2f0febc0 mode 2
Event: 10.212 Thread 0x00000198e3615030 Uncommon trap: trap_request=0xffffff45 fr.pc=0x00000198d06bc5c4 relative=0x0000000000000184
Event: 10.212 Thread 0x00000198e3615030 Uncommon trap: reason=unstable_if action=reinterpret pc=0x00000198d06bc5c4 method=java.util.concurrent.ConcurrentHashMap.get(Ljava/lang/Object;)Ljava/lang/Object; @ 152 c2
Event: 10.212 Thread 0x00000198e3615030 DEOPT PACKING pc=0x00000198d06bc5c4 sp=0x0000000d2f0fe860
Event: 10.212 Thread 0x00000198e3615030 DEOPT UNPACKING pc=0x00000198d00b3aa2 sp=0x0000000d2f0fe7d8 mode 2
Event: 10.215 Thread 0x00000198e34be3c0 Uncommon trap: trap_request=0xffffff45 fr.pc=0x00000198d08abf38 relative=0x0000000000000098
Event: 10.215 Thread 0x00000198e34be3c0 Uncommon trap: reason=unstable_if action=reinterpret pc=0x00000198d08abf38 method=java.util.Hashtable$Enumerator.nextElement()Ljava/lang/Object; @ 87 c2
Event: 10.215 Thread 0x00000198e34be3c0 DEOPT PACKING pc=0x00000198d08abf38 sp=0x0000000d2dafeac0
Event: 10.215 Thread 0x00000198e34be3c0 DEOPT UNPACKING pc=0x00000198d00b3aa2 sp=0x0000000d2dafea40 mode 2
Event: 10.220 Thread 0x00000198e3615030 DEOPT PACKING pc=0x00000198c947a1e0 sp=0x0000000d2f0fe4b0
Event: 10.220 Thread 0x00000198e3615030 DEOPT UNPACKING pc=0x00000198d00b4242 sp=0x0000000d2f0fd9a8 mode 3
Event: 10.224 Thread 0x00000198e34be3c0 DEOPT PACKING pc=0x00000198c8e3cec6 sp=0x0000000d2dafd8c0
Event: 10.224 Thread 0x00000198e34be3c0 DEOPT UNPACKING pc=0x00000198d00b4242 sp=0x0000000d2dafce40 mode 0

Classes loaded (20 events):
Event: 8.273 Loading class sun/util/logging/resources/logging_en_US
Event: 8.273 Loading class sun/util/logging/resources/logging_en_US done
Event: 8.273 Loading class sun/util/logging/resources/logging_en_US
Event: 8.273 Loading class sun/util/logging/resources/logging_en_US done
Event: 8.273 Loading class java/util/Formatter$DateTime
Event: 8.273 Loading class java/util/Formatter$DateTime done
Event: 8.274 Loading class java/time/ZonedDateTime$1
Event: 8.274 Loading class java/time/ZonedDateTime$1 done
Event: 8.697 Loading class java/io/FileReader
Event: 8.697 Loading class java/io/FileReader done
Event: 8.698 Loading class java/lang/UnsupportedClassVersionError
Event: 8.698 Loading class java/lang/UnsupportedClassVersionError done
Event: 8.831 Loading class java/util/stream/ReduceOps$4
Event: 8.832 Loading class java/util/stream/ReduceOps$4 done
Event: 8.832 Loading class java/util/stream/ReduceOps$4ReducingSink
Event: 8.832 Loading class java/util/stream/ReduceOps$4ReducingSink done
Event: 10.216 Loading class java/util/concurrent/ConcurrentHashMap$TreeNode
Event: 10.217 Loading class java/util/concurrent/ConcurrentHashMap$TreeNode done
Event: 10.217 Loading class java/util/concurrent/ConcurrentHashMap$TreeBin
Event: 10.219 Loading class java/util/concurrent/ConcurrentHashMap$TreeBin done

Classes unloaded (20 events):
Event: 6.486 Thread 0x00000198c59ee890 Unloading class 0x0000019881391c00 'java/lang/invoke/LambdaForm$MH+0x0000019881391c00'
Event: 6.486 Thread 0x00000198c59ee890 Unloading class 0x0000019881391800 'java/lang/invoke/LambdaForm$MH+0x0000019881391800'
Event: 6.486 Thread 0x00000198c59ee890 Unloading class 0x0000019881391000 'java/lang/invoke/LambdaForm$MH+0x0000019881391000'
Event: 6.486 Thread 0x00000198c59ee890 Unloading class 0x0000019881391400 'java/lang/invoke/LambdaForm$MH+0x0000019881391400'
Event: 6.486 Thread 0x00000198c59ee890 Unloading class 0x0000019881390c00 'java/lang/invoke/LambdaForm$MH+0x0000019881390c00'
Event: 6.486 Thread 0x00000198c59ee890 Unloading class 0x0000019881390800 'java/lang/invoke/LambdaForm$MH+0x0000019881390800'
Event: 6.486 Thread 0x00000198c59ee890 Unloading class 0x0000019881390400 'java/lang/invoke/LambdaForm$MH+0x0000019881390400'
Event: 6.486 Thread 0x00000198c59ee890 Unloading class 0x0000019881390000 'java/lang/invoke/LambdaForm$MH+0x0000019881390000'
Event: 6.486 Thread 0x00000198c59ee890 Unloading class 0x000001988138f400 'java/lang/invoke/LambdaForm$MH+0x000001988138f400'
Event: 6.486 Thread 0x00000198c59ee890 Unloading class 0x000001988138e800 'java/lang/invoke/LambdaForm$MH+0x000001988138e800'
Event: 6.486 Thread 0x00000198c59ee890 Unloading class 0x000001988138ec00 'java/lang/invoke/LambdaForm$MH+0x000001988138ec00'
Event: 6.486 Thread 0x00000198c59ee890 Unloading class 0x000001988138f000 'java/lang/invoke/LambdaForm$MH+0x000001988138f000'
Event: 6.486 Thread 0x00000198c59ee890 Unloading class 0x000001988138e400 'java/lang/invoke/LambdaForm$MH+0x000001988138e400'
Event: 6.486 Thread 0x00000198c59ee890 Unloading class 0x000001988138dc00 'java/lang/invoke/LambdaForm$MH+0x000001988138dc00'
Event: 6.486 Thread 0x00000198c59ee890 Unloading class 0x000001988138e000 'java/lang/invoke/LambdaForm$MH+0x000001988138e000'
Event: 6.486 Thread 0x00000198c59ee890 Unloading class 0x000001988138d800 'java/lang/invoke/LambdaForm$MH+0x000001988138d800'
Event: 6.486 Thread 0x00000198c59ee890 Unloading class 0x000001988138d000 'java/lang/invoke/LambdaForm$DMH+0x000001988138d000'
Event: 6.486 Thread 0x00000198c59ee890 Unloading class 0x000001988138cc00 'java/lang/invoke/LambdaForm$DMH+0x000001988138cc00'
Event: 6.486 Thread 0x00000198c59ee890 Unloading class 0x000001988138c400 'java/lang/invoke/LambdaForm$DMH+0x000001988138c400'
Event: 6.486 Thread 0x00000198c59ee890 Unloading class 0x000001988138c800 'java/lang/invoke/LambdaForm$DMH+0x000001988138c800'

Classes redefined (0 events):
No events

Internal exceptions (20 events):
Event: 7.326 Thread 0x00000198e3615030 Exception <a 'java/lang/LinkageError'{0x00000000d692f410}: loader lombok.launch.ShadowClassLoader @3f949f attempted duplicate class definition for lombok.launch.PatchFixesHider$FieldInitializer. (lombok.launch.PatchFixesHider$FieldInitializer is in unnamed module of loader lombok.launch.ShadowClassLoader @3f949f, parent loader org.eclipse.osgi.internal.loader.EquinoxClassLoader @7158f2fe)> (0x00000000d692f410) 
thrown [s\src\hotspot\share\classfile\systemDictionary.cpp, line 1672]
Event: 7.328 Thread 0x00000198e3610800 Exception <a 'java/lang/LinkageError'{0x00000000d69049a8}: loader lombok.launch.ShadowClassLoader @3f949f attempted duplicate class definition for lombok.launch.PatchFixesHider$FieldInitializer. (lombok.launch.PatchFixesHider$FieldInitializer is in unnamed module of loader lombok.launch.ShadowClassLoader @3f949f, parent loader org.eclipse.osgi.internal.loader.EquinoxClassLoader @7158f2fe)> (0x00000000d69049a8) 
thrown [s\src\hotspot\share\classfile\systemDictionary.cpp, line 1672]
Event: 7.329 Thread 0x00000198e3615d50 Exception <a 'java/lang/LinkageError'{0x00000000d68913a8}: loader lombok.launch.ShadowClassLoader @3f949f attempted duplicate class definition for lombok.launch.PatchFixesHider$FieldInitializer. (lombok.launch.PatchFixesHider$FieldInitializer is in unnamed module of loader lombok.launch.ShadowClassLoader @3f949f, parent loader org.eclipse.osgi.internal.loader.EquinoxClassLoader @7158f2fe)> (0x00000000d68913a8) 
thrown [s\src\hotspot\share\classfile\systemDictionary.cpp, line 1672]
Event: 7.352 Thread 0x00000198e3615d50 Implicit null exception at 0x00000198d07a6806 to 0x00000198d07a68fc
Event: 7.362 Thread 0x00000198e360f450 Exception <a 'java/lang/NoSuchMethodError'{0x00000000d5603be8}: 'java.lang.Object java.lang.invoke.DirectMethodHandle$Holder.invokeSpecial(java.lang.Object, java.lang.Object, java.lang.Object, java.lang.Object, int, java.lang.Object, java.lang.Object)'> (0x00000000d5603be8) 
thrown [s\src\hotspot\share\interpreter\linkResolver.cpp, line 773]
Event: 7.362 Thread 0x00000198e3615d50 Exception <a 'java/lang/NoSuchMethodError'{0x00000000d55afd10}: 'java.lang.Object java.lang.invoke.DirectMethodHandle$Holder.invokeSpecial(java.lang.Object, java.lang.Object, java.lang.Object, java.lang.Object, int, java.lang.Object, java.lang.Object)'> (0x00000000d55afd10) 
thrown [s\src\hotspot\share\interpreter\linkResolver.cpp, line 773]
Event: 7.362 Thread 0x00000198e3615030 Exception <a 'java/lang/NoSuchMethodError'{0x00000000d56dece0}: 'java.lang.Object java.lang.invoke.DirectMethodHandle$Holder.invokeSpecial(java.lang.Object, java.lang.Object, java.lang.Object, java.lang.Object, int, java.lang.Object, java.lang.Object)'> (0x00000000d56dece0) 
thrown [s\src\hotspot\share\interpreter\linkResolver.cpp, line 773]
Event: 7.362 Thread 0x00000198e3610800 Exception <a 'java/lang/NoSuchMethodError'{0x00000000d55ca3c8}: 'java.lang.Object java.lang.invoke.DirectMethodHandle$Holder.invokeSpecial(java.lang.Object, java.lang.Object, java.lang.Object, java.lang.Object, int, java.lang.Object, java.lang.Object)'> (0x00000000d55ca3c8) 
thrown [s\src\hotspot\share\interpreter\linkResolver.cpp, line 773]
Event: 7.630 Thread 0x00000198e36149a0 Exception <a 'java/lang/NoSuchMethodError'{0x00000000d5686c98}: 'java.lang.Object java.lang.invoke.DirectMethodHandle$Holder.invokeStatic(java.lang.Object, java.lang.Object, int, int)'> (0x00000000d5686c98) 
thrown [s\src\hotspot\share\interpreter\linkResolver.cpp, line 773]
Event: 7.631 Thread 0x00000198e36149a0 Exception <a 'java/lang/NoSuchMethodError'{0x00000000d568afa8}: 'java.lang.Object java.lang.invoke.DirectMethodHandle$Holder.invokeSpecial(java.lang.Object, java.lang.Object, java.lang.Object, int, int)'> (0x00000000d568afa8) 
thrown [s\src\hotspot\share\interpreter\linkResolver.cpp, line 773]
Event: 8.272 Thread 0x00000198e36149a0 Exception <a 'java/lang/ClassNotFoundException'{0x00000000d59781a8}: sun/util/logging/resources/spi/loggingProvider> (0x00000000d59781a8) 
thrown [s\src\hotspot\share\classfile\systemDictionary.cpp, line 312]
Event: 8.280 Thread 0x00000198e36149a0 Exception <a 'java/lang/IncompatibleClassChangeError'{0x00000000d59c4508}: Found class java.lang.Object, but interface was expected> (0x00000000d59c4508) 
thrown [s\src\hotspot\share\interpreter\linkResolver.cpp, line 840]
Event: 8.282 Thread 0x00000198e36149a0 Exception <a 'java/lang/IncompatibleClassChangeError'{0x00000000d59d3db0}: Found class java.lang.Object, but interface was expected> (0x00000000d59d3db0) 
thrown [s\src\hotspot\share\interpreter\linkResolver.cpp, line 840]
Event: 8.663 Thread 0x00000198e3276890 Exception <a 'java/lang/NoSuchMethodError'{0x00000000d5a87410}: 'java.lang.Object java.lang.invoke.DirectMethodHandle$Holder.invokeSpecial(java.lang.Object, java.lang.Object, int, long)'> (0x00000000d5a87410) 
thrown [s\src\hotspot\share\interpreter\linkResolver.cpp, line 773]
Event: 8.685 Thread 0x00000198e3610800 Exception <a 'java/lang/ArrayIndexOutOfBoundsException'{0x00000000d5dcb808}> (0x00000000d5dcb808) 
thrown [s\src\hotspot\share\runtime\sharedRuntime.cpp, line 625]
Event: 8.706 Thread 0x00000198e3615030 Exception <a 'java/lang/NoSuchMethodError'{0x00000000d5efb310}: 'int java.lang.invoke.Invokers$Holder.invokeExact_MT(java.lang.Object, java.lang.Object)'> (0x00000000d5efb310) 
thrown [s\src\hotspot\share\interpreter\linkResolver.cpp, line 773]
Event: 8.766 Thread 0x00000198e3615030 Exception <a 'java/lang/NoSuchMethodError'{0x00000000d60a4df0}: 'int java.lang.invoke.DirectMethodHandle$Holder.invokeInterface(java.lang.Object, java.lang.Object)'> (0x00000000d60a4df0) 
thrown [s\src\hotspot\share\interpreter\linkResolver.cpp, line 773]
Event: 8.767 Thread 0x00000198e3615030 Exception <a 'java/lang/IncompatibleClassChangeError'{0x00000000d60a82f0}: Found class java.lang.Object, but interface was expected> (0x00000000d60a82f0) 
thrown [s\src\hotspot\share\interpreter\linkResolver.cpp, line 840]
Event: 8.838 Thread 0x00000198e3615030 Exception <a 'java/lang/NoSuchMethodError'{0x00000000d63cb400}: 'int java.lang.invoke.DirectMethodHandle$Holder.invokeSpecialIFC(java.lang.Object, java.lang.Object, java.lang.Object)'> (0x00000000d63cb400) 
thrown [s\src\hotspot\share\interpreter\linkResolver.cpp, line 773]
Event: 10.200 Thread 0x00000198e34be3c0 Exception <a 'java/lang/NoSuchMethodError'{0x00000000d5a525b8}: 'void java.lang.invoke.DirectMethodHandle$Holder.invokeVirtual(java.lang.Object, java.lang.Object, java.lang.Object, java.lang.Object, java.lang.Object)'> (0x00000000d5a525b8) 
thrown [s\src\hotspot\share\interpreter\linkResolver.cpp, line 773]

ZGC Phase Switch (0 events):
No events

VM Operations (20 events):
Event: 8.949 Executing safepoint VM operation: ParallelGCFailedAllocation (Allocation Failure)
Event: 8.951 Executing safepoint VM operation: ParallelGCFailedAllocation (Allocation Failure) done
Event: 9.197 Executing non-safepoint VM operation: HandshakeAllThreads (Deoptimize)
Event: 9.197 Executing non-safepoint VM operation: HandshakeAllThreads (Deoptimize) done
Event: 9.323 Executing safepoint VM operation: ParallelGCFailedAllocation (Allocation Failure)
Event: 9.325 Executing safepoint VM operation: ParallelGCFailedAllocation (Allocation Failure) done
Event: 9.650 Executing non-safepoint VM operation: HandshakeAllThreads (Deoptimize)
Event: 9.650 Executing non-safepoint VM operation: HandshakeAllThreads (Deoptimize) done
Event: 9.663 Executing safepoint VM operation: ICBufferFull
Event: 9.664 Executing safepoint VM operation: ICBufferFull done
Event: 9.768 Executing safepoint VM operation: ParallelGCFailedAllocation (Allocation Failure)
Event: 9.770 Executing safepoint VM operation: ParallelGCFailedAllocation (Allocation Failure) done
Event: 10.000 Executing safepoint VM operation: ParallelGCFailedAllocation (Allocation Failure)
Event: 10.002 Executing safepoint VM operation: ParallelGCFailedAllocation (Allocation Failure) done
Event: 10.121 Executing safepoint VM operation: ParallelGCFailedAllocation (Allocation Failure)
Event: 10.127 Executing safepoint VM operation: ParallelGCFailedAllocation (Allocation Failure) done
Event: 10.239 Executing safepoint VM operation: ICBufferFull
Event: 10.239 Executing safepoint VM operation: ICBufferFull done
Event: 10.239 Executing safepoint VM operation: ICBufferFull
Event: 10.239 Executing safepoint VM operation: ICBufferFull done

Memory protections (0 events):
No events

Nmethod flushes (20 events):
Event: 6.498 Thread 0x00000198c59ee890 flushing  nmethod 0x00000198c8e9a910
Event: 6.498 Thread 0x00000198c59ee890 flushing  nmethod 0x00000198c8effa10
Event: 6.498 Thread 0x00000198c59ee890 flushing  nmethod 0x00000198c8f02c10
Event: 6.498 Thread 0x00000198c59ee890 flushing  nmethod 0x00000198c8f57c90
Event: 6.498 Thread 0x00000198c59ee890 flushing  nmethod 0x00000198c8f76210
Event: 6.498 Thread 0x00000198c59ee890 flushing  nmethod 0x00000198c8f76c10
Event: 6.498 Thread 0x00000198c59ee890 flushing  nmethod 0x00000198c8f7cd90
Event: 6.498 Thread 0x00000198c59ee890 flushing  nmethod 0x00000198c8fa7890
Event: 6.498 Thread 0x00000198c59ee890 flushing  nmethod 0x00000198c8fa8210
Event: 6.498 Thread 0x00000198c59ee890 flushing  nmethod 0x00000198c8fa9810
Event: 6.498 Thread 0x00000198c59ee890 flushing  nmethod 0x00000198c8faa390
Event: 6.498 Thread 0x00000198c59ee890 flushing  nmethod 0x00000198c8faeb10
Event: 6.498 Thread 0x00000198c59ee890 flushing  nmethod 0x00000198c8fb0c10
Event: 6.498 Thread 0x00000198c59ee890 flushing  nmethod 0x00000198c8fb2b10
Event: 6.498 Thread 0x00000198c59ee890 flushing  nmethod 0x00000198c8fb3310
Event: 6.498 Thread 0x00000198c59ee890 flushing  nmethod 0x00000198c8fb7a10
Event: 6.498 Thread 0x00000198c59ee890 flushing  nmethod 0x00000198c8fc3710
Event: 6.498 Thread 0x00000198c59ee890 flushing  nmethod 0x00000198c8fd2890
Event: 6.498 Thread 0x00000198c59ee890 flushing  nmethod 0x00000198c9007890
Event: 6.498 Thread 0x00000198c59ee890 flushing  nmethod 0x00000198c9007c90

Events (20 events):
Event: 4.496 Thread 0x00000198c592a880 Thread added: 0x00000198e360fae0
Event: 4.496 Thread 0x00000198c592a880 Thread added: 0x00000198e3614310
Event: 4.496 Thread 0x00000198c592a880 Thread added: 0x00000198e36156c0
Event: 4.496 Thread 0x00000198c592a880 Thread added: 0x00000198e36135f0
Event: 4.496 Thread 0x00000198c592a880 Thread added: 0x00000198e360e730
Event: 4.496 Thread 0x00000198c592a880 Thread added: 0x00000198e3610170
Event: 4.496 Thread 0x00000198c592a880 Thread added: 0x00000198e36128d0
Event: 4.496 Thread 0x00000198c592a880 Thread added: 0x00000198e3611520
Event: 4.496 Thread 0x00000198c592a880 Thread added: 0x00000198e3610e90
Event: 4.496 Thread 0x00000198c592a880 Thread added: 0x00000198e3611bb0
Event: 4.549 Thread 0x00000198c592a880 Thread added: 0x00000198e3612240
Event: 4.801 Thread 0x00000198e3276890 Thread added: 0x00000198e3613c80
Event: 4.840 Thread 0x00000198c592a880 Thread added: 0x00000198e3612f60
Event: 4.841 Thread 0x00000198c592a880 Thread added: 0x00000198e36149a0
Event: 5.274 Thread 0x00000198de2d97a0 Thread added: 0x00000198e3b8daa0
Event: 5.483 Thread 0x00000198e36149a0 Thread added: 0x00000198e360f450
Event: 5.488 Thread 0x00000198e36149a0 Thread added: 0x00000198e3615d50
Event: 5.491 Thread 0x00000198e36149a0 Thread added: 0x00000198e3610800
Event: 5.493 Thread 0x00000198e36149a0 Thread added: 0x00000198e3615030
Event: 8.659 Thread 0x00000198e3b8daa0 Thread exited: 0x00000198e3b8daa0


Dynamic libraries:
0x00007ff60f4a0000 - 0x00007ff60f4ae000 	c:\Users\Admin\.antigravity\extensions\redhat.java-1.54.0-win32-x64\jre\21.0.10-win32-x86_64\bin\java.exe
0x00007ff93b910000 - 0x00007ff93bb28000 	C:\Windows\SYSTEM32\ntdll.dll
0x00007ff93a6d0000 - 0x00007ff93a794000 	C:\Windows\System32\KERNEL32.DLL
0x00007ff938a20000 - 0x00007ff938df3000 	C:\Windows\System32\KERNELBASE.dll
0x00007ff939490000 - 0x00007ff9395a1000 	C:\Windows\System32\ucrtbase.dll
0x00007ff90e4a0000 - 0x00007ff90e4b8000 	c:\Users\Admin\.antigravity\extensions\redhat.java-1.54.0-win32-x64\jre\21.0.10-win32-x86_64\bin\jli.dll
0x00007ff903ee0000 - 0x00007ff903efe000 	c:\Users\Admin\.antigravity\extensions\redhat.java-1.54.0-win32-x64\jre\21.0.10-win32-x86_64\bin\VCRUNTIME140.dll
0x00007ff93afd0000 - 0x00007ff93b182000 	C:\Windows\System32\USER32.dll
0x00007ff9391d0000 - 0x00007ff9391f6000 	C:\Windows\System32\win32u.dll
0x00007ff939690000 - 0x00007ff9396b9000 	C:\Windows\System32\GDI32.dll
0x00007ff925e80000 - 0x00007ff92611c000 	C:\Windows\WinSxS\amd64_microsoft.windows.common-controls_6595b64144ccf1df_6.0.22621.6060_none_2712eda17382d24b\COMCTL32.dll
0x00007ff938f70000 - 0x00007ff93908b000 	C:\Windows\System32\gdi32full.dll
0x00007ff9392b0000 - 0x00007ff93934a000 	C:\Windows\System32\msvcp_win.dll
0x00007ff9396c0000 - 0x00007ff939767000 	C:\Windows\System32\msvcrt.dll
0x00007ff93a7a0000 - 0x00007ff93a7d1000 	C:\Windows\System32\IMM32.DLL
0x00007ff928e20000 - 0x00007ff928e2c000 	c:\Users\Admin\.antigravity\extensions\redhat.java-1.54.0-win32-x64\jre\21.0.10-win32-x86_64\bin\vcruntime140_1.dll
0x00007ff8eb7d0000 - 0x00007ff8eb85d000 	c:\Users\Admin\.antigravity\extensions\redhat.java-1.54.0-win32-x64\jre\21.0.10-win32-x86_64\bin\msvcp140.dll
0x00007ff8969b0000 - 0x00007ff897751000 	c:\Users\Admin\.antigravity\extensions\redhat.java-1.54.0-win32-x64\jre\21.0.10-win32-x86_64\bin\server\jvm.dll
0x00007ff93b810000 - 0x00007ff93b8c1000 	C:\Windows\System32\ADVAPI32.dll
0x00007ff93a810000 - 0x00007ff93a8b8000 	C:\Windows\System32\sechost.dll
0x00007ff939280000 - 0x00007ff9392a8000 	C:\Windows\System32\bcrypt.dll
0x00007ff93adb0000 - 0x00007ff93aec8000 	C:\Windows\System32\RPCRT4.dll
0x00007ff93b630000 - 0x00007ff93b6a1000 	C:\Windows\System32\WS2_32.dll
0x00007ff9388f0000 - 0x00007ff93893d000 	C:\Windows\SYSTEM32\POWRPROF.dll
0x00007ff9332f0000 - 0x00007ff933324000 	C:\Windows\SYSTEM32\WINMM.dll
0x00007ff930730000 - 0x00007ff93073a000 	C:\Windows\SYSTEM32\VERSION.dll
0x00007ff9388d0000 - 0x00007ff9388e3000 	C:\Windows\SYSTEM32\UMPDC.dll
0x00007ff9379d0000 - 0x00007ff9379e8000 	C:\Windows\SYSTEM32\kernel.appcore.dll
0x00007ff91e360000 - 0x00007ff91e36a000 	c:\Users\Admin\.antigravity\extensions\redhat.java-1.54.0-win32-x64\jre\21.0.10-win32-x86_64\bin\jimage.dll
0x00007ff92c470000 - 0x00007ff92c6a3000 	C:\Windows\SYSTEM32\DBGHELP.DLL
0x00007ff939920000 - 0x00007ff939cb1000 	C:\Windows\System32\combase.dll
0x00007ff93acd0000 - 0x00007ff93ada8000 	C:\Windows\System32\OLEAUT32.dll
0x00007ff92bd70000 - 0x00007ff92bda2000 	C:\Windows\SYSTEM32\dbgcore.DLL
0x00007ff939350000 - 0x00007ff9393cb000 	C:\Windows\System32\bcryptPrimitives.dll
0x00007ff91d080000 - 0x00007ff91d08f000 	c:\Users\Admin\.antigravity\extensions\redhat.java-1.54.0-win32-x64\jre\21.0.10-win32-x86_64\bin\instrument.dll
0x00007ff903cf0000 - 0x00007ff903d10000 	c:\Users\Admin\.antigravity\extensions\redhat.java-1.54.0-win32-x64\jre\21.0.10-win32-x86_64\bin\java.dll
0x00007ff939cc0000 - 0x00007ff93a55c000 	C:\Windows\System32\SHELL32.dll
0x00007ff939090000 - 0x00007ff9391cf000 	C:\Windows\System32\wintypes.dll
0x00007ff9368d0000 - 0x00007ff9371ea000 	C:\Windows\SYSTEM32\windows.storage.dll
0x00007ff93abc0000 - 0x00007ff93acc4000 	C:\Windows\System32\SHCORE.dll
0x00007ff93aed0000 - 0x00007ff93af39000 	C:\Windows\System32\shlwapi.dll
0x00007ff938950000 - 0x00007ff938975000 	C:\Windows\SYSTEM32\profapi.dll
0x00007ff903c90000 - 0x00007ff903ca8000 	c:\Users\Admin\.antigravity\extensions\redhat.java-1.54.0-win32-x64\jre\21.0.10-win32-x86_64\bin\zip.dll
0x00007ff90e490000 - 0x00007ff90e4a0000 	C:\Users\Admin\.antigravity\extensions\redhat.java-1.54.0-win32-x64\jre\21.0.10-win32-x86_64\bin\net.dll
0x00007ff934cd0000 - 0x00007ff934dfc000 	C:\Windows\SYSTEM32\WINHTTP.dll
0x00007ff937ee0000 - 0x00007ff937f49000 	C:\Windows\system32\mswsock.dll
0x00007ff903c70000 - 0x00007ff903c86000 	C:\Users\Admin\.antigravity\extensions\redhat.java-1.54.0-win32-x64\jre\21.0.10-win32-x86_64\bin\nio.dll
0x00007ff90d5d0000 - 0x00007ff90d5e0000 	c:\Users\Admin\.antigravity\extensions\redhat.java-1.54.0-win32-x64\jre\21.0.10-win32-x86_64\bin\verify.dll
0x00007ff8eb440000 - 0x00007ff8eb485000 	C:\Users\Admin\AppData\Roaming\Antigravity\User\globalStorage\redhat.java\1.54.0\config_ss_win\org.eclipse.equinox.launcher\org.eclipse.equinox.launcher.win32.win32.x86_64_1.3.0.v20260203-2149\eclipse_11919.dll
0x00007ff939770000 - 0x00007ff939911000 	C:\Windows\System32\ole32.dll
0x00007ff938140000 - 0x00007ff93815b000 	C:\Windows\SYSTEM32\CRYPTSP.dll
0x00007ff937930000 - 0x00007ff937967000 	C:\Windows\system32\rsaenh.dll
0x00007ff937fd0000 - 0x00007ff937ff8000 	C:\Windows\SYSTEM32\USERENV.dll
0x00007ff938130000 - 0x00007ff93813c000 	C:\Windows\SYSTEM32\CRYPTBASE.dll
0x00007ff937440000 - 0x00007ff93746d000 	C:\Windows\SYSTEM32\IPHLPAPI.DLL
0x00007ff93a800000 - 0x00007ff93a809000 	C:\Windows\System32\NSI.dll
0x00007ff8eb130000 - 0x00007ff8eb179000 	C:\Users\Admin\AppData\Local\Temp\jna-63116079\jna197887274642037279.dll
0x00007ff93a9e0000 - 0x00007ff93a9e8000 	C:\Windows\System32\PSAPI.DLL
0x00007ff933570000 - 0x00007ff933589000 	C:\Windows\SYSTEM32\dhcpcsvc6.DLL
0x00007ff933520000 - 0x00007ff93353f000 	C:\Windows\SYSTEM32\dhcpcsvc.DLL

JVMTI agents:
c:\Users\Admin\.antigravity\extensions\redhat.java-1.54.0-win32-x64\lombok\lombok-1.18.39-4050.jar path:c:\Users\Admin\.antigravity\extensions\redhat.java-1.54.0-win32-x64\jre\21.0.10-win32-x86_64\bin\instrument.dll, loaded, initialized, instrumentlib options:none

dbghelp: loaded successfully - version: 4.0.5 - missing functions: none
symbol engine: initialized successfully - sym options: 0x614 - pdb path: .;c:\Users\Admin\.antigravity\extensions\redhat.java-1.54.0-win32-x64\jre\21.0.10-win32-x86_64\bin;C:\Windows\SYSTEM32;C:\Windows\WinSxS\amd64_microsoft.windows.common-controls_6595b64144ccf1df_6.0.22621.6060_none_2712eda17382d24b;c:\Users\Admin\.antigravity\extensions\redhat.java-1.54.0-win32-x64\jre\21.0.10-win32-x86_64\bin\server;C:\Users\Admin\AppData\Roaming\Antigravity\User\globalStorage\redhat.java\1.54.0\config_ss_win\org.eclipse.equinox.launcher\org.eclipse.equinox.launcher.win32.win32.x86_64_1.3.0.v20260203-2149;C:\Users\Admin\AppData\Local\Temp\jna-63116079

VM Arguments:
jvm_args: --add-modules=ALL-SYSTEM --add-opens=java.base/java.util=ALL-UNNAMED --add-opens=java.base/java.lang=ALL-UNNAMED --add-opens=java.base/sun.nio.fs=ALL-UNNAMED -Declipse.application=org.eclipse.jdt.ls.core.id1 -Dosgi.bundles.defaultStartLevel=4 -Declipse.product=org.eclipse.jdt.ls.core.product -Djava.import.generatesMetadataFilesAtProjectRoot=false -DDetectVMInstallationsJob.disabled=true -Dfile.encoding=utf8 -XX:+UseParallelGC -XX:GCTimeRatio=4 -XX:AdaptiveSizePolicyWeight=90 -Dsun.zip.disableMemoryMapping=true -Xmx2G -Xms100m -Xlog:disable -javaagent:c:\Users\Admin\.antigravity\extensions\redhat.java-1.54.0-win32-x64\lombok\lombok-1.18.39-4050.jar 
java_command: c:\Users\Admin\.antigravity\extensions\redhat.java-1.54.0-win32-x64\server\plugins\org.eclipse.equinox.launcher_1.7.100.v20251111-0406.jar -configuration c:\Users\Admin\AppData\Roaming\Antigravity\User\globalStorage\redhat.java\1.54.0\config_ss_win -data c:\Users\Admin\AppData\Roaming\Antigravity\User\workspaceStorage\458aae83574d7037a556d7725c321ec6\redhat.java\ss_ws --pipe=\\.\pipe\lsp-b29691205132890526c6197750913280-sock
java_class_path (initial): c:\Users\Admin\.antigravity\extensions\redhat.java-1.54.0-win32-x64\server\plugins\org.eclipse.equinox.launcher_1.7.100.v20251111-0406.jar
Launcher Type: SUN_STANDARD

[Global flags]
    uintx AdaptiveSizePolicyWeight                 = 90                                        {product} {command line}
     intx CICompilerCount                          = 4                                         {product} {ergonomic}
    uintx GCTimeRatio                              = 4                                         {product} {command line}
   size_t InitialHeapSize                          = 104857600                                 {product} {command line}
   size_t MaxHeapSize                              = 2147483648                                {product} {command line}
   size_t MaxNewSize                               = 715653120                                 {product} {ergonomic}
   size_t MinHeapDeltaBytes                        = 524288                                    {product} {ergonomic}
   size_t MinHeapSize                              = 104857600                                 {product} {command line}
   size_t NewSize                                  = 34603008                                  {product} {ergonomic}
    uintx NonNMethodCodeHeapSize                   = 5839372                                {pd product} {ergonomic}
    uintx NonProfiledCodeHeapSize                  = 122909434                              {pd product} {ergonomic}
   size_t OldSize                                  = 70254592                                  {product} {ergonomic}
    uintx ProfiledCodeHeapSize                     = 122909434                              {pd product} {ergonomic}
    uintx ReservedCodeCacheSize                    = 251658240                              {pd product} {ergonomic}
     bool SegmentedCodeCache                       = true                                      {product} {ergonomic}
   size_t SoftMaxHeapSize                          = 2147483648                             {manageable} {ergonomic}
     bool UseCompressedOops                        = true                           {product lp64_product} {ergonomic}
     bool UseLargePagesIndividualAllocation        = false                                  {pd product} {ergonomic}
     bool UseParallelGC                            = true                                      {product} {command line}

Logging:
Log output configuration:
 #0: stdout all=off uptime,level,tags foldmultilines=false
 #1: stderr all=off uptime,level,tags foldmultilines=false

Release file:
JAVA_VERSION="21.0.10" 
MODULES="java.base java.compiler java.datatransfer java.xml java.prefs java.desktop java.instrument java.logging java.management java.security.sasl java.naming java.rmi java.management.rmi java.net.http java.scripting java.security.jgss java.transaction.xa java.sql java.sql.rowset java.xml.crypto java.se java.smartcardio jdk.accessibility jdk.internal.jvmstat jdk.attach jdk.charsets jdk.internal.opt jdk.zipfs jdk.compiler jdk.crypto.ec jdk.crypto.cryptoki jdk.crypto.mscapi jdk.dynalink jdk.internal.ed jdk.editpad jdk.hotspot.agent jdk.httpserver jdk.internal.le jdk.internal.vm.ci jdk.internal.vm.compiler jdk.internal.vm.compiler.management jdk.jartool jdk.javadoc jdk.jcmd jdk.management jdk.management.agent jdk.jconsole jdk.jdeps jdk.jdwp.agent jdk.jdi jdk.jfr jdk.jshell jdk.jsobject jdk.jstatd jdk.localedata jdk.management.jfr jdk.naming.dns jdk.naming.rmi jdk.net jdk.nio.mapmode jdk.random jdk.sctp jdk.security.auth jdk.security.jgss jdk.unsupported jdk.unsupported.desktop jdk.xml.dom" 

Environment Variables:
JAVA_HOME=D:\OS\dowload easy\Java JDK\jdk-17.0.11
PATH=C:\Windows\system32;C:\Windows;C:\Windows\System32\Wbem;C:\Windows\System32\WindowsPowerShell\v1.0\;C:\Windows\System32\OpenSSH\;C:\Program Files\Git\cmd;D:\OS\dowload easy\Java JDK\jdk-17.0.11\bin;D:\OS\dowload easy\apache-maven-3.8.5\bin;C:\Users\Admin\AppData\Local\nvm;C:\nvm4w\nodejs;C:\Program Files\Docker\Docker\resources\bin;C:\Program Files\MySQL\MySQL Shell 8.0\bin\;C:\Users\Admin\.local\bin;C:\Users\Admin\AppData\Local\Microsoft\WindowsApps;C:\Program Files\JetBrains\DataGrip 2025.3.5\bin;C:\Users\Admin\AppData\Local\Programs\Microsoft VS Code\bin;C:\Users\Admin\AppData\Local\GitHubDesktop\bin;C:\Users\Admin\AppData\Local\nvm;C:\nvm4w\nodejs;C:\Users\Admin\AppData\Local\Python\bin;D:\Data\Antigravity\bin
USERNAME=Admin
OS=Windows_NT
PROCESSOR_IDENTIFIER=AMD64 Family 25 Model 80 Stepping 0, AuthenticAMD
TMP=C:\Users\Admin\AppData\Local\Temp
TEMP=C:\Users\Admin\AppData\Local\Temp




Periodic native trim disabled

---------------  S Y S T E M  ---------------

OS:
 Windows 11 , 64 bit Build 22621 (10.0.22621.5415)
OS uptime: 0 days 0:15 hours
Hyper-V role detected

CPU: total 12 (initial active 12) (12 cores per cpu, 2 threads per core) family 25 model 80 stepping 0 microcode 0x0, cx8, cmov, fxsr, ht, mmx, 3dnowpref, sse, sse2, sse3, ssse3, sse4a, sse4.1, sse4.2, popcnt, lzcnt, tsc, tscinvbit, avx, avx2, aes, erms, clmul, bmi1, bmi2, adx, sha, fma, vzeroupper, clflush, clflushopt, hv, rdtscp, rdpid, fsrm, f16c, cet_ss
Processor Information for the first 12 processors :
  Max Mhz: 3301, Current Mhz: 3301, Mhz Limit: 3301

Memory: 4k page, system-wide physical 15720M (248M free)
TotalPageFile size 32653M (AvailPageFile size 74M)
current process WorkingSet (physical memory assigned to process): 242M, peak: 242M
current process commit charge ("private bytes"): 348M, peak: 353M

vm_info: OpenJDK 64-Bit Server VM (21.0.10+7-LTS) for windows-amd64 JRE (21.0.10+7-LTS), built on 2026-01-20T00:00:00Z by "admin" with MS VC++ 17.12 (VS2022)

END.
