#
# There is insufficient memory for the Java Runtime Environment to continue.
# Native memory allocation (mmap) failed to map 65536 bytes for Failed to commit metaspace.
# Possible reasons:
#   The system is out of physical RAM or swap space
#   The process is running with CompressedOops enabled, and the Java Heap may be blocking the growth of the native heap
# Possible solutions:
#   Reduce memory load on the system
#   Increase physical memory or swap space
#   Check if swap backing store is full
#   Decrease Java heap size (-Xmx/-Xms)
#   Decrease number of Java threads
#   Decrease Java thread stack sizes (-Xss)
#   Set larger code cache with -XX:ReservedCodeCacheSize=
#   JVM is running with Zero Based Compressed Oops mode in which the Java heap is
#     placed in the first 32GB address space. The Java Heap base address is the
#     maximum limit for the native heap growth. Please use -XX:HeapBaseMinAddress
#     to set the Java Heap base and to place the Java Heap above 32GB virtual address.
# This output file may be truncated or incomplete.
#
#  Out of Memory Error (virtualSpaceNode.cpp:110), pid=17948, tid=8520
#
# JRE version: Java(TM) SE Runtime Environment (17.0.11+7) (build 17.0.11+7-LTS-207)
# Java VM: Java HotSpot(TM) 64-Bit Server VM (17.0.11+7-LTS-207, mixed mode, emulated-client, sharing, tiered, compressed oops, compressed class ptrs, g1 gc, windows-amd64)
# No core dump will be written. Minidumps are not enabled by default on client versions of Windows
#

---------------  S U M M A R Y ------------

Command Line: -agentlib:jdwp=transport=dt_socket,address=127.0.0.1:50773,suspend=y,server=n -javaagent:C:\Users\Admin\AppData\Local\JetBrains\IntelliJIdea2025.3\captureAgent\debugger-agent.jar=file:///C:/Users/Admin/AppData/Local/Temp/capture11576606063268659578.props -agentpath:C:\Users\Admin\AppData\Local\Temp\idea_libasyncProfiler_dll_temp_folder8\libasyncProfiler.dll=version,jfr,event=wall,interval=10ms,cstack=no,file=C:\Users\Admin\IdeaSnapshots\ReviewServiceApplication_2026_05_05_133442.jfr,dbghelppath=C:\Users\Admin\AppData\Local\Temp\idea_dbghelp_dll_temp_folder5\dbghelp.dll,log=C:\Users\Admin\AppData\Local\Temp\ReviewServiceApplication_2026_05_05_133442.jfr.log.txt,logLevel=DEBUG -XX:TieredStopAtLevel=1 -Dspring.output.ansi.enabled=always -Dcom.sun.management.jmxremote -Dspring.jmx.enabled=true -Dspring.liveBeansView.mbeanDomain -Dspring.application.admin.enabled=true -Dmanagement.endpoints.jmx.exposure.include=* -Dkotlinx.coroutines.debug.enable.creation.stack.trace=false -Ddebugger.agent.enable.coroutines=true -Dkotlinx.coroutines.debug.enable.flows.stack.trace=true -Dkotlinx.coroutines.debug.enable.mutable.state.flows.stack.trace=true -Ddebugger.async.stack.trace.for.all.threads=true -Dfile.encoding=UTF-8 com.rideup.review_service.ReviewServiceApplication

Host: AMD Ryzen 5 5600H with Radeon Graphics         , 12 cores, 15G,  Windows 11 , 64 bit Build 22621 (10.0.22621.5415)
Time: Tue May  5 13:34:44 2026 SE Asia Standard Time elapsed time: 1.234353 seconds (0d 0h 0m 1s)

---------------  T H R E A D  ---------------

Current thread (0x0000025f7cb5f930):  JavaThread "main" [_thread_in_vm, id=8520, stack(0x000000f6f6000000,0x000000f6f6100000)]

Stack: [0x000000f6f6000000,0x000000f6f6100000]
Native frames: (J=compiled Java code, j=interpreted, Vv=VM code, C=native code)
V  [jvm.dll+0x679cca]
V  [jvm.dll+0x7da13d]
V  [jvm.dll+0x7dba83]
V  [jvm.dll+0x7dc0f3]
V  [jvm.dll+0x2449af]
V  [jvm.dll+0x7d5d0b]
V  [jvm.dll+0x6200b6]
V  [jvm.dll+0x62011a]
V  [jvm.dll+0x62293d]
V  [jvm.dll+0x620a76]
V  [jvm.dll+0x2422dc]
V  [jvm.dll+0x6d079d]
V  [jvm.dll+0x6d116f]
V  [jvm.dll+0x36dd25]
V  [jvm.dll+0x36cdd4]
V  [jvm.dll+0x36cd78]
V  [jvm.dll+0x37ca9a]
C  0x0000025f7cd15977

Java frames: (J=compiled Java code, j=interpreted, Vv=VM code)
j  sun.util.calendar.CalendarSystem$GregorianHolder.<clinit>()V+0 java.base@17.0.11
v  ~StubRoutines::call_stub
j  sun.util.calendar.CalendarSystem.getGregorianCalendar()Lsun/util/calendar/Gregorian;+0 java.base@17.0.11
j  java.util.Date.<clinit>()V+0 java.base@17.0.11
v  ~StubRoutines::call_stub
j  javax.management.Notification.<init>(Ljava/lang/String;Ljava/lang/Object;J)V+37 java.management@17.0.11
j  javax.management.MBeanServerNotification.<init>(Ljava/lang/String;Ljava/lang/Object;JLjavax/management/ObjectName;)V+4 java.management@17.0.11
j  com.sun.jmx.interceptor.DefaultMBeanServerInterceptor.sendNotification(Ljava/lang/String;Ljavax/management/ObjectName;)V+10 java.management@17.0.11
j  com.sun.jmx.interceptor.DefaultMBeanServerInterceptor.registerWithRepository(Ljava/lang/Object;Ljavax/management/DynamicMBean;Ljavax/management/ObjectName;)Lcom/sun/jmx/interceptor/DefaultMBeanServerInterceptor$ResourceContext;+58 java.management@17.0.11
j  com.sun.jmx.interceptor.DefaultMBeanServerInterceptor.registerDynamicMBean(Ljava/lang/String;Ljavax/management/DynamicMBean;Ljavax/management/ObjectName;)Ljavax/management/ObjectInstance;+198 java.management@17.0.11
j  com.sun.jmx.interceptor.DefaultMBeanServerInterceptor.registerObject(Ljava/lang/String;Ljava/lang/Object;Ljavax/management/ObjectName;)Ljavax/management/ObjectInstance;+40 java.management@17.0.11
j  com.sun.jmx.interceptor.DefaultMBeanServerInterceptor.registerMBean(Ljava/lang/Object;Ljavax/management/ObjectName;)Ljavax/management/ObjectInstance;+33 java.management@17.0.11
j  com.sun.jmx.mbeanserver.JmxMBeanServer$2.run()Ljava/lang/Object;+17 java.management@17.0.11
J 448 c1 java.security.AccessController.executePrivileged(Ljava/security/PrivilegedExceptionAction;Ljava/security/AccessControlContext;Ljava/lang/Class;)Ljava/lang/Object; java.base@17.0.11 (65 bytes) @ 0x0000025f7ced0f94 [0x0000025f7ced0f40+0x0000000000000054]
j  java.security.AccessController.doPrivileged(Ljava/security/PrivilegedExceptionAction;)Ljava/lang/Object;+9 java.base@17.0.11
j  com.sun.jmx.mbeanserver.JmxMBeanServer.initialize()V+26 java.management@17.0.11
j  com.sun.jmx.mbeanserver.JmxMBeanServer.<init>(Ljava/lang/String;Ljavax/management/MBeanServer;Ljavax/management/MBeanServerDelegate;Lcom/sun/jmx/mbeanserver/MBeanInstantiator;ZZ)V+133 java.management@17.0.11
j  com.sun.jmx.mbeanserver.JmxMBeanServer.newMBeanServer(Ljava/lang/String;Ljavax/management/MBeanServer;Ljavax/management/MBeanServerDelegate;Z)Ljavax/management/MBeanServer;+16 java.management@17.0.11
j  javax.management.MBeanServerBuilder.newMBeanServer(Ljava/lang/String;Ljavax/management/MBeanServer;Ljavax/management/MBeanServerDelegate;)Ljavax/management/MBeanServer;+4 java.management@17.0.11
j  javax.management.MBeanServerFactory.newMBeanServer(Ljava/lang/String;)Ljavax/management/MBeanServer;+40 java.management@17.0.11
j  javax.management.MBeanServerFactory.createMBeanServer(Ljava/lang/String;)Ljavax/management/MBeanServer;+6 java.management@17.0.11
j  javax.management.MBeanServerFactory.createMBeanServer()Ljavax/management/MBeanServer;+1 java.management@17.0.11
j  java.lang.management.ManagementFactory.getPlatformMBeanServer()Ljavax/management/MBeanServer;+29 java.management@17.0.11
j  sun.management.jmxremote.ConnectorBootstrap.startLocalConnectorServer()Ljavax/management/remote/JMXConnectorServer;+88 jdk.management.agent@17.0.11
j  jdk.internal.agent.Agent.startLocalManagementAgent()V+13 jdk.management.agent@17.0.11
j  jdk.internal.agent.Agent.startAgent(Ljava/util/Properties;)V+58 jdk.management.agent@17.0.11
j  jdk.internal.agent.Agent.startAgent()V+20 jdk.management.agent@17.0.11
v  ~StubRoutines::call_stub

---------------  P R O C E S S  ---------------

Threads class SMR info:
_java_thread_list=0x0000025f520b0760, length=16, elements={
0x0000025f7cb5f930, 0x0000025f0c66a8a0, 0x0000025f0c66b740, 0x0000025f0c688970,
0x0000025f0c68a4a0, 0x0000025f0c68ae60, 0x0000025f0c68b820, 0x0000025f0c6902a0,
0x0000025f0c690ca0, 0x0000025f0c6fe5e0, 0x0000025f0c652680, 0x0000025f0c8decc0,
0x0000025f0c8dfd50, 0x0000025f0c8e2550, 0x0000025f52072770, 0x0000025f520c0e40
}

Java Threads: ( => current thread )
=>0x0000025f7cb5f930 JavaThread "main" [_thread_in_vm, id=8520, stack(0x000000f6f6000000,0x000000f6f6100000)]
  0x0000025f0c66a8a0 JavaThread "Reference Handler" daemon [_thread_blocked, id=21056, stack(0x000000f6f6700000,0x000000f6f6800000)]
  0x0000025f0c66b740 JavaThread "Finalizer" daemon [_thread_blocked, id=26928, stack(0x000000f6f6800000,0x000000f6f6900000)]
  0x0000025f0c688970 JavaThread "Signal Dispatcher" daemon [_thread_blocked, id=26800, stack(0x000000f6f6900000,0x000000f6f6a00000)]
  0x0000025f0c68a4a0 JavaThread "Attach Listener" daemon [_thread_blocked, id=16772, stack(0x000000f6f6a00000,0x000000f6f6b00000)]
  0x0000025f0c68ae60 JavaThread "Service Thread" daemon [_thread_blocked, id=26208, stack(0x000000f6f6b00000,0x000000f6f6c00000)]
  0x0000025f0c68b820 JavaThread "Monitor Deflation Thread" daemon [_thread_blocked, id=26128, stack(0x000000f6f6c00000,0x000000f6f6d00000)]
  0x0000025f0c6902a0 JavaThread "C1 CompilerThread0" daemon [_thread_blocked, id=8036, stack(0x000000f6f6d00000,0x000000f6f6e00000)]
  0x0000025f0c690ca0 JavaThread "Sweeper thread" daemon [_thread_blocked, id=22384, stack(0x000000f6f6e00000,0x000000f6f6f00000)]
  0x0000025f0c6fe5e0 JavaThread "Common-Cleaner" daemon [_thread_blocked, id=25440, stack(0x000000f6f6f00000,0x000000f6f7000000)]
  0x0000025f0c652680 JavaThread "C1 CompilerThread1" daemon [_thread_blocked, id=26368, stack(0x000000f6f7000000,0x000000f6f7100000)]
  0x0000025f0c8decc0 JavaThread "JDWP Transport Listener: dt_socket" daemon [_thread_blocked, id=17236, stack(0x000000f6f7200000,0x000000f6f7300000)]
  0x0000025f0c8dfd50 JavaThread "JDWP Event Helper Thread" daemon [_thread_blocked, id=23076, stack(0x000000f6f7300000,0x000000f6f7400000)]
  0x0000025f0c8e2550 JavaThread "JDWP Command Reader" daemon [_thread_in_native, id=6652, stack(0x000000f6f7400000,0x000000f6f7500000)]
  0x0000025f52072770 JavaThread "IntelliJ Suspend Helper" daemon [_thread_blocked, id=26348, stack(0x000000f6f7100000,0x000000f6f7200000)]
  0x0000025f520c0e40 JavaThread "Notification Thread" daemon [_thread_blocked, id=26908, stack(0x000000f6f7500000,0x000000f6f7600000)]

Other Threads:
  0x0000025f0c668fe0 VMThread "VM Thread" [stack: 0x000000f6f6600000,0x000000f6f6700000] [id=6712]
  0x0000025f7cbd0850 GCTaskThread "GC Thread#0" [stack: 0x000000f6f6100000,0x000000f6f6200000] [id=15440]
  0x0000025f7cbe0f80 ConcurrentGCThread "G1 Main Marker" [stack: 0x000000f6f6200000,0x000000f6f6300000] [id=26448]
  0x0000025f7cbe2130 ConcurrentGCThread "G1 Conc#0" [stack: 0x000000f6f6300000,0x000000f6f6400000] [id=29080]
  0x0000025f7cccad70 ConcurrentGCThread "G1 Refine#0" [stack: 0x000000f6f6400000,0x000000f6f6500000] [id=23064]
  0x0000025f7cccd6b0 ConcurrentGCThread "G1 Service" [stack: 0x000000f6f6500000,0x000000f6f6600000] [id=26752]

Threads with active compile tasks:

VM state: not at safepoint (normal execution)

VM Mutex/Monitor currently owned by a thread:  ([mutex/lock_event])
[0x0000025f7cb58c10] Metaspace_lock - owner thread: 0x0000025f7cb5f930

Heap address: 0x000000070a400000, size: 3932 MB, Compressed Oops mode: Zero based, Oop shift amount: 3

CDS archive(s) mapped at: [0x0000025f0d000000-0x0000025f0dbd0000-0x0000025f0dbd0000), size 12386304, SharedBaseAddress: 0x0000025f0d000000, ArchiveRelocationMode: 1.
Compressed class space mapped at: 0x0000025f0e000000-0x0000025f4e000000, reserved size: 1073741824
Narrow klass base: 0x0000025f0d000000, Narrow klass shift: 0, Narrow klass range: 0x100000000

GC Precious Log:
 CPUs: 12 total, 12 available
 Memory: 15720M
 Large Page Support: Disabled
 NUMA Support: Disabled
 Compressed Oops: Enabled (Zero based)
 Heap Region Size: 2M
 Heap Min Capacity: 8M
 Heap Initial Capacity: 246M
 Heap Max Capacity: 3932M
 Pre-touch: Disabled
 Parallel Workers: 10
 Concurrent Workers: 3
 Concurrent Refinement Workers: 10
 Periodic GC: Disabled

Heap:
 garbage-first heap   total 251904K, used 14336K [0x000000070a400000, 0x0000000800000000)
  region size 2048K, 9 young (18432K), 0 survivors (0K)
 Metaspace       used 3241K, committed 3392K, reserved 1114112K
  class space    used 294K, committed 384K, reserved 1048576K

Heap Regions: E=young(eden), S=young(survivor), O=old, HS=humongous(starts), HC=humongous(continues), CS=collection set, F=free, OA=open archive, CA=closed archive, TAMS=top-at-mark-start (previous, next)
|   0|0x000000070a400000, 0x000000070a400000, 0x000000070a600000|  0%| F|  |TAMS 0x000000070a400000, 0x000000070a400000| Untracked 
|   1|0x000000070a600000, 0x000000070a600000, 0x000000070a800000|  0%| F|  |TAMS 0x000000070a600000, 0x000000070a600000| Untracked 
|   2|0x000000070a800000, 0x000000070a800000, 0x000000070aa00000|  0%| F|  |TAMS 0x000000070a800000, 0x000000070a800000| Untracked 
|   3|0x000000070aa00000, 0x000000070aa00000, 0x000000070ac00000|  0%| F|  |TAMS 0x000000070aa00000, 0x000000070aa00000| Untracked 
|   4|0x000000070ac00000, 0x000000070ac00000, 0x000000070ae00000|  0%| F|  |TAMS 0x000000070ac00000, 0x000000070ac00000| Untracked 
|   5|0x000000070ae00000, 0x000000070ae00000, 0x000000070b000000|  0%| F|  |TAMS 0x000000070ae00000, 0x000000070ae00000| Untracked 
|   6|0x000000070b000000, 0x000000070b000000, 0x000000070b200000|  0%| F|  |TAMS 0x000000070b000000, 0x000000070b000000| Untracked 
|   7|0x000000070b200000, 0x000000070b200000, 0x000000070b400000|  0%| F|  |TAMS 0x000000070b200000, 0x000000070b200000| Untracked 
|   8|0x000000070b400000, 0x000000070b400000, 0x000000070b600000|  0%| F|  |TAMS 0x000000070b400000, 0x000000070b400000| Untracked 
|   9|0x000000070b600000, 0x000000070b600000, 0x000000070b800000|  0%| F|  |TAMS 0x000000070b600000, 0x000000070b600000| Untracked 
|  10|0x000000070b800000, 0x000000070b800000, 0x000000070ba00000|  0%| F|  |TAMS 0x000000070b800000, 0x000000070b800000| Untracked 
|  11|0x000000070ba00000, 0x000000070ba00000, 0x000000070bc00000|  0%| F|  |TAMS 0x000000070ba00000, 0x000000070ba00000| Untracked 
|  12|0x000000070bc00000, 0x000000070bc00000, 0x000000070be00000|  0%| F|  |TAMS 0x000000070bc00000, 0x000000070bc00000| Untracked 
|  13|0x000000070be00000, 0x000000070be00000, 0x000000070c000000|  0%| F|  |TAMS 0x000000070be00000, 0x000000070be00000| Untracked 
|  14|0x000000070c000000, 0x000000070c000000, 0x000000070c200000|  0%| F|  |TAMS 0x000000070c000000, 0x000000070c000000| Untracked 
|  15|0x000000070c200000, 0x000000070c200000, 0x000000070c400000|  0%| F|  |TAMS 0x000000070c200000, 0x000000070c200000| Untracked 
|  16|0x000000070c400000, 0x000000070c400000, 0x000000070c600000|  0%| F|  |TAMS 0x000000070c400000, 0x000000070c400000| Untracked 
|  17|0x000000070c600000, 0x000000070c600000, 0x000000070c800000|  0%| F|  |TAMS 0x000000070c600000, 0x000000070c600000| Untracked 
|  18|0x000000070c800000, 0x000000070c800000, 0x000000070ca00000|  0%| F|  |TAMS 0x000000070c800000, 0x000000070c800000| Untracked 
|  19|0x000000070ca00000, 0x000000070ca00000, 0x000000070cc00000|  0%| F|  |TAMS 0x000000070ca00000, 0x000000070ca00000| Untracked 
|  20|0x000000070cc00000, 0x000000070cc00000, 0x000000070ce00000|  0%| F|  |TAMS 0x000000070cc00000, 0x000000070cc00000| Untracked 
|  21|0x000000070ce00000, 0x000000070ce00000, 0x000000070d000000|  0%| F|  |TAMS 0x000000070ce00000, 0x000000070ce00000| Untracked 
|  22|0x000000070d000000, 0x000000070d000000, 0x000000070d200000|  0%| F|  |TAMS 0x000000070d000000, 0x000000070d000000| Untracked 
|  23|0x000000070d200000, 0x000000070d200000, 0x000000070d400000|  0%| F|  |TAMS 0x000000070d200000, 0x000000070d200000| Untracked 
|  24|0x000000070d400000, 0x000000070d400000, 0x000000070d600000|  0%| F|  |TAMS 0x000000070d400000, 0x000000070d400000| Untracked 
|  25|0x000000070d600000, 0x000000070d600000, 0x000000070d800000|  0%| F|  |TAMS 0x000000070d600000, 0x000000070d600000| Untracked 
|  26|0x000000070d800000, 0x000000070d800000, 0x000000070da00000|  0%| F|  |TAMS 0x000000070d800000, 0x000000070d800000| Untracked 
|  27|0x000000070da00000, 0x000000070da00000, 0x000000070dc00000|  0%| F|  |TAMS 0x000000070da00000, 0x000000070da00000| Untracked 
|  28|0x000000070dc00000, 0x000000070dc00000, 0x000000070de00000|  0%| F|  |TAMS 0x000000070dc00000, 0x000000070dc00000| Untracked 
|  29|0x000000070de00000, 0x000000070de00000, 0x000000070e000000|  0%| F|  |TAMS 0x000000070de00000, 0x000000070de00000| Untracked 
|  30|0x000000070e000000, 0x000000070e000000, 0x000000070e200000|  0%| F|  |TAMS 0x000000070e000000, 0x000000070e000000| Untracked 
|  31|0x000000070e200000, 0x000000070e200000, 0x000000070e400000|  0%| F|  |TAMS 0x000000070e200000, 0x000000070e200000| Untracked 
|  32|0x000000070e400000, 0x000000070e400000, 0x000000070e600000|  0%| F|  |TAMS 0x000000070e400000, 0x000000070e400000| Untracked 
|  33|0x000000070e600000, 0x000000070e600000, 0x000000070e800000|  0%| F|  |TAMS 0x000000070e600000, 0x000000070e600000| Untracked 
|  34|0x000000070e800000, 0x000000070e800000, 0x000000070ea00000|  0%| F|  |TAMS 0x000000070e800000, 0x000000070e800000| Untracked 
|  35|0x000000070ea00000, 0x000000070ea00000, 0x000000070ec00000|  0%| F|  |TAMS 0x000000070ea00000, 0x000000070ea00000| Untracked 
|  36|0x000000070ec00000, 0x000000070ec00000, 0x000000070ee00000|  0%| F|  |TAMS 0x000000070ec00000, 0x000000070ec00000| Untracked 
|  37|0x000000070ee00000, 0x000000070ee00000, 0x000000070f000000|  0%| F|  |TAMS 0x000000070ee00000, 0x000000070ee00000| Untracked 
|  38|0x000000070f000000, 0x000000070f000000, 0x000000070f200000|  0%| F|  |TAMS 0x000000070f000000, 0x000000070f000000| Untracked 
|  39|0x000000070f200000, 0x000000070f200000, 0x000000070f400000|  0%| F|  |TAMS 0x000000070f200000, 0x000000070f200000| Untracked 
|  40|0x000000070f400000, 0x000000070f400000, 0x000000070f600000|  0%| F|  |TAMS 0x000000070f400000, 0x000000070f400000| Untracked 
|  41|0x000000070f600000, 0x000000070f600000, 0x000000070f800000|  0%| F|  |TAMS 0x000000070f600000, 0x000000070f600000| Untracked 
|  42|0x000000070f800000, 0x000000070f800000, 0x000000070fa00000|  0%| F|  |TAMS 0x000000070f800000, 0x000000070f800000| Untracked 
|  43|0x000000070fa00000, 0x000000070fa00000, 0x000000070fc00000|  0%| F|  |TAMS 0x000000070fa00000, 0x000000070fa00000| Untracked 
|  44|0x000000070fc00000, 0x000000070fc00000, 0x000000070fe00000|  0%| F|  |TAMS 0x000000070fc00000, 0x000000070fc00000| Untracked 
|  45|0x000000070fe00000, 0x000000070fe00000, 0x0000000710000000|  0%| F|  |TAMS 0x000000070fe00000, 0x000000070fe00000| Untracked 
|  46|0x0000000710000000, 0x0000000710000000, 0x0000000710200000|  0%| F|  |TAMS 0x0000000710000000, 0x0000000710000000| Untracked 
|  47|0x0000000710200000, 0x0000000710200000, 0x0000000710400000|  0%| F|  |TAMS 0x0000000710200000, 0x0000000710200000| Untracked 
|  48|0x0000000710400000, 0x0000000710400000, 0x0000000710600000|  0%| F|  |TAMS 0x0000000710400000, 0x0000000710400000| Untracked 
|  49|0x0000000710600000, 0x0000000710600000, 0x0000000710800000|  0%| F|  |TAMS 0x0000000710600000, 0x0000000710600000| Untracked 
|  50|0x0000000710800000, 0x0000000710800000, 0x0000000710a00000|  0%| F|  |TAMS 0x0000000710800000, 0x0000000710800000| Untracked 
|  51|0x0000000710a00000, 0x0000000710a00000, 0x0000000710c00000|  0%| F|  |TAMS 0x0000000710a00000, 0x0000000710a00000| Untracked 
|  52|0x0000000710c00000, 0x0000000710c00000, 0x0000000710e00000|  0%| F|  |TAMS 0x0000000710c00000, 0x0000000710c00000| Untracked 
|  53|0x0000000710e00000, 0x0000000710e00000, 0x0000000711000000|  0%| F|  |TAMS 0x0000000710e00000, 0x0000000710e00000| Untracked 
|  54|0x0000000711000000, 0x0000000711000000, 0x0000000711200000|  0%| F|  |TAMS 0x0000000711000000, 0x0000000711000000| Untracked 
|  55|0x0000000711200000, 0x0000000711200000, 0x0000000711400000|  0%| F|  |TAMS 0x0000000711200000, 0x0000000711200000| Untracked 
|  56|0x0000000711400000, 0x0000000711400000, 0x0000000711600000|  0%| F|  |TAMS 0x0000000711400000, 0x0000000711400000| Untracked 
|  57|0x0000000711600000, 0x0000000711600000, 0x0000000711800000|  0%| F|  |TAMS 0x0000000711600000, 0x0000000711600000| Untracked 
|  58|0x0000000711800000, 0x0000000711800000, 0x0000000711a00000|  0%| F|  |TAMS 0x0000000711800000, 0x0000000711800000| Untracked 
|  59|0x0000000711a00000, 0x0000000711a00000, 0x0000000711c00000|  0%| F|  |TAMS 0x0000000711a00000, 0x0000000711a00000| Untracked 
|  60|0x0000000711c00000, 0x0000000711c00000, 0x0000000711e00000|  0%| F|  |TAMS 0x0000000711c00000, 0x0000000711c00000| Untracked 
|  61|0x0000000711e00000, 0x0000000711e00000, 0x0000000712000000|  0%| F|  |TAMS 0x0000000711e00000, 0x0000000711e00000| Untracked 
|  62|0x0000000712000000, 0x0000000712000000, 0x0000000712200000|  0%| F|  |TAMS 0x0000000712000000, 0x0000000712000000| Untracked 
|  63|0x0000000712200000, 0x0000000712200000, 0x0000000712400000|  0%| F|  |TAMS 0x0000000712200000, 0x0000000712200000| Untracked 
|  64|0x0000000712400000, 0x0000000712400000, 0x0000000712600000|  0%| F|  |TAMS 0x0000000712400000, 0x0000000712400000| Untracked 
|  65|0x0000000712600000, 0x0000000712600000, 0x0000000712800000|  0%| F|  |TAMS 0x0000000712600000, 0x0000000712600000| Untracked 
|  66|0x0000000712800000, 0x0000000712800000, 0x0000000712a00000|  0%| F|  |TAMS 0x0000000712800000, 0x0000000712800000| Untracked 
|  67|0x0000000712a00000, 0x0000000712a00000, 0x0000000712c00000|  0%| F|  |TAMS 0x0000000712a00000, 0x0000000712a00000| Untracked 
|  68|0x0000000712c00000, 0x0000000712c00000, 0x0000000712e00000|  0%| F|  |TAMS 0x0000000712c00000, 0x0000000712c00000| Untracked 
|  69|0x0000000712e00000, 0x0000000712e00000, 0x0000000713000000|  0%| F|  |TAMS 0x0000000712e00000, 0x0000000712e00000| Untracked 
|  70|0x0000000713000000, 0x0000000713000000, 0x0000000713200000|  0%| F|  |TAMS 0x0000000713000000, 0x0000000713000000| Untracked 
|  71|0x0000000713200000, 0x0000000713200000, 0x0000000713400000|  0%| F|  |TAMS 0x0000000713200000, 0x0000000713200000| Untracked 
|  72|0x0000000713400000, 0x0000000713400000, 0x0000000713600000|  0%| F|  |TAMS 0x0000000713400000, 0x0000000713400000| Untracked 
|  73|0x0000000713600000, 0x0000000713600000, 0x0000000713800000|  0%| F|  |TAMS 0x0000000713600000, 0x0000000713600000| Untracked 
|  74|0x0000000713800000, 0x0000000713800000, 0x0000000713a00000|  0%| F|  |TAMS 0x0000000713800000, 0x0000000713800000| Untracked 
|  75|0x0000000713a00000, 0x0000000713a00000, 0x0000000713c00000|  0%| F|  |TAMS 0x0000000713a00000, 0x0000000713a00000| Untracked 
|  76|0x0000000713c00000, 0x0000000713c00000, 0x0000000713e00000|  0%| F|  |TAMS 0x0000000713c00000, 0x0000000713c00000| Untracked 
|  77|0x0000000713e00000, 0x0000000713e00000, 0x0000000714000000|  0%| F|  |TAMS 0x0000000713e00000, 0x0000000713e00000| Untracked 
|  78|0x0000000714000000, 0x0000000714000000, 0x0000000714200000|  0%| F|  |TAMS 0x0000000714000000, 0x0000000714000000| Untracked 
|  79|0x0000000714200000, 0x0000000714200000, 0x0000000714400000|  0%| F|  |TAMS 0x0000000714200000, 0x0000000714200000| Untracked 
|  80|0x0000000714400000, 0x0000000714400000, 0x0000000714600000|  0%| F|  |TAMS 0x0000000714400000, 0x0000000714400000| Untracked 
|  81|0x0000000714600000, 0x0000000714600000, 0x0000000714800000|  0%| F|  |TAMS 0x0000000714600000, 0x0000000714600000| Untracked 
|  82|0x0000000714800000, 0x0000000714800000, 0x0000000714a00000|  0%| F|  |TAMS 0x0000000714800000, 0x0000000714800000| Untracked 
|  83|0x0000000714a00000, 0x0000000714a00000, 0x0000000714c00000|  0%| F|  |TAMS 0x0000000714a00000, 0x0000000714a00000| Untracked 
|  84|0x0000000714c00000, 0x0000000714c00000, 0x0000000714e00000|  0%| F|  |TAMS 0x0000000714c00000, 0x0000000714c00000| Untracked 
|  85|0x0000000714e00000, 0x0000000714e00000, 0x0000000715000000|  0%| F|  |TAMS 0x0000000714e00000, 0x0000000714e00000| Untracked 
|  86|0x0000000715000000, 0x0000000715000000, 0x0000000715200000|  0%| F|  |TAMS 0x0000000715000000, 0x0000000715000000| Untracked 
|  87|0x0000000715200000, 0x0000000715200000, 0x0000000715400000|  0%| F|  |TAMS 0x0000000715200000, 0x0000000715200000| Untracked 
|  88|0x0000000715400000, 0x0000000715400000, 0x0000000715600000|  0%| F|  |TAMS 0x0000000715400000, 0x0000000715400000| Untracked 
|  89|0x0000000715600000, 0x0000000715600000, 0x0000000715800000|  0%| F|  |TAMS 0x0000000715600000, 0x0000000715600000| Untracked 
|  90|0x0000000715800000, 0x0000000715800000, 0x0000000715a00000|  0%| F|  |TAMS 0x0000000715800000, 0x0000000715800000| Untracked 
|  91|0x0000000715a00000, 0x0000000715a00000, 0x0000000715c00000|  0%| F|  |TAMS 0x0000000715a00000, 0x0000000715a00000| Untracked 
|  92|0x0000000715c00000, 0x0000000715c00000, 0x0000000715e00000|  0%| F|  |TAMS 0x0000000715c00000, 0x0000000715c00000| Untracked 
|  93|0x0000000715e00000, 0x0000000715e00000, 0x0000000716000000|  0%| F|  |TAMS 0x0000000715e00000, 0x0000000715e00000| Untracked 
|  94|0x0000000716000000, 0x0000000716000000, 0x0000000716200000|  0%| F|  |TAMS 0x0000000716000000, 0x0000000716000000| Untracked 
|  95|0x0000000716200000, 0x0000000716200000, 0x0000000716400000|  0%| F|  |TAMS 0x0000000716200000, 0x0000000716200000| Untracked 
|  96|0x0000000716400000, 0x0000000716400000, 0x0000000716600000|  0%| F|  |TAMS 0x0000000716400000, 0x0000000716400000| Untracked 
|  97|0x0000000716600000, 0x0000000716600000, 0x0000000716800000|  0%| F|  |TAMS 0x0000000716600000, 0x0000000716600000| Untracked 
|  98|0x0000000716800000, 0x0000000716800000, 0x0000000716a00000|  0%| F|  |TAMS 0x0000000716800000, 0x0000000716800000| Untracked 
|  99|0x0000000716a00000, 0x0000000716a00000, 0x0000000716c00000|  0%| F|  |TAMS 0x0000000716a00000, 0x0000000716a00000| Untracked 
| 100|0x0000000716c00000, 0x0000000716c00000, 0x0000000716e00000|  0%| F|  |TAMS 0x0000000716c00000, 0x0000000716c00000| Untracked 
| 101|0x0000000716e00000, 0x0000000716e00000, 0x0000000717000000|  0%| F|  |TAMS 0x0000000716e00000, 0x0000000716e00000| Untracked 
| 102|0x0000000717000000, 0x0000000717000000, 0x0000000717200000|  0%| F|  |TAMS 0x0000000717000000, 0x0000000717000000| Untracked 
| 103|0x0000000717200000, 0x0000000717200000, 0x0000000717400000|  0%| F|  |TAMS 0x0000000717200000, 0x0000000717200000| Untracked 
| 104|0x0000000717400000, 0x0000000717400000, 0x0000000717600000|  0%| F|  |TAMS 0x0000000717400000, 0x0000000717400000| Untracked 
| 105|0x0000000717600000, 0x0000000717600000, 0x0000000717800000|  0%| F|  |TAMS 0x0000000717600000, 0x0000000717600000| Untracked 
| 106|0x0000000717800000, 0x0000000717800000, 0x0000000717a00000|  0%| F|  |TAMS 0x0000000717800000, 0x0000000717800000| Untracked 
| 107|0x0000000717a00000, 0x0000000717a00000, 0x0000000717c00000|  0%| F|  |TAMS 0x0000000717a00000, 0x0000000717a00000| Untracked 
| 108|0x0000000717c00000, 0x0000000717c00000, 0x0000000717e00000|  0%| F|  |TAMS 0x0000000717c00000, 0x0000000717c00000| Untracked 
| 109|0x0000000717e00000, 0x0000000717e00000, 0x0000000718000000|  0%| F|  |TAMS 0x0000000717e00000, 0x0000000717e00000| Untracked 
| 110|0x0000000718000000, 0x0000000718000000, 0x0000000718200000|  0%| F|  |TAMS 0x0000000718000000, 0x0000000718000000| Untracked 
| 111|0x0000000718200000, 0x0000000718200000, 0x0000000718400000|  0%| F|  |TAMS 0x0000000718200000, 0x0000000718200000| Untracked 
| 112|0x0000000718400000, 0x0000000718400000, 0x0000000718600000|  0%| F|  |TAMS 0x0000000718400000, 0x0000000718400000| Untracked 
| 113|0x0000000718600000, 0x0000000718600000, 0x0000000718800000|  0%| F|  |TAMS 0x0000000718600000, 0x0000000718600000| Untracked 
| 114|0x0000000718800000, 0x000000071894e388, 0x0000000718a00000| 65%| E|  |TAMS 0x0000000718800000, 0x0000000718800000| Complete 
| 115|0x0000000718a00000, 0x0000000718c00000, 0x0000000718c00000|100%| E|  |TAMS 0x0000000718a00000, 0x0000000718a00000| Complete 
| 116|0x0000000718c00000, 0x0000000718e00000, 0x0000000718e00000|100%| E|CS|TAMS 0x0000000718c00000, 0x0000000718c00000| Complete 
| 117|0x0000000718e00000, 0x0000000719000000, 0x0000000719000000|100%| E|CS|TAMS 0x0000000718e00000, 0x0000000718e00000| Complete 
| 118|0x0000000719000000, 0x0000000719200000, 0x0000000719200000|100%| E|CS|TAMS 0x0000000719000000, 0x0000000719000000| Complete 
| 119|0x0000000719200000, 0x0000000719400000, 0x0000000719400000|100%| E|CS|TAMS 0x0000000719200000, 0x0000000719200000| Complete 
| 120|0x0000000719400000, 0x0000000719600000, 0x0000000719600000|100%| E|CS|TAMS 0x0000000719400000, 0x0000000719400000| Complete 
| 121|0x0000000719600000, 0x0000000719800000, 0x0000000719800000|100%| E|CS|TAMS 0x0000000719600000, 0x0000000719600000| Complete 
| 122|0x0000000719800000, 0x0000000719a00000, 0x0000000719a00000|100%| E|CS|TAMS 0x0000000719800000, 0x0000000719800000| Complete 

Card table byte_map: [0x0000025f01030000,0x0000025f017e0000] _byte_map_base: 0x0000025efd7de000

Marking Bits (Prev, Next): (CMBitMap*) 0x0000025f7cbd0e70, (CMBitMap*) 0x0000025f7cbd0eb0
 Prev Bits: [0x0000025f01f90000, 0x0000025f05d00000)
 Next Bits: [0x0000025f05d00000, 0x0000025f09a70000)

Polling page: 0x0000025f73100000

Metaspace:

Usage:
  Non-class:      2.88 MB used.
      Class:    294.28 KB used.
       Both:      3.17 MB used.

Virtual space:
  Non-class space:       64.00 MB reserved,       2.94 MB (  5%) committed,  1 nodes.
      Class space:        1.00 GB reserved,     384.00 KB ( <1%) committed,  1 nodes.
             Both:        1.06 GB reserved,       3.31 MB ( <1%) committed. 

Chunk freelists:
   Non-Class:  11.99 MB
       Class:  15.62 MB
        Both:  27.62 MB

MaxMetaspaceSize: unlimited
CompressedClassSpaceSize: 1.00 GB
Initial GC threshold: 21.00 MB
Current GC threshold: 21.00 MB
CDS: on
MetaspaceReclaimPolicy: balanced
 - commit_granule_bytes: 65536.
 - commit_granule_words: 8192.
 - virtual_space_node_default_size: 8388608.
 - enlarge_chunks_in_place: 1.
 - new_chunks_are_fully_committed: 0.
 - uncommit_free_chunks: 1.
 - use_allocation_guard: 0.
 - handle_deallocations: 1.


Internal statistics:

num_allocs_failed_limit: 0.
num_arena_births: 8.
num_arena_deaths: 0.
num_vsnodes_births: 2.
num_vsnodes_deaths: 0.
num_space_committed: 53.
num_space_uncommitted: 0.
num_chunks_returned_to_freelist: 0.
num_chunks_taken_from_freelist: 10.
num_chunk_merges: 0.
num_chunk_splits: 6.
num_chunks_enlarged: 3.
num_inconsistent_stats: 0.

CodeCache: size=49152Kb used=2578Kb max_used=2578Kb free=46573Kb
 bounds [0x0000025f7ccf0000, 0x0000025f7cf80000, 0x0000025f7fcf0000]
 total_blobs=878 nmethods=485 adapters=320
 compilation: enabled
              stopped_count=0, restarted_count=0
 full_count=0

Compilation events (20 events):
Event: 1.202 Thread 0x0000025f0c6902a0 nmethod 472 0x0000025f7cf69f90 code [0x0000025f7cf6a200, 0x0000025f7cf6a8b8]
Event: 1.202 Thread 0x0000025f0c6902a0  473       1       com.intellij.rt.debugger.agent.CollectionBreakpointInstrumentor::access$1100 (4 bytes)
Event: 1.202 Thread 0x0000025f0c6902a0 nmethod 473 0x0000025f7cf6b210 code [0x0000025f7cf6b3a0, 0x0000025f7cf6b458]
Event: 1.202 Thread 0x0000025f0c6902a0  474       1       com.intellij.rt.debugger.agent.CollectionBreakpointInstrumentor::access$1200 (4 bytes)
Event: 1.202 Thread 0x0000025f0c6902a0 nmethod 474 0x0000025f7cf6b510 code [0x0000025f7cf6b6a0, 0x0000025f7cf6b758]
Event: 1.202 Thread 0x0000025f0c6902a0  475   !   1       com.intellij.rt.debugger.agent.SpilledVariablesTransformer$SpillingTransformer::transform (83 bytes)
Event: 1.202 Thread 0x0000025f0c652680 nmethod 471% 0x0000025f7cf6bb10 code [0x0000025f7cf6bda0, 0x0000025f7cf6d638]
Event: 1.202 Thread 0x0000025f0c652680  478       1       java.lang.invoke.MethodType::parameterCount (6 bytes)
Event: 1.202 Thread 0x0000025f0c652680 nmethod 478 0x0000025f7cf6ee90 code [0x0000025f7cf6f020, 0x0000025f7cf6f0f8]
Event: 1.203 Thread 0x0000025f0c6902a0 nmethod 475 0x0000025f7cf6f210 code [0x0000025f7cf6f480, 0x0000025f7cf6fbd8]
Event: 1.207 Thread 0x0000025f0c6902a0  479       1       java.lang.invoke.MethodType$ConcurrentWeakInternSet$WeakEntry::hashCode (5 bytes)
Event: 1.207 Thread 0x0000025f0c6902a0 nmethod 479 0x0000025f7cf71790 code [0x0000025f7cf71920, 0x0000025f7cf719f8]
Event: 1.209 Thread 0x0000025f0c6902a0  482       1       java.lang.invoke.MemberName::initResolved (53 bytes)
Event: 1.209 Thread 0x0000025f0c652680  483       1       java.lang.invoke.MethodType$ConcurrentWeakInternSet::expungeStaleElements (27 bytes)
Event: 1.209 Thread 0x0000025f0c6902a0 nmethod 482 0x0000025f7cf72090 code [0x0000025f7cf72220, 0x0000025f7cf72338]
Event: 1.209 Thread 0x0000025f0c6902a0  484       1       java.lang.invoke.MethodType::equals (56 bytes)
Event: 1.209 Thread 0x0000025f0c652680 nmethod 483 0x0000025f7cf72410 code [0x0000025f7cf725c0, 0x0000025f7cf72838]
Event: 1.209 Thread 0x0000025f0c652680  485       1       java.lang.invoke.MemberName::testAllFlags (7 bytes)
Event: 1.209 Thread 0x0000025f0c652680 nmethod 485 0x0000025f7cf72b90 code [0x0000025f7cf72d20, 0x0000025f7cf72df8]
Event: 1.209 Thread 0x0000025f0c6902a0 nmethod 484 0x0000025f7cf72e90 code [0x0000025f7cf73060, 0x0000025f7cf73478]

GC Heap History (0 events):
No events

Deoptimization events (0 events):
No events

Classes unloaded (0 events):
No events

Classes redefined (1 events):
Event: 0.939 Thread 0x0000025f0c668fe0 redefined class name=java.lang.Throwable, count=1

Internal exceptions (1 events):
Event: 1.210 Thread 0x0000025f7cb5f930 Exception <a 'java/lang/NoSuchMethodError'{0x0000000718bfbfa8}: 'java.lang.Object java.lang.invoke.DirectMethodHandle$Holder.invokeStaticInit(java.lang.Object)'> (0x0000000718bfbfa8) 
thrown [s\open\src\hotspot\share\interpreter\linkResolver.cpp, line 759]

VM Operations (14 events):
Event: 0.192 Executing VM operation: HandshakeAllThreads
Event: 0.193 Executing VM operation: HandshakeAllThreads done
Event: 0.209 Executing VM operation: ChangeBreakpoints
Event: 0.209 Executing VM operation: ChangeBreakpoints done
Event: 0.894 Executing VM operation: ChangeBreakpoints
Event: 0.894 Executing VM operation: ChangeBreakpoints done
Event: 0.895 Executing VM operation: ChangeBreakpoints
Event: 0.895 Executing VM operation: ChangeBreakpoints done
Event: 0.939 Executing VM operation: RedefineClasses
Event: 0.941 Executing VM operation: RedefineClasses done
Event: 0.942 Executing VM operation: get/set locals
Event: 0.942 Executing VM operation: get/set locals done
Event: 1.179 Executing VM operation: HandshakeAllThreads
Event: 1.179 Executing VM operation: HandshakeAllThreads done

Events (20 events):
Event: 1.229 loading class com/sun/jmx/interceptor/DefaultMBeanServerInterceptor$ResourceContext
Event: 1.230 loading class com/sun/jmx/mbeanserver/Repository$RegistrationContext
Event: 1.230 loading class com/sun/jmx/mbeanserver/Repository$RegistrationContext done
Event: 1.230 loading class com/sun/jmx/interceptor/DefaultMBeanServerInterceptor$ResourceContext done
Event: 1.230 loading class com/sun/jmx/interceptor/DefaultMBeanServerInterceptor$ResourceContext$1
Event: 1.230 loading class com/sun/jmx/interceptor/DefaultMBeanServerInterceptor$ResourceContext$1 done
Event: 1.230 loading class com/sun/jmx/mbeanserver/NamedObject
Event: 1.230 loading class com/sun/jmx/mbeanserver/NamedObject done
Event: 1.230 loading class javax/management/MBeanServerNotification
Event: 1.230 loading class javax/management/Notification
Event: 1.231 loading class java/util/EventObject
Event: 1.231 loading class java/util/EventObject done
Event: 1.231 loading class javax/management/Notification done
Event: 1.231 loading class javax/management/MBeanServerNotification done
Event: 1.232 loading class sun/util/calendar/AbstractCalendar
Event: 1.232 loading class sun/util/calendar/AbstractCalendar done
Event: 1.232 loading class sun/util/calendar/BaseCalendar
Event: 1.232 loading class sun/util/calendar/BaseCalendar done
Event: 1.232 loading class sun/util/calendar/Gregorian
Event: 1.232 loading class sun/util/calendar/Gregorian done


Dynamic libraries:
0x00007ff7a54a0000 - 0x00007ff7a54b0000 	D:\OS\dowload easy\Java JDK\jdk-17.0.11\bin\java.exe
0x00007ff922330000 - 0x00007ff922548000 	C:\Windows\SYSTEM32\ntdll.dll
0x00007ff921650000 - 0x00007ff921714000 	C:\Windows\System32\KERNEL32.DLL
0x00007ff91f510000 - 0x00007ff91f8e3000 	C:\Windows\System32\KERNELBASE.dll
0x00007ff91fd80000 - 0x00007ff91fe91000 	C:\Windows\System32\ucrtbase.dll
0x00007ff917620000 - 0x00007ff91763b000 	D:\OS\dowload easy\Java JDK\jdk-17.0.11\bin\VCRUNTIME140.dll
0x00007ff91aba0000 - 0x00007ff91abb9000 	D:\OS\dowload easy\Java JDK\jdk-17.0.11\bin\jli.dll
0x00007ff920dc0000 - 0x00007ff920e71000 	C:\Windows\System32\ADVAPI32.dll
0x00007ff9219a0000 - 0x00007ff921a47000 	C:\Windows\System32\msvcrt.dll
0x00007ff920050000 - 0x00007ff9200f8000 	C:\Windows\System32\sechost.dll
0x00007ff91fea0000 - 0x00007ff91fec8000 	C:\Windows\System32\bcrypt.dll
0x00007ff9202c0000 - 0x00007ff9203d8000 	C:\Windows\System32\RPCRT4.dll
0x00007ff920500000 - 0x00007ff9206b2000 	C:\Windows\System32\USER32.dll
0x00007ff91f4e0000 - 0x00007ff91f506000 	C:\Windows\System32\win32u.dll
0x00007ff90d2d0000 - 0x00007ff90d56c000 	C:\Windows\WinSxS\amd64_microsoft.windows.common-controls_6595b64144ccf1df_6.0.22621.6060_none_2712eda17382d24b\COMCTL32.dll
0x00007ff921720000 - 0x00007ff921749000 	C:\Windows\System32\GDI32.dll
0x00007ff91f8f0000 - 0x00007ff91fa0b000 	C:\Windows\System32\gdi32full.dll
0x00007ff91f440000 - 0x00007ff91f4da000 	C:\Windows\System32\msvcp_win.dll
0x00007ff916df0000 - 0x00007ff916dfa000 	C:\Windows\SYSTEM32\VERSION.dll
0x00007ff9204c0000 - 0x00007ff9204f1000 	C:\Windows\System32\IMM32.DLL
0x00007ff917df0000 - 0x00007ff917dfc000 	D:\OS\dowload easy\Java JDK\jdk-17.0.11\bin\vcruntime140_1.dll
0x00007ff90c410000 - 0x00007ff90c49e000 	D:\OS\dowload easy\Java JDK\jdk-17.0.11\bin\msvcp140.dll
0x00007ff8e43c0000 - 0x00007ff8e4fa0000 	D:\OS\dowload easy\Java JDK\jdk-17.0.11\bin\server\jvm.dll
0x00007ff9207c0000 - 0x00007ff9207c8000 	C:\Windows\System32\PSAPI.DLL
0x00007ff9168d0000 - 0x00007ff9168d9000 	C:\Windows\SYSTEM32\WSOCK32.dll
0x00007ff919f50000 - 0x00007ff919f84000 	C:\Windows\SYSTEM32\WINMM.dll
0x00007ff91ffd0000 - 0x00007ff920041000 	C:\Windows\System32\WS2_32.dll
0x00007ff91e3f0000 - 0x00007ff91e408000 	C:\Windows\SYSTEM32\kernel.appcore.dll
0x00007ff9168c0000 - 0x00007ff9168ca000 	D:\OS\dowload easy\Java JDK\jdk-17.0.11\bin\jimage.dll
0x00007ff9146c0000 - 0x00007ff9148f3000 	C:\Windows\SYSTEM32\DBGHELP.DLL
0x00007ff921140000 - 0x00007ff9214d1000 	C:\Windows\System32\combase.dll
0x00007ff921040000 - 0x00007ff921118000 	C:\Windows\System32\OLEAUT32.dll
0x00007ff912fc0000 - 0x00007ff912ff2000 	C:\Windows\SYSTEM32\dbgcore.DLL
0x00007ff91fed0000 - 0x00007ff91ff4b000 	C:\Windows\System32\bcryptPrimitives.dll
0x00007ff909f60000 - 0x00007ff909f9b000 	D:\OS\dowload easy\Java JDK\jdk-17.0.11\bin\jdwp.dll
0x00007ff90fe60000 - 0x00007ff90fe6e000 	D:\OS\dowload easy\Java JDK\jdk-17.0.11\bin\instrument.dll
0x00007ff912ee0000 - 0x00007ff912f05000 	D:\OS\dowload easy\Java JDK\jdk-17.0.11\bin\java.dll
0x00007ff8df610000 - 0x00007ff8df849000 	C:\Users\Admin\AppData\Local\Temp\idea_libasyncProfiler_dll_temp_folder8\libasyncProfiler.dll
0x00007ff9105a0000 - 0x00007ff9105b8000 	D:\OS\dowload easy\Java JDK\jdk-17.0.11\bin\zip.dll
0x00007ff903100000 - 0x00007ff9031d7000 	D:\OS\dowload easy\Java JDK\jdk-17.0.11\bin\jsvml.dll
0x00007ff921a50000 - 0x00007ff9222ec000 	C:\Windows\System32\SHELL32.dll
0x00007ff91fc40000 - 0x00007ff91fd7f000 	C:\Windows\System32\wintypes.dll
0x00007ff91d2f0000 - 0x00007ff91dc0a000 	C:\Windows\SYSTEM32\windows.storage.dll
0x00007ff920e80000 - 0x00007ff920f84000 	C:\Windows\System32\SHCORE.dll
0x00007ff9203e0000 - 0x00007ff920449000 	C:\Windows\System32\shlwapi.dll
0x00007ff91f370000 - 0x00007ff91f395000 	C:\Windows\SYSTEM32\profapi.dll
0x00007ff90fe20000 - 0x00007ff90fe2c000 	D:\OS\dowload easy\Java JDK\jdk-17.0.11\bin\dt_socket.dll
0x00007ff91de70000 - 0x00007ff91de9d000 	C:\Windows\SYSTEM32\IPHLPAPI.DLL
0x00007ff91e900000 - 0x00007ff91e969000 	C:\Windows\system32\mswsock.dll
0x00007ff912ec0000 - 0x00007ff912ed9000 	D:\OS\dowload easy\Java JDK\jdk-17.0.11\bin\net.dll
0x00007ff91b5b0000 - 0x00007ff91b6dc000 	C:\Windows\SYSTEM32\WINHTTP.dll
0x00007ff910f90000 - 0x00007ff910fa6000 	D:\OS\dowload easy\Java JDK\jdk-17.0.11\bin\nio.dll
0x00007ff91dea0000 - 0x00007ff91df98000 	C:\Windows\SYSTEM32\DNSAPI.dll
0x00007ff920930000 - 0x00007ff920939000 	C:\Windows\System32\NSI.dll
0x00007ff919830000 - 0x00007ff91983a000 	C:\Windows\System32\rasadhlp.dll
0x00007ff919a60000 - 0x00007ff919ae4000 	C:\Windows\System32\fwpuclnt.dll
0x00007ff910590000 - 0x00007ff91059a000 	D:\OS\dowload easy\Java JDK\jdk-17.0.11\bin\management.dll

dbghelp: loaded successfully - version: 4.0.5 - missing functions: none
symbol engine: initialized successfully - sym options: 0x614 - pdb path: .;D:\OS\dowload easy\Java JDK\jdk-17.0.11\bin;C:\Windows\SYSTEM32;C:\Windows\WinSxS\amd64_microsoft.windows.common-controls_6595b64144ccf1df_6.0.22621.6060_none_2712eda17382d24b;D:\OS\dowload easy\Java JDK\jdk-17.0.11\bin\server;C:\Users\Admin\AppData\Local\Temp\idea_libasyncProfiler_dll_temp_folder8

VM Arguments:
jvm_args: -agentlib:jdwp=transport=dt_socket,address=127.0.0.1:50773,suspend=y,server=n -javaagent:C:\Users\Admin\AppData\Local\JetBrains\IntelliJIdea2025.3\captureAgent\debugger-agent.jar=file:///C:/Users/Admin/AppData/Local/Temp/capture11576606063268659578.props -agentpath:C:\Users\Admin\AppData\Local\Temp\idea_libasyncProfiler_dll_temp_folder8\libasyncProfiler.dll=version,jfr,event=wall,interval=10ms,cstack=no,file=C:\Users\Admin\IdeaSnapshots\ReviewServiceApplication_2026_05_05_133442.jfr,dbghelppath=C:\Users\Admin\AppData\Local\Temp\idea_dbghelp_dll_temp_folder5\dbghelp.dll,log=C:\Users\Admin\AppData\Local\Temp\ReviewServiceApplication_2026_05_05_133442.jfr.log.txt,logLevel=DEBUG -XX:TieredStopAtLevel=1 -Dspring.output.ansi.enabled=always -Dcom.sun.management.jmxremote -Dspring.jmx.enabled=true -Dspring.liveBeansView.mbeanDomain -Dspring.application.admin.enabled=true -Dmanagement.endpoints.jmx.exposure.include=* -Dkotlinx.coroutines.debug.enable.creation.stack.trace=false -Ddebugger.agent.enable.coroutines=true -Dkotlinx.coroutines.debug.enable.flows.stack.trace=true -Dkotlinx.coroutines.debug.enable.mutable.state.flows.stack.trace=true -Ddebugger.async.stack.trace.for.all.threads=true -Dfile.encoding=UTF-8 
java_command: com.rideup.review_service.ReviewServiceApplication
java_class_path (initial): D:\Workspace\DuongXaChungLoi\review-service\target\classes;C:\Users\Admin\.m2\repository\org\springframework\boot\spring-boot-starter-web\3.3.4\spring-boot-starter-web-3.3.4.jar;C:\Users\Admin\.m2\repository\org\springframework\boot\spring-boot-starter\3.3.4\spring-boot-starter-3.3.4.jar;C:\Users\Admin\.m2\repository\org\springframework\boot\spring-boot\3.3.4\spring-boot-3.3.4.jar;C:\Users\Admin\.m2\repository\org\springframework\boot\spring-boot-autoconfigure\3.3.4\spring-boot-autoconfigure-3.3.4.jar;C:\Users\Admin\.m2\repository\org\springframework\boot\spring-boot-starter-logging\3.3.4\spring-boot-starter-logging-3.3.4.jar;C:\Users\Admin\.m2\repository\ch\qos\logback\logback-classic\1.5.8\logback-classic-1.5.8.jar;C:\Users\Admin\.m2\repository\ch\qos\logback\logback-core\1.5.8\logback-core-1.5.8.jar;C:\Users\Admin\.m2\repository\org\apache\logging\log4j\log4j-to-slf4j\2.23.1\log4j-to-slf4j-2.23.1.jar;C:\Users\Admin\.m2\repository\org\apache\logging\log4j\log4j-api\2.23.1\log4j-api-2.23.1.jar;C:\Users\Admin\.m2\repository\org\slf4j\jul-to-slf4j\2.0.16\jul-to-slf4j-2.0.16.jar;C:\Users\Admin\.m2\repository\jakarta\annotation\jakarta.annotation-api\2.1.1\jakarta.annotation-api-2.1.1.jar;C:\Users\Admin\.m2\repository\org\yaml\snakeyaml\2.2\snakeyaml-2.2.jar;C:\Users\Admin\.m2\repository\org\springframework\boot\spring-boot-starter-json\3.3.4\spring-boot-starter-json-3.3.4.jar;C:\Users\Admin\.m2\repository\com\fasterxml\jackson\datatype\jackson-datatype-jdk8\2.17.2\jackson-datatype-jdk8-2.17.2.jar;C:\Users\Admin\.m2\repository\com\fasterxml\jackson\module\jackson-module-parameter-names\2.17.2\jackson-module-parameter-names-2.17.2.jar;C:\Users\Admin\.m2\repository\org\springframework\boot\spring-boot-starter-tomcat\3.3.4\spring-boot-starter-tomcat-3.3.4.jar;C:\Users\Admin\.m2\repository\org\apache\tomcat\embed\tomcat-embed-core\10.1.30\tomcat-embed-core-10.1.30.jar;C:\Users\Admin\.m2\repository\org\apache\tomcat\embed\tomcat-embed-websocket\
Launcher Type: SUN_STANDARD

[Global flags]
     intx CICompilerCount                          = 4                                         {product} {ergonomic}
     uint ConcGCThreads                            = 3                                         {product} {ergonomic}
     uint G1ConcRefinementThreads                  = 10                                        {product} {ergonomic}
   size_t G1HeapRegionSize                         = 2097152                                   {product} {ergonomic}
    uintx GCDrainStackTargetSize                   = 64                                        {product} {ergonomic}
   size_t InitialHeapSize                          = 257949696                                 {product} {ergonomic}
     bool ManagementServer                         = true                                      {product} {command line}
   size_t MarkStackSize                            = 4194304                                   {product} {ergonomic}
   size_t MaxHeapSize                              = 4123000832                                {product} {ergonomic}
   size_t MaxNewSize                               = 2472542208                                {product} {ergonomic}
   size_t MinHeapDeltaBytes                        = 2097152                                   {product} {ergonomic}
   size_t MinHeapSize                              = 8388608                                   {product} {ergonomic}
    uintx NonProfiledCodeHeapSize                  = 0                                      {pd product} {ergonomic}
     bool ProfileInterpreter                       = false                                  {pd product} {command line}
    uintx ProfiledCodeHeapSize                     = 0                                      {pd product} {ergonomic}
   size_t SoftMaxHeapSize                          = 4123000832                             {manageable} {ergonomic}
     intx TieredStopAtLevel                        = 1                                         {product} {command line}
     bool UseCompressedClassPointers               = true                           {product lp64_product} {ergonomic}
     bool UseCompressedOops                        = true                           {product lp64_product} {ergonomic}
     bool UseG1GC                                  = true                                      {product} {ergonomic}
     bool UseLargePagesIndividualAllocation        = false                                  {pd product} {ergonomic}

Logging:
Log output configuration:
 #0: stdout all=warning uptime,level,tags
 #1: stderr all=off uptime,level,tags

Environment Variables:
JAVA_HOME=D:\OS\dowload easy\Java JDK\jdk-17.0.11
PATH=C:\Windows\system32;C:\Windows;C:\Windows\System32\Wbem;C:\Windows\System32\WindowsPowerShell\v1.0\;C:\Windows\System32\OpenSSH\;C:\Program Files\Git\cmd;D:\OS\dowload easy\Java JDK\jdk-17.0.11\bin;D:\OS\dowload easy\apache-maven-3.8.5\bin;C:\Users\Admin\AppData\Local\nvm;C:\nvm4w\nodejs;C:\Program Files\Docker\Docker\resources\bin;C:\Program Files\MySQL\MySQL Shell 8.0\bin\;C:\Users\Admin\.local\bin;C:\Users\Admin\AppData\Local\Microsoft\WindowsApps;C:\Program Files\JetBrains\DataGrip 2025.3.5\bin;C:\Users\Admin\AppData\Local\Programs\Microsoft VS Code\bin;C:\Users\Admin\AppData\Local\GitHubDesktop\bin;C:\Users\Admin\AppData\Local\nvm;C:\nvm4w\nodejs;C:\Users\Admin\AppData\Local\Python\bin;D:\Data\Antigravity\bin
USERNAME=Admin
OS=Windows_NT
PROCESSOR_IDENTIFIER=AMD64 Family 25 Model 80 Stepping 0, AuthenticAMD



---------------  S Y S T E M  ---------------

OS:
 Windows 11 , 64 bit Build 22621 (10.0.22621.5415)
OS uptime: 0 days 2:46 hours
Hyper-V role detected

CPU: total 12 (initial active 12) (12 cores per cpu, 2 threads per core) family 25 model 80 stepping 0 microcode 0x0, cx8, cmov, fxsr, ht, mmx, 3dnowpref, sse, sse2, sse3, ssse3, sse4a, sse4.1, sse4.2, popcnt, lzcnt, tsc, tscinvbit, avx, avx2, aes, erms, clmul, bmi1, bmi2, adx, sha, fma, vzeroupper, clflush, clflushopt, hv

Memory: 4k page, system-wide physical 15720M (318M free)
TotalPageFile size 32653M (AvailPageFile size 34M)
current process WorkingSet (physical memory assigned to process): 62M, peak: 62M
current process commit charge ("private bytes"): 358M, peak: 358M

vm_info: Java HotSpot(TM) 64-Bit Server VM (17.0.11+7-LTS-207) for windows-amd64 JRE (17.0.11+7-LTS-207), built on Mar 11 2024 19:01:50 by "mach5one" with MS VC++ 17.6 (VS2022)

END.
